<?xml version="1.0" encoding="ISO-8859-1" ?>
<link_info>
   <banner>TI ARM Linker PC v20.2.7.LTS</banner>
   <copyright>Copyright (c) 1996-2018 Texas Instruments Incorporated</copyright>
   <link_time>0x661ec971</link_time>
   <link_errors>0x0</link_errors>
   <output_file>ECE1188_DesignChallenge_2.out</output_file>
   <entry_point>
      <name>_c_int00_noargs</name>
      <address>0x1c2a1</address>
   </entry_point>
   <input_file_list>
      <input_file id="fl-2">
         <path>.\</path>
         <kind>object</kind>
         <file>Bump.obj</file>
         <name>Bump.obj</name>
      </input_file>
      <input_file id="fl-3">
         <path>.\</path>
         <kind>object</kind>
         <file>Clock.obj</file>
         <name>Clock.obj</name>
      </input_file>
      <input_file id="fl-4">
         <path>.\</path>
         <kind>object</kind>
         <file>CortexM.obj</file>
         <name>CortexM.obj</name>
      </input_file>
      <input_file id="fl-5">
         <path>.\</path>
         <kind>object</kind>
         <file>FFT.obj</file>
         <name>FFT.obj</name>
      </input_file>
      <input_file id="fl-6">
         <path>.\</path>
         <kind>object</kind>
         <file>I2CB1.obj</file>
         <name>I2CB1.obj</name>
      </input_file>
      <input_file id="fl-7">
         <path>.\</path>
         <kind>object</kind>
         <file>LPF.obj</file>
         <name>LPF.obj</name>
      </input_file>
      <input_file id="fl-8">
         <path>.\</path>
         <kind>object</kind>
         <file>Lab21_OPT3101_TestMain.obj</file>
         <name>Lab21_OPT3101_TestMain.obj</name>
      </input_file>
      <input_file id="fl-9">
         <path>.\</path>
         <kind>object</kind>
         <file>LaunchPad.obj</file>
         <name>LaunchPad.obj</name>
      </input_file>
      <input_file id="fl-a">
         <path>.\</path>
         <kind>object</kind>
         <file>Motor.obj</file>
         <name>Motor.obj</name>
      </input_file>
      <input_file id="fl-b">
         <path>.\</path>
         <kind>object</kind>
         <file>SSD1306.obj</file>
         <name>SSD1306.obj</name>
      </input_file>
      <input_file id="fl-c">
         <path>.\</path>
         <kind>object</kind>
         <file>UART0.obj</file>
         <name>UART0.obj</name>
      </input_file>
      <input_file id="fl-d">
         <path>.\</path>
         <kind>object</kind>
         <file>opt3101.obj</file>
         <name>opt3101.obj</name>
      </input_file>
      <input_file id="fl-e">
         <path>.\</path>
         <kind>object</kind>
         <file>startup_msp432p401r_ccs.obj</file>
         <name>startup_msp432p401r_ccs.obj</name>
      </input_file>
      <input_file id="fl-f">
         <path>.\</path>
         <kind>object</kind>
         <file>system_msp432p401r.obj</file>
         <name>system_msp432p401r.obj</name>
      </input_file>
      <input_file id="fl-13">
         <kind>object</kind>
         <file>&lt;internal&gt;</file>
         <name>&lt;internal&gt;</name>
      </input_file>
      <input_file id="fl-c9">
         <path>C:\ti\ccs1260\ccs\tools\compiler\ti-cgt-arm_20.2.7.LTS\lib\</path>
         <kind>archive</kind>
         <file>rtsv7M4_T_le_v4SPD16_eabi.lib</file>
         <name>e_sqrt.c.obj</name>
      </input_file>
      <input_file id="fl-ca">
         <path>C:\ti\ccs1260\ccs\tools\compiler\ti-cgt-arm_20.2.7.LTS\lib\</path>
         <kind>archive</kind>
         <file>rtsv7M4_T_le_v4SPD16_eabi.lib</file>
         <name>fopen.c.obj</name>
      </input_file>
      <input_file id="fl-cb">
         <path>C:\ti\ccs1260\ccs\tools\compiler\ti-cgt-arm_20.2.7.LTS\lib\</path>
         <kind>archive</kind>
         <file>rtsv7M4_T_le_v4SPD16_eabi.lib</file>
         <name>setvbuf.c.obj</name>
      </input_file>
      <input_file id="fl-cc">
         <path>C:\ti\ccs1260\ccs\tools\compiler\ti-cgt-arm_20.2.7.LTS\lib\</path>
         <kind>archive</kind>
         <file>rtsv7M4_T_le_v4SPD16_eabi.lib</file>
         <name>fd_add_t2.asm.obj</name>
      </input_file>
      <input_file id="fl-cd">
         <path>C:\ti\ccs1260\ccs\tools\compiler\ti-cgt-arm_20.2.7.LTS\lib\</path>
         <kind>archive</kind>
         <file>rtsv7M4_T_le_v4SPD16_eabi.lib</file>
         <name>fd_div_t2.asm.obj</name>
      </input_file>
      <input_file id="fl-ce">
         <path>C:\ti\ccs1260\ccs\tools\compiler\ti-cgt-arm_20.2.7.LTS\lib\</path>
         <kind>archive</kind>
         <file>rtsv7M4_T_le_v4SPD16_eabi.lib</file>
         <name>fd_mul_t2.asm.obj</name>
      </input_file>
      <input_file id="fl-cf">
         <path>C:\ti\ccs1260\ccs\tools\compiler\ti-cgt-arm_20.2.7.LTS\lib\</path>
         <kind>archive</kind>
         <file>rtsv7M4_T_le_v4SPD16_eabi.lib</file>
         <name>fd_toi_t2.asm.obj</name>
      </input_file>
      <input_file id="fl-d0">
         <path>C:\ti\ccs1260\ccs\tools\compiler\ti-cgt-arm_20.2.7.LTS\lib\</path>
         <kind>archive</kind>
         <file>rtsv7M4_T_le_v4SPD16_eabi.lib</file>
         <name>fd_tou_t2.asm.obj</name>
      </input_file>
      <input_file id="fl-d1">
         <path>C:\ti\ccs1260\ccs\tools\compiler\ti-cgt-arm_20.2.7.LTS\lib\</path>
         <kind>archive</kind>
         <file>rtsv7M4_T_le_v4SPD16_eabi.lib</file>
         <name>fs_tod_t2.asm.obj</name>
      </input_file>
      <input_file id="fl-d2">
         <path>C:\ti\ccs1260\ccs\tools\compiler\ti-cgt-arm_20.2.7.LTS\lib\</path>
         <kind>archive</kind>
         <file>rtsv7M4_T_le_v4SPD16_eabi.lib</file>
         <name>u_tofd_t2.asm.obj</name>
      </input_file>
      <input_file id="fl-d3">
         <path>C:\ti\ccs1260\ccs\tools\compiler\ti-cgt-arm_20.2.7.LTS\lib\</path>
         <kind>archive</kind>
         <file>rtsv7M4_T_le_v4SPD16_eabi.lib</file>
         <name>memset_t2.asm.obj</name>
      </input_file>
      <input_file id="fl-d4">
         <path>C:\ti\ccs1260\ccs\tools\compiler\ti-cgt-arm_20.2.7.LTS\lib\</path>
         <kind>archive</kind>
         <file>rtsv7M4_T_le_v4SPD16_eabi.lib</file>
         <name>copy_zero_init.c.obj</name>
      </input_file>
      <input_file id="fl-d5">
         <path>C:\ti\ccs1260\ccs\tools\compiler\ti-cgt-arm_20.2.7.LTS\lib\</path>
         <kind>archive</kind>
         <file>rtsv7M4_T_le_v4SPD16_eabi.lib</file>
         <name>copy_decompress_none.c.obj</name>
      </input_file>
      <input_file id="fl-d6">
         <path>C:\ti\ccs1260\ccs\tools\compiler\ti-cgt-arm_20.2.7.LTS\lib\</path>
         <kind>archive</kind>
         <file>rtsv7M4_T_le_v4SPD16_eabi.lib</file>
         <name>copy_decompress_lzss.c.obj</name>
      </input_file>
      <input_file id="fl-d7">
         <path>C:\ti\ccs1260\ccs\tools\compiler\ti-cgt-arm_20.2.7.LTS\lib\</path>
         <kind>archive</kind>
         <file>rtsv7M4_T_le_v4SPD16_eabi.lib</file>
         <name>exit.c.obj</name>
      </input_file>
      <input_file id="fl-d8">
         <path>C:\ti\ccs1260\ccs\tools\compiler\ti-cgt-arm_20.2.7.LTS\lib\</path>
         <kind>archive</kind>
         <file>rtsv7M4_T_le_v4SPD16_eabi.lib</file>
         <name>_lock.c.obj</name>
      </input_file>
      <input_file id="fl-d9">
         <path>C:\ti\ccs1260\ccs\tools\compiler\ti-cgt-arm_20.2.7.LTS\lib\</path>
         <kind>archive</kind>
         <file>rtsv7M4_T_le_v4SPD16_eabi.lib</file>
         <name>defs.c.obj</name>
      </input_file>
      <input_file id="fl-da">
         <path>C:\ti\ccs1260\ccs\tools\compiler\ti-cgt-arm_20.2.7.LTS\lib\</path>
         <kind>archive</kind>
         <file>rtsv7M4_T_le_v4SPD16_eabi.lib</file>
         <name>memory.c.obj</name>
      </input_file>
      <input_file id="fl-db">
         <path>C:\ti\ccs1260\ccs\tools\compiler\ti-cgt-arm_20.2.7.LTS\lib\</path>
         <kind>archive</kind>
         <file>rtsv7M4_T_le_v4SPD16_eabi.lib</file>
         <name>boot_cortex_m.c.obj</name>
      </input_file>
      <input_file id="fl-dc">
         <path>C:\ti\ccs1260\ccs\tools\compiler\ti-cgt-arm_20.2.7.LTS\lib\</path>
         <kind>archive</kind>
         <file>rtsv7M4_T_le_v4SPD16_eabi.lib</file>
         <name>open.c.obj</name>
      </input_file>
      <input_file id="fl-dd">
         <path>C:\ti\ccs1260\ccs\tools\compiler\ti-cgt-arm_20.2.7.LTS\lib\</path>
         <kind>archive</kind>
         <file>rtsv7M4_T_le_v4SPD16_eabi.lib</file>
         <name>add_device.c.obj</name>
      </input_file>
      <input_file id="fl-de">
         <path>C:\ti\ccs1260\ccs\tools\compiler\ti-cgt-arm_20.2.7.LTS\lib\</path>
         <kind>archive</kind>
         <file>rtsv7M4_T_le_v4SPD16_eabi.lib</file>
         <name>errno.c.obj</name>
      </input_file>
      <input_file id="fl-df">
         <path>C:\ti\ccs1260\ccs\tools\compiler\ti-cgt-arm_20.2.7.LTS\lib\</path>
         <kind>archive</kind>
         <file>rtsv7M4_T_le_v4SPD16_eabi.lib</file>
         <name>fclose.c.obj</name>
      </input_file>
      <input_file id="fl-e0">
         <path>C:\ti\ccs1260\ccs\tools\compiler\ti-cgt-arm_20.2.7.LTS\lib\</path>
         <kind>archive</kind>
         <file>rtsv7M4_T_le_v4SPD16_eabi.lib</file>
         <name>fflush.c.obj</name>
      </input_file>
      <input_file id="fl-e1">
         <path>C:\ti\ccs1260\ccs\tools\compiler\ti-cgt-arm_20.2.7.LTS\lib\</path>
         <kind>archive</kind>
         <file>rtsv7M4_T_le_v4SPD16_eabi.lib</file>
         <name>getdevice.c.obj</name>
      </input_file>
      <input_file id="fl-e2">
         <path>C:\ti\ccs1260\ccs\tools\compiler\ti-cgt-arm_20.2.7.LTS\lib\</path>
         <kind>archive</kind>
         <file>rtsv7M4_T_le_v4SPD16_eabi.lib</file>
         <name>memcpy_t2.asm.obj</name>
      </input_file>
      <input_file id="fl-e3">
         <path>C:\ti\ccs1260\ccs\tools\compiler\ti-cgt-arm_20.2.7.LTS\lib\</path>
         <kind>archive</kind>
         <file>rtsv7M4_T_le_v4SPD16_eabi.lib</file>
         <name>autoinit.c.obj</name>
      </input_file>
      <input_file id="fl-e4">
         <path>C:\ti\ccs1260\ccs\tools\compiler\ti-cgt-arm_20.2.7.LTS\lib\</path>
         <kind>archive</kind>
         <file>rtsv7M4_T_le_v4SPD16_eabi.lib</file>
         <name>pre_init.c.obj</name>
      </input_file>
      <input_file id="fl-e5">
         <path>C:\ti\ccs1260\ccs\tools\compiler\ti-cgt-arm_20.2.7.LTS\lib\</path>
         <kind>archive</kind>
         <file>rtsv7M4_T_le_v4SPD16_eabi.lib</file>
         <name>cpy_tbl.c.obj</name>
      </input_file>
      <input_file id="fl-e6">
         <path>C:\ti\ccs1260\ccs\tools\compiler\ti-cgt-arm_20.2.7.LTS\lib\</path>
         <kind>archive</kind>
         <file>rtsv7M4_T_le_v4SPD16_eabi.lib</file>
         <name>args_main.c.obj</name>
      </input_file>
      <input_file id="fl-e7">
         <path>C:\ti\ccs1260\ccs\tools\compiler\ti-cgt-arm_20.2.7.LTS\lib\</path>
         <kind>archive</kind>
         <file>rtsv7M4_T_le_v4SPD16_eabi.lib</file>
         <name>strchr.c.obj</name>
      </input_file>
      <input_file id="fl-e8">
         <path>C:\ti\ccs1260\ccs\tools\compiler\ti-cgt-arm_20.2.7.LTS\lib\</path>
         <kind>archive</kind>
         <file>rtsv7M4_T_le_v4SPD16_eabi.lib</file>
         <name>strcmp.c.obj</name>
      </input_file>
      <input_file id="fl-e9">
         <path>C:\ti\ccs1260\ccs\tools\compiler\ti-cgt-arm_20.2.7.LTS\lib\</path>
         <kind>archive</kind>
         <file>rtsv7M4_T_le_v4SPD16_eabi.lib</file>
         <name>strncpy.c.obj</name>
      </input_file>
      <input_file id="fl-ea">
         <path>C:\ti\ccs1260\ccs\tools\compiler\ti-cgt-arm_20.2.7.LTS\lib\</path>
         <kind>archive</kind>
         <file>rtsv7M4_T_le_v4SPD16_eabi.lib</file>
         <name>write.c.obj</name>
      </input_file>
      <input_file id="fl-eb">
         <path>C:\ti\ccs1260\ccs\tools\compiler\ti-cgt-arm_20.2.7.LTS\lib\</path>
         <kind>archive</kind>
         <file>rtsv7M4_T_le_v4SPD16_eabi.lib</file>
         <name>host_device.c.obj</name>
      </input_file>
      <input_file id="fl-ec">
         <path>C:\ti\ccs1260\ccs\tools\compiler\ti-cgt-arm_20.2.7.LTS\lib\</path>
         <kind>archive</kind>
         <file>rtsv7M4_T_le_v4SPD16_eabi.lib</file>
         <name>remove.c.obj</name>
      </input_file>
      <input_file id="fl-ed">
         <path>C:\ti\ccs1260\ccs\tools\compiler\ti-cgt-arm_20.2.7.LTS\lib\</path>
         <kind>archive</kind>
         <file>rtsv7M4_T_le_v4SPD16_eabi.lib</file>
         <name>close.c.obj</name>
      </input_file>
      <input_file id="fl-ee">
         <path>C:\ti\ccs1260\ccs\tools\compiler\ti-cgt-arm_20.2.7.LTS\lib\</path>
         <kind>archive</kind>
         <file>rtsv7M4_T_le_v4SPD16_eabi.lib</file>
         <name>unlink.c.obj</name>
      </input_file>
      <input_file id="fl-ef">
         <path>C:\ti\ccs1260\ccs\tools\compiler\ti-cgt-arm_20.2.7.LTS\lib\</path>
         <kind>archive</kind>
         <file>rtsv7M4_T_le_v4SPD16_eabi.lib</file>
         <name>hostclose.c.obj</name>
      </input_file>
      <input_file id="fl-f0">
         <path>C:\ti\ccs1260\ccs\tools\compiler\ti-cgt-arm_20.2.7.LTS\lib\</path>
         <kind>archive</kind>
         <file>rtsv7M4_T_le_v4SPD16_eabi.lib</file>
         <name>hostlseek.c.obj</name>
      </input_file>
      <input_file id="fl-f1">
         <path>C:\ti\ccs1260\ccs\tools\compiler\ti-cgt-arm_20.2.7.LTS\lib\</path>
         <kind>archive</kind>
         <file>rtsv7M4_T_le_v4SPD16_eabi.lib</file>
         <name>hostopen.c.obj</name>
      </input_file>
      <input_file id="fl-f2">
         <path>C:\ti\ccs1260\ccs\tools\compiler\ti-cgt-arm_20.2.7.LTS\lib\</path>
         <kind>archive</kind>
         <file>rtsv7M4_T_le_v4SPD16_eabi.lib</file>
         <name>hostread.c.obj</name>
      </input_file>
      <input_file id="fl-f3">
         <path>C:\ti\ccs1260\ccs\tools\compiler\ti-cgt-arm_20.2.7.LTS\lib\</path>
         <kind>archive</kind>
         <file>rtsv7M4_T_le_v4SPD16_eabi.lib</file>
         <name>hostrename.c.obj</name>
      </input_file>
      <input_file id="fl-f4">
         <path>C:\ti\ccs1260\ccs\tools\compiler\ti-cgt-arm_20.2.7.LTS\lib\</path>
         <kind>archive</kind>
         <file>rtsv7M4_T_le_v4SPD16_eabi.lib</file>
         <name>hostunlink.c.obj</name>
      </input_file>
      <input_file id="fl-f5">
         <path>C:\ti\ccs1260\ccs\tools\compiler\ti-cgt-arm_20.2.7.LTS\lib\</path>
         <kind>archive</kind>
         <file>rtsv7M4_T_le_v4SPD16_eabi.lib</file>
         <name>hostwrite.c.obj</name>
      </input_file>
      <input_file id="fl-f6">
         <path>C:\ti\ccs1260\ccs\tools\compiler\ti-cgt-arm_20.2.7.LTS\lib\</path>
         <kind>archive</kind>
         <file>rtsv7M4_T_le_v4SPD16_eabi.lib</file>
         <name>trgmsg.c.obj</name>
      </input_file>
      <input_file id="fl-f7">
         <path>C:\ti\ccs1260\ccs\tools\compiler\ti-cgt-arm_20.2.7.LTS\lib\</path>
         <kind>archive</kind>
         <file>rtsv7M4_T_le_v4SPD16_eabi.lib</file>
         <name>strcpy.c.obj</name>
      </input_file>
      <input_file id="fl-f8">
         <path>C:\ti\ccs1260\ccs\tools\compiler\ti-cgt-arm_20.2.7.LTS\lib\</path>
         <kind>archive</kind>
         <file>rtsv7M4_T_le_v4SPD16_eabi.lib</file>
         <name>strlen.c.obj</name>
      </input_file>
   </input_file_list>
   <object_component_list>
      <object_component id="oc-26">
         <name>.intvecs:retain</name>
         <load_address>0x0</load_address>
         <run_address>0x0</run_address>
         <size>0xe4</size>
         <input_file_ref idref="fl-e"/>
      </object_component>
      <object_component id="oc-a6">
         <name>.text</name>
         <load_address>0x16304</load_address>
         <run_address>0x16304</run_address>
         <size>0x16bc</size>
         <input_file_ref idref="fl-8"/>
      </object_component>
      <object_component id="oc-109">
         <name>.text</name>
         <load_address>0x179c0</load_address>
         <run_address>0x179c0</run_address>
         <size>0x1340</size>
         <input_file_ref idref="fl-b"/>
      </object_component>
      <object_component id="oc-124">
         <name>.text</name>
         <load_address>0x18d00</load_address>
         <run_address>0x18d00</run_address>
         <size>0x6e0</size>
         <input_file_ref idref="fl-c"/>
      </object_component>
      <object_component id="oc-115">
         <name>.text</name>
         <load_address>0x193e0</load_address>
         <run_address>0x193e0</run_address>
         <size>0x5d0</size>
         <input_file_ref idref="fl-7"/>
      </object_component>
      <object_component id="oc-76">
         <name>.text</name>
         <load_address>0x199b0</load_address>
         <run_address>0x199b0</run_address>
         <size>0x51c</size>
         <input_file_ref idref="fl-d"/>
      </object_component>
      <object_component id="oc-158">
         <name>.text</name>
         <load_address>0x19ecc</load_address>
         <run_address>0x19ecc</run_address>
         <size>0x3dc</size>
         <input_file_ref idref="fl-5"/>
      </object_component>
      <object_component id="oc-c8">
         <name>.text</name>
         <load_address>0x1a2a8</load_address>
         <run_address>0x1a2a8</run_address>
         <size>0x3a4</size>
         <input_file_ref idref="fl-6"/>
      </object_component>
      <object_component id="oc-b8">
         <name>.text</name>
         <load_address>0x1a64c</load_address>
         <run_address>0x1a64c</run_address>
         <size>0x334</size>
         <input_file_ref idref="fl-f"/>
      </object_component>
      <object_component id="oc-146">
         <name>.text</name>
         <load_address>0x1a980</load_address>
         <run_address>0x1a980</run_address>
         <size>0x244</size>
         <input_file_ref idref="fl-a"/>
      </object_component>
      <object_component id="oc-ce">
         <name>.text</name>
         <load_address>0x1abc4</load_address>
         <run_address>0x1abc4</run_address>
         <size>0x1e0</size>
         <input_file_ref idref="fl-3"/>
      </object_component>
      <object_component id="oc-256">
         <name>.text</name>
         <load_address>0x1ada4</load_address>
         <run_address>0x1ada4</run_address>
         <size>0x1b6</size>
         <input_file_ref idref="fl-cc"/>
      </object_component>
      <object_component id="oc-328">
         <name>.text:_nop</name>
         <load_address>0x1af5a</load_address>
         <run_address>0x1af5a</run_address>
         <size>0x2</size>
         <input_file_ref idref="fl-d8"/>
      </object_component>
      <object_component id="oc-135">
         <name>.text:sqrt</name>
         <load_address>0x1af5c</load_address>
         <run_address>0x1af5c</run_address>
         <size>0x158</size>
         <input_file_ref idref="fl-c9"/>
      </object_component>
      <object_component id="oc-168">
         <name>.text</name>
         <load_address>0x1b0b4</load_address>
         <run_address>0x1b0b4</run_address>
         <size>0x136</size>
         <input_file_ref idref="fl-cd"/>
      </object_component>
      <object_component id="oc-2e3">
         <name>.text:_openfile</name>
         <load_address>0x1b1ec</load_address>
         <run_address>0x1b1ec</run_address>
         <size>0x110</size>
         <input_file_ref idref="fl-ca"/>
      </object_component>
      <object_component id="oc-3bc">
         <name>.text:aligned_alloc</name>
         <load_address>0x1b2fc</load_address>
         <run_address>0x1b2fc</run_address>
         <size>0x100</size>
         <input_file_ref idref="fl-da"/>
      </object_component>
      <object_component id="oc-70">
         <name>.text</name>
         <load_address>0x1b3fc</load_address>
         <run_address>0x1b3fc</run_address>
         <size>0xfc</size>
         <input_file_ref idref="fl-2"/>
      </object_component>
      <object_component id="oc-163">
         <name>.text</name>
         <load_address>0x1b4f8</load_address>
         <run_address>0x1b4f8</run_address>
         <size>0xfc</size>
         <input_file_ref idref="fl-ce"/>
      </object_component>
      <object_component id="oc-12a">
         <name>.text</name>
         <load_address>0x1b5f4</load_address>
         <run_address>0x1b5f4</run_address>
         <size>0xf8</size>
         <input_file_ref idref="fl-9"/>
      </object_component>
      <object_component id="oc-2f6">
         <name>.text:free</name>
         <load_address>0x1b6ec</load_address>
         <run_address>0x1b6ec</run_address>
         <size>0xe4</size>
         <input_file_ref idref="fl-da"/>
      </object_component>
      <object_component id="oc-245">
         <name>.text:setvbuf</name>
         <load_address>0x1b7d0</load_address>
         <run_address>0x1b7d0</run_address>
         <size>0xdc</size>
         <input_file_ref idref="fl-cb"/>
      </object_component>
      <object_component id="oc-38a">
         <name>.text:open</name>
         <load_address>0x1b8ac</load_address>
         <run_address>0x1b8ac</run_address>
         <size>0xbc</size>
         <input_file_ref idref="fl-dc"/>
      </object_component>
      <object_component id="oc-233">
         <name>.text:add_device</name>
         <load_address>0x1b968</load_address>
         <run_address>0x1b968</run_address>
         <size>0xb8</size>
         <input_file_ref idref="fl-dd"/>
      </object_component>
      <object_component id="oc-239">
         <name>.text:fopen</name>
         <load_address>0x1ba20</load_address>
         <run_address>0x1ba20</run_address>
         <size>0x9c</size>
         <input_file_ref idref="fl-ca"/>
      </object_component>
      <object_component id="oc-3a">
         <name>.text</name>
         <load_address>0x1babc</load_address>
         <run_address>0x1babc</run_address>
         <size>0x9c</size>
         <input_file_ref idref="fl-e2"/>
      </object_component>
      <object_component id="oc-9a">
         <name>.text</name>
         <load_address>0x1bb58</load_address>
         <run_address>0x1bb58</run_address>
         <size>0x7a</size>
         <input_file_ref idref="fl-d3"/>
      </object_component>
      <object_component id="oc-2ef">
         <name>.text:__TI_closefile</name>
         <load_address>0x1bbd4</load_address>
         <run_address>0x1bbd4</run_address>
         <size>0x74</size>
         <input_file_ref idref="fl-df"/>
      </object_component>
      <object_component id="oc-42f">
         <name>.text:split</name>
         <load_address>0x1bc48</load_address>
         <run_address>0x1bc48</run_address>
         <size>0x70</size>
         <input_file_ref idref="fl-da"/>
      </object_component>
      <object_component id="oc-375">
         <name>.text:HOSTrename</name>
         <load_address>0x1bcb8</load_address>
         <run_address>0x1bcb8</run_address>
         <size>0x6c</size>
         <input_file_ref idref="fl-f3"/>
      </object_component>
      <object_component id="oc-369">
         <name>.text:HOSTlseek</name>
         <load_address>0x1bd24</load_address>
         <run_address>0x1bd24</run_address>
         <size>0x68</size>
         <input_file_ref idref="fl-f0"/>
      </object_component>
      <object_component id="oc-17">
         <name>.text:decompress:lzss:__TI_decompress_lzss</name>
         <load_address>0x1bd8c</load_address>
         <run_address>0x1bd8c</run_address>
         <size>0x68</size>
         <input_file_ref idref="fl-d6"/>
      </object_component>
      <object_component id="oc-351">
         <name>.text:HOSTopen</name>
         <load_address>0x1bdf4</load_address>
         <run_address>0x1bdf4</run_address>
         <size>0x60</size>
         <input_file_ref idref="fl-f1"/>
      </object_component>
      <object_component id="oc-3a0">
         <name>.text:close</name>
         <load_address>0x1be54</load_address>
         <run_address>0x1be54</run_address>
         <size>0x5c</size>
         <input_file_ref idref="fl-ed"/>
      </object_component>
      <object_component id="oc-35d">
         <name>.text:HOSTread</name>
         <load_address>0x1beb0</load_address>
         <run_address>0x1beb0</run_address>
         <size>0x58</size>
         <input_file_ref idref="fl-f2"/>
      </object_component>
      <object_component id="oc-363">
         <name>.text:HOSTwrite</name>
         <load_address>0x1bf08</load_address>
         <run_address>0x1bf08</run_address>
         <size>0x58</size>
         <input_file_ref idref="fl-f5"/>
      </object_component>
      <object_component id="oc-39a">
         <name>.text:__TI_doflush</name>
         <load_address>0x1bf60</load_address>
         <run_address>0x1bf60</run_address>
         <size>0x4c</size>
         <input_file_ref idref="fl-e0"/>
      </object_component>
      <object_component id="oc-17b">
         <name>.text:exit</name>
         <load_address>0x1bfac</load_address>
         <run_address>0x1bfac</run_address>
         <size>0x48</size>
         <input_file_ref idref="fl-d7"/>
      </object_component>
      <object_component id="oc-16d">
         <name>.text</name>
         <load_address>0x1bff4</load_address>
         <run_address>0x1bff4</run_address>
         <size>0x48</size>
         <input_file_ref idref="fl-cf"/>
      </object_component>
      <object_component id="oc-357">
         <name>.text:HOSTclose</name>
         <load_address>0x1c03c</load_address>
         <run_address>0x1c03c</run_address>
         <size>0x44</size>
         <input_file_ref idref="fl-ef"/>
      </object_component>
      <object_component id="oc-36f">
         <name>.text:HOSTunlink</name>
         <load_address>0x1c080</load_address>
         <run_address>0x1c080</run_address>
         <size>0x44</size>
         <input_file_ref idref="fl-f4"/>
      </object_component>
      <object_component id="oc-181">
         <name>.text:__TI_auto_init_nobinit_nopinit:__TI_auto_init_nobinit_nopinit</name>
         <load_address>0x1c0c4</load_address>
         <run_address>0x1c0c4</run_address>
         <size>0x44</size>
         <input_file_ref idref="fl-e3"/>
      </object_component>
      <object_component id="oc-410">
         <name>.text:getdevice</name>
         <load_address>0x1c108</load_address>
         <run_address>0x1c108</run_address>
         <size>0x44</size>
         <input_file_ref idref="fl-e1"/>
      </object_component>
      <object_component id="oc-13b">
         <name>.text</name>
         <load_address>0x1c14c</load_address>
         <run_address>0x1c14c</run_address>
         <size>0x44</size>
         <input_file_ref idref="fl-d0"/>
      </object_component>
      <object_component id="oc-3e7">
         <name>.text:__TI_writemsg</name>
         <load_address>0x1c190</load_address>
         <run_address>0x1c190</run_address>
         <size>0x38</size>
         <input_file_ref idref="fl-f6"/>
      </object_component>
      <object_component id="oc-15e">
         <name>.text</name>
         <load_address>0x1c1c8</load_address>
         <run_address>0x1c1c8</run_address>
         <size>0x38</size>
         <input_file_ref idref="fl-d1"/>
      </object_component>
      <object_component id="oc-2d7">
         <name>.text:strncpy</name>
         <load_address>0x1c200</load_address>
         <run_address>0x1c200</run_address>
         <size>0x36</size>
         <input_file_ref idref="fl-e9"/>
      </object_component>
      <object_component id="oc-302">
         <name>.text:__TI_cleanup</name>
         <load_address>0x1c238</load_address>
         <run_address>0x1c238</run_address>
         <size>0x34</size>
         <input_file_ref idref="fl-ca"/>
      </object_component>
      <object_component id="oc-3ed">
         <name>.text:__TI_readmsg</name>
         <load_address>0x1c26c</load_address>
         <run_address>0x1c26c</run_address>
         <size>0x34</size>
         <input_file_ref idref="fl-f6"/>
      </object_component>
      <object_component id="oc-58">
         <name>.text:_c_int00_noargs:_c_int00_noargs</name>
         <load_address>0x1c2a0</load_address>
         <run_address>0x1c2a0</run_address>
         <size>0x34</size>
         <input_file_ref idref="fl-db"/>
      </object_component>
      <object_component id="oc-23f">
         <name>.text:freopen</name>
         <load_address>0x1c2d4</load_address>
         <run_address>0x1c2d4</run_address>
         <size>0x34</size>
         <input_file_ref idref="fl-ca"/>
      </object_component>
      <object_component id="oc-2d1">
         <name>.text:finddevice</name>
         <load_address>0x1c308</load_address>
         <run_address>0x1c308</run_address>
         <size>0x30</size>
         <input_file_ref idref="fl-e1"/>
      </object_component>
      <object_component id="oc-3a6">
         <name>.text:unlink</name>
         <load_address>0x1c338</load_address>
         <run_address>0x1c338</run_address>
         <size>0x2c</size>
         <input_file_ref idref="fl-ee"/>
      </object_component>
      <object_component id="oc-3b5">
         <name>.text:free_list_insert</name>
         <load_address>0x1c364</load_address>
         <run_address>0x1c364</run_address>
         <size>0x28</size>
         <input_file_ref idref="fl-da"/>
      </object_component>
      <object_component id="oc-41c">
         <name>.text:write</name>
         <load_address>0x1c38c</load_address>
         <run_address>0x1c38c</run_address>
         <size>0x28</size>
         <input_file_ref idref="fl-ea"/>
      </object_component>
      <object_component id="oc-10f">
         <name>.text</name>
         <load_address>0x1c3b4</load_address>
         <run_address>0x1c3b4</run_address>
         <size>0x24</size>
         <input_file_ref idref="fl-4"/>
      </object_component>
      <object_component id="oc-130">
         <name>.text</name>
         <load_address>0x1c3d8</load_address>
         <run_address>0x1c3d8</run_address>
         <size>0x20</size>
         <input_file_ref idref="fl-d2"/>
      </object_component>
      <object_component id="oc-3af">
         <name>.text:free_list_remove</name>
         <load_address>0x1c3f8</load_address>
         <run_address>0x1c3f8</run_address>
         <size>0x1c</size>
         <input_file_ref idref="fl-da"/>
      </object_component>
      <object_component id="oc-347">
         <name>.text:strcmp</name>
         <load_address>0x1c414</load_address>
         <run_address>0x1c414</run_address>
         <size>0x18</size>
         <input_file_ref idref="fl-e8"/>
      </object_component>
      <object_component id="oc-450">
         <name>.text:strchr</name>
         <load_address>0x1c42c</load_address>
         <run_address>0x1c42c</run_address>
         <size>0x16</size>
         <input_file_ref idref="fl-e7"/>
      </object_component>
      <object_component id="oc-401">
         <name>.text:strcpy</name>
         <load_address>0x1c442</load_address>
         <run_address>0x1c442</run_address>
         <size>0x14</size>
         <input_file_ref idref="fl-f7"/>
      </object_component>
      <object_component id="oc-3e1">
         <name>.text:strlen</name>
         <load_address>0x1c456</load_address>
         <run_address>0x1c456</run_address>
         <size>0x14</size>
         <input_file_ref idref="fl-f8"/>
      </object_component>
      <object_component id="oc-1d">
         <name>.text:decompress:none:__TI_decompress_none</name>
         <load_address>0x1c46a</load_address>
         <run_address>0x1c46a</run_address>
         <size>0xe</size>
         <input_file_ref idref="fl-d5"/>
      </object_component>
      <object_component id="oc-6a">
         <name>.text</name>
         <load_address>0x1c478</load_address>
         <run_address>0x1c478</run_address>
         <size>0xe</size>
         <input_file_ref idref="fl-e"/>
      </object_component>
      <object_component id="oc-4c">
         <name>.text:decompress:ZI:__TI_zero_init</name>
         <load_address>0x1c486</load_address>
         <run_address>0x1c486</run_address>
         <size>0xc</size>
         <input_file_ref idref="fl-d4"/>
      </object_component>
      <object_component id="oc-25b">
         <name>.text:__aeabi_errno_addr</name>
         <load_address>0x1c494</load_address>
         <run_address>0x1c494</run_address>
         <size>0x8</size>
         <input_file_ref idref="fl-de"/>
      </object_component>
      <object_component id="oc-2fc">
         <name>.text:malloc</name>
         <load_address>0x1c49c</load_address>
         <run_address>0x1c49c</run_address>
         <size>0x8</size>
         <input_file_ref idref="fl-da"/>
      </object_component>
      <object_component id="oc-a0">
         <name>.text:_system_pre_init</name>
         <load_address>0x1c4a4</load_address>
         <run_address>0x1c4a4</run_address>
         <size>0x4</size>
         <input_file_ref idref="fl-e4"/>
      </object_component>
      <object_component id="oc-175">
         <name>.text:abort:abort</name>
         <load_address>0x1c4a8</load_address>
         <run_address>0x1c4a8</run_address>
         <size>0x4</size>
         <input_file_ref idref="fl-d7"/>
      </object_component>
      <object_component id="oc-26c">
         <name>.const:cosTab</name>
         <load_address>0xe4</load_address>
         <run_address>0xe4</run_address>
         <size>0xb000</size>
         <input_file_ref idref="fl-5"/>
      </object_component>
      <object_component id="oc-26f">
         <name>.const:sinTab</name>
         <load_address>0xb0e4</load_address>
         <run_address>0xb0e4</run_address>
         <size>0xb000</size>
         <input_file_ref idref="fl-5"/>
      </object_component>
      <object_component id="oc-1e6">
         <name>.const:ASCII</name>
         <load_address>0x160e4</load_address>
         <run_address>0x160e4</run_address>
         <size>0x1e0</size>
         <input_file_ref idref="fl-b"/>
      </object_component>
      <object_component id="oc-1ec">
         <name>.const:.string:postmask</name>
         <load_address>0x162c4</load_address>
         <run_address>0x162c4</run_address>
         <size>0x8</size>
         <input_file_ref idref="fl-b"/>
      </object_component>
      <object_component id="oc-1e9">
         <name>.const:.string:premask</name>
         <load_address>0x162cc</load_address>
         <run_address>0x162cc</run_address>
         <size>0x8</size>
         <input_file_ref idref="fl-b"/>
      </object_component>
      <object_component id="oc-1e1">
         <name>.const:.string:init5</name>
         <load_address>0x162d4</load_address>
         <run_address>0x162d4</run_address>
         <size>0x6</size>
         <input_file_ref idref="fl-b"/>
      </object_component>
      <object_component id="oc-1ef">
         <name>.const:.string:dlist1</name>
         <load_address>0x162da</load_address>
         <run_address>0x162da</run_address>
         <size>0x5</size>
         <input_file_ref idref="fl-b"/>
      </object_component>
      <object_component id="oc-1d5">
         <name>.const:.string:init1</name>
         <load_address>0x162df</load_address>
         <run_address>0x162df</run_address>
         <size>0x4</size>
         <input_file_ref idref="fl-b"/>
      </object_component>
      <object_component id="oc-1d8">
         <name>.const:.string:init2</name>
         <load_address>0x162e3</load_address>
         <run_address>0x162e3</run_address>
         <size>0x4</size>
         <input_file_ref idref="fl-b"/>
      </object_component>
      <object_component id="oc-1db">
         <name>.const:.string:init3</name>
         <load_address>0x162e7</load_address>
         <run_address>0x162e7</run_address>
         <size>0x4</size>
         <input_file_ref idref="fl-b"/>
      </object_component>
      <object_component id="oc-1de">
         <name>.const:.string:init4b</name>
         <load_address>0x162eb</load_address>
         <run_address>0x162eb</run_address>
         <size>0x3</size>
         <input_file_ref idref="fl-b"/>
      </object_component>
      <object_component id="oc-1f5">
         <name>.const:.string:scrollList1b</name>
         <load_address>0x162ee</load_address>
         <run_address>0x162ee</run_address>
         <size>0x3</size>
         <input_file_ref idref="fl-b"/>
      </object_component>
      <object_component id="oc-1fb">
         <name>.const:.string:scrollList2b</name>
         <load_address>0x162f1</load_address>
         <run_address>0x162f1</run_address>
         <size>0x3</size>
         <input_file_ref idref="fl-b"/>
      </object_component>
      <object_component id="oc-1f2">
         <name>.const:.string:scrollList1a</name>
         <load_address>0x162f4</load_address>
         <run_address>0x162f4</run_address>
         <size>0x2</size>
         <input_file_ref idref="fl-b"/>
      </object_component>
      <object_component id="oc-1f8">
         <name>.const:.string:scrollList2a</name>
         <load_address>0x162f6</load_address>
         <run_address>0x162f6</run_address>
         <size>0x2</size>
         <input_file_ref idref="fl-b"/>
      </object_component>
      <object_component id="oc-1fe">
         <name>.const:.string:scrollList3a</name>
         <load_address>0x162f8</load_address>
         <run_address>0x162f8</run_address>
         <size>0x2</size>
         <input_file_ref idref="fl-b"/>
      </object_component>
      <object_component id="oc-201">
         <name>.const:.string:scrollList3b</name>
         <load_address>0x162fa</load_address>
         <run_address>0x162fa</run_address>
         <size>0x2</size>
         <input_file_ref idref="fl-b"/>
      </object_component>
      <object_component id="oc-204">
         <name>.const:.string:scrollList3c</name>
         <load_address>0x162fc</load_address>
         <run_address>0x162fc</run_address>
         <size>0x2</size>
         <input_file_ref idref="fl-b"/>
      </object_component>
      <object_component id="oc-207">
         <name>.const:.string:scrollList4a</name>
         <load_address>0x162fe</load_address>
         <run_address>0x162fe</run_address>
         <size>0x2</size>
         <input_file_ref idref="fl-b"/>
      </object_component>
      <object_component id="oc-20a">
         <name>.const:.string:scrollList4b</name>
         <load_address>0x16300</load_address>
         <run_address>0x16300</run_address>
         <size>0x2</size>
         <input_file_ref idref="fl-b"/>
      </object_component>
      <object_component id="oc-20d">
         <name>.const:.string:scrollList4c</name>
         <load_address>0x16302</load_address>
         <run_address>0x16302</run_address>
         <size>0x2</size>
         <input_file_ref idref="fl-b"/>
      </object_component>
      <object_component id="oc-4a5">
         <name>.cinit..data.load</name>
         <load_address>0x1c4b0</load_address>
         <run_address>0x1c4b0</run_address>
         <size>0x7c</size>
      </object_component>
      <object_component id="oc-4a3">
         <name>__TI_handler_table</name>
         <load_address>0x1c52c</load_address>
         <run_address>0x1c52c</run_address>
         <size>0xc</size>
      </object_component>
      <object_component id="oc-4a6">
         <name>.cinit..bss.load</name>
         <load_address>0x1c538</load_address>
         <run_address>0x1c538</run_address>
         <size>0x8</size>
      </object_component>
      <object_component id="oc-4a4">
         <name>__TI_cinit_table</name>
         <load_address>0x1c540</load_address>
         <run_address>0x1c540</run_address>
         <size>0x10</size>
      </object_component>
      <object_component id="oc-477">
         <name>.binit</name>
         <load_address>0x0</load_address>
         <run_address>0x0</run_address>
         <size>0x0</size>
      </object_component>
      <object_component id="oc-1ca">
         <name>.data</name>
         <load_address>0x20006468</load_address>
         <run_address>0x20006468</run_address>
         <size>0x18</size>
         <input_file_ref idref="fl-3"/>
      </object_component>
      <object_component id="oc-14d">
         <name>.data</name>
         <load_address>0x20006480</load_address>
         <run_address>0x20006480</run_address>
         <size>0x10</size>
         <input_file_ref idref="fl-8"/>
      </object_component>
      <object_component id="oc-210">
         <name>.data</name>
         <load_address>0x200064bc</load_address>
         <run_address>0x200064bc</run_address>
         <size>0x4</size>
         <input_file_ref idref="fl-b"/>
      </object_component>
      <object_component id="oc-1b3">
         <name>.data</name>
         <load_address>0x200064d0</load_address>
         <run_address>0x200064d0</run_address>
         <size>0x4</size>
         <input_file_ref idref="fl-f"/>
      </object_component>
      <object_component id="oc-2e9">
         <name>.data</name>
         <load_address>0x200064c8</load_address>
         <run_address>0x200064c8</run_address>
         <size>0x4</size>
         <input_file_ref idref="fl-ca"/>
      </object_component>
      <object_component id="oc-279">
         <name>.data:$O1$$</name>
         <load_address>0x200064a0</load_address>
         <run_address>0x200064a0</run_address>
         <size>0xc</size>
         <input_file_ref idref="fl-d7"/>
      </object_component>
      <object_component id="oc-27c">
         <name>.data:$O1$$</name>
         <load_address>0x200064ac</load_address>
         <run_address>0x200064ac</run_address>
         <size>0x8</size>
         <input_file_ref idref="fl-d8"/>
      </object_component>
      <object_component id="oc-24b">
         <name>.data:_ftable</name>
         <load_address>0x200062b0</load_address>
         <run_address>0x200062b0</run_address>
         <size>0xf0</size>
         <input_file_ref idref="fl-d9"/>
      </object_component>
      <object_component id="oc-2ea">
         <name>.data</name>
         <load_address>0x20006490</load_address>
         <run_address>0x20006490</run_address>
         <size>0x10</size>
         <input_file_ref idref="fl-d9"/>
      </object_component>
      <object_component id="oc-42a">
         <name>.data:$O1$$</name>
         <load_address>0x200064b4</load_address>
         <run_address>0x200064b4</run_address>
         <size>0x8</size>
         <input_file_ref idref="fl-da"/>
      </object_component>
      <object_component id="oc-416">
         <name>.data</name>
         <load_address>0x200064cc</load_address>
         <run_address>0x200064cc</run_address>
         <size>0x4</size>
         <input_file_ref idref="fl-dc"/>
      </object_component>
      <object_component id="oc-2dd">
         <name>.data</name>
         <load_address>0x200064c0</load_address>
         <run_address>0x200064c0</run_address>
         <size>0x4</size>
         <input_file_ref idref="fl-dd"/>
      </object_component>
      <object_component id="oc-314">
         <name>.data</name>
         <load_address>0x200064c4</load_address>
         <run_address>0x200064c4</run_address>
         <size>0x4</size>
         <input_file_ref idref="fl-de"/>
      </object_component>
      <object_component id="oc-2de">
         <name>.data:_device</name>
         <load_address>0x200063a0</load_address>
         <run_address>0x200063a0</run_address>
         <size>0x78</size>
         <input_file_ref idref="fl-eb"/>
      </object_component>
      <object_component id="oc-417">
         <name>.data:_stream</name>
         <load_address>0x20006418</load_address>
         <run_address>0x20006418</run_address>
         <size>0x50</size>
         <input_file_ref idref="fl-eb"/>
      </object_component>
      <object_component id="oc-d4">
         <name>.bss</name>
         <uninitialized>true</uninitialized>
         <run_address>0x20005dfc</run_address>
         <size>0x8</size>
         <input_file_ref idref="fl-d"/>
      </object_component>
      <object_component id="oc-43a">
         <name>.bss:_CIOBUF_</name>
         <uninitialized>true</uninitialized>
         <run_address>0x20005c00</run_address>
         <size>0x120</size>
         <input_file_ref idref="fl-f6"/>
      </object_component>
      <object_component id="oc-bf">
         <name>.common:Collision</name>
         <uninitialized>true</uninitialized>
         <run_address>0x20005e1c</run_address>
         <size>0x4</size>
      </object_component>
      <object_component id="oc-21b">
         <name>.common:Size</name>
         <uninitialized>true</uninitialized>
         <run_address>0x20005e70</run_address>
         <size>0x4</size>
      </object_component>
      <object_component id="oc-21a">
         <name>.common:x</name>
         <uninitialized>true</uninitialized>
         <run_address>0x20001000</run_address>
         <size>0x1000</size>
      </object_component>
      <object_component id="oc-217">
         <name>.common:Pt</name>
         <uninitialized>true</uninitialized>
         <run_address>0x20005e5c</run_address>
         <size>0x4</size>
      </object_component>
      <object_component id="oc-21d">
         <name>.common:I1</name>
         <uninitialized>true</uninitialized>
         <run_address>0x20005e24</run_address>
         <size>0x4</size>
      </object_component>
      <object_component id="oc-21c">
         <name>.common:LPFSum</name>
         <uninitialized>true</uninitialized>
         <run_address>0x20005e34</run_address>
         <size>0x4</size>
      </object_component>
      <object_component id="oc-21f">
         <name>.common:x2</name>
         <uninitialized>true</uninitialized>
         <run_address>0x20002000</run_address>
         <size>0x1000</size>
      </object_component>
      <object_component id="oc-21e">
         <name>.common:Pt2</name>
         <uninitialized>true</uninitialized>
         <run_address>0x20005e60</run_address>
         <size>0x4</size>
      </object_component>
      <object_component id="oc-220">
         <name>.common:LPFSum2</name>
         <uninitialized>true</uninitialized>
         <run_address>0x20005e38</run_address>
         <size>0x4</size>
      </object_component>
      <object_component id="oc-222">
         <name>.common:x3</name>
         <uninitialized>true</uninitialized>
         <run_address>0x20003000</run_address>
         <size>0x1000</size>
      </object_component>
      <object_component id="oc-221">
         <name>.common:Pt3</name>
         <uninitialized>true</uninitialized>
         <run_address>0x20005e64</run_address>
         <size>0x4</size>
      </object_component>
      <object_component id="oc-223">
         <name>.common:LPFSum3</name>
         <uninitialized>true</uninitialized>
         <run_address>0x20005e3c</run_address>
         <size>0x4</size>
      </object_component>
      <object_component id="oc-226">
         <name>.common:u1</name>
         <uninitialized>true</uninitialized>
         <run_address>0x20005e98</run_address>
         <size>0x4</size>
      </object_component>
      <object_component id="oc-225">
         <name>.common:u2</name>
         <uninitialized>true</uninitialized>
         <run_address>0x20005e9c</run_address>
         <size>0x4</size>
      </object_component>
      <object_component id="oc-224">
         <name>.common:u3</name>
         <uninitialized>true</uninitialized>
         <run_address>0x20005ea0</run_address>
         <size>0x4</size>
      </object_component>
      <object_component id="oc-11e">
         <name>.common:Distances</name>
         <uninitialized>true</uninitialized>
         <run_address>0x20005dd8</run_address>
         <size>0xc</size>
      </object_component>
      <object_component id="oc-122">
         <name>.common:FilteredDistances</name>
         <uninitialized>true</uninitialized>
         <run_address>0x20005de4</run_address>
         <size>0xc</size>
      </object_component>
      <object_component id="oc-11f">
         <name>.common:Amplitudes</name>
         <uninitialized>true</uninitialized>
         <run_address>0x20005dc0</run_address>
         <size>0xc</size>
      </object_component>
      <object_component id="oc-123">
         <name>.common:Noises</name>
         <uninitialized>true</uninitialized>
         <run_address>0x20005df0</run_address>
         <size>0xc</size>
      </object_component>
      <object_component id="oc-11b">
         <name>.common:TxChannel</name>
         <uninitialized>true</uninitialized>
         <run_address>0x20005e84</run_address>
         <size>0x4</size>
      </object_component>
      <object_component id="oc-120">
         <name>.common:StartTime</name>
         <uninitialized>true</uninitialized>
         <run_address>0x20005e74</run_address>
         <size>0x4</size>
      </object_component>
      <object_component id="oc-121">
         <name>.common:TimeToConvert</name>
         <uninitialized>true</uninitialized>
         <run_address>0x20005e80</run_address>
         <size>0x4</size>
      </object_component>
      <object_component id="oc-142">
         <name>.common:Data</name>
         <uninitialized>true</uninitialized>
         <run_address>0x20000000</run_address>
         <size>0x1000</size>
      </object_component>
      <object_component id="oc-14c">
         <name>.common:Histogram</name>
         <uninitialized>true</uninitialized>
         <run_address>0x20004000</run_address>
         <size>0x800</size>
      </object_component>
      <object_component id="oc-140">
         <name>.common:Sum</name>
         <uninitialized>true</uninitialized>
         <run_address>0x20005e78</run_address>
         <size>0x4</size>
      </object_component>
      <object_component id="oc-141">
         <name>.common:Sum2</name>
         <uninitialized>true</uninitialized>
         <run_address>0x20005e7c</run_address>
         <size>0x4</size>
      </object_component>
      <object_component id="oc-143">
         <name>.common:Average</name>
         <uninitialized>true</uninitialized>
         <run_address>0x20005e14</run_address>
         <size>0x4</size>
      </object_component>
      <object_component id="oc-144">
         <name>.common:Variance</name>
         <uninitialized>true</uninitialized>
         <run_address>0x20005e90</run_address>
         <size>0x4</size>
      </object_component>
      <object_component id="oc-145">
         <name>.common:Sigma</name>
         <uninitialized>true</uninitialized>
         <run_address>0x20005e6c</run_address>
         <size>0x4</size>
      </object_component>
      <object_component id="oc-152">
         <name>.common:Error</name>
         <uninitialized>true</uninitialized>
         <run_address>0x20005e20</run_address>
         <size>0x4</size>
      </object_component>
      <object_component id="oc-153">
         <name>.common:UR</name>
         <uninitialized>true</uninitialized>
         <run_address>0x20005e8c</run_address>
         <size>0x4</size>
      </object_component>
      <object_component id="oc-154">
         <name>.common:UL</name>
         <uninitialized>true</uninitialized>
         <run_address>0x20005e88</run_address>
         <size>0x4</size>
      </object_component>
      <object_component id="oc-150">
         <name>.common:LeftDistance</name>
         <uninitialized>true</uninitialized>
         <run_address>0x20005e40</run_address>
         <size>0x4</size>
      </object_component>
      <object_component id="oc-155">
         <name>.common:CenterDistance</name>
         <uninitialized>true</uninitialized>
         <run_address>0x20005e18</run_address>
         <size>0x4</size>
      </object_component>
      <object_component id="oc-151">
         <name>.common:RightDistance</name>
         <uninitialized>true</uninitialized>
         <run_address>0x20005e68</run_address>
         <size>0x4</size>
      </object_component>
      <object_component id="oc-172">
         <name>.common:a</name>
         <uninitialized>true</uninitialized>
         <run_address>0x20004800</run_address>
         <size>0x800</size>
      </object_component>
      <object_component id="oc-173">
         <name>.common:scratch</name>
         <uninitialized>true</uninitialized>
         <run_address>0x20005000</run_address>
         <size>0x800</size>
      </object_component>
      <object_component id="oc-156">
         <name>.common:PlotOffset</name>
         <uninitialized>true</uninitialized>
         <run_address>0x20005e58</run_address>
         <size>0x4</size>
      </object_component>
      <object_component id="oc-157">
         <name>.common:PlotData</name>
         <uninitialized>true</uninitialized>
         <run_address>0x20005e54</run_address>
         <size>0x4</size>
      </object_component>
      <object_component id="oc-1e5">
         <name>.common:buffer</name>
         <uninitialized>true</uninitialized>
         <run_address>0x20005800</run_address>
         <size>0x400</size>
      </object_component>
      <object_component id="oc-1d2">
         <name>.common:vccstate</name>
         <uninitialized>true</uninitialized>
         <run_address>0x20005ea4</run_address>
         <size>0x4</size>
      </object_component>
      <object_component id="oc-1e4">
         <name>.common:rotation</name>
         <uninitialized>true</uninitialized>
         <run_address>0x20005e94</run_address>
         <size>0x4</size>
      </object_component>
      <object_component id="oc-213">
         <name>.common:StartX</name>
         <uninitialized>true</uninitialized>
         <run_address>0x20005ea8</run_address>
         <size>0x2</size>
      </object_component>
      <object_component id="oc-214">
         <name>.common:StartY</name>
         <uninitialized>true</uninitialized>
         <run_address>0x20005eaa</run_address>
         <size>0x2</size>
      </object_component>
      <object_component id="oc-232">
         <name>.common:Messageindexb</name>
         <uninitialized>true</uninitialized>
         <run_address>0x20005e44</run_address>
         <size>0x4</size>
      </object_component>
      <object_component id="oc-22f">
         <name>.common:Messageb</name>
         <uninitialized>true</uninitialized>
         <run_address>0x20005e04</run_address>
         <size>0x8</size>
      </object_component>
      <object_component id="oc-d7">
         <name>.common:ChannelCount</name>
         <uninitialized>true</uninitialized>
         <run_address>0x20005dcc</run_address>
         <size>0xc</size>
      </object_component>
      <object_component id="oc-da">
         <name>.common:PTxChan</name>
         <uninitialized>true</uninitialized>
         <run_address>0x20005e48</run_address>
         <size>0x4</size>
      </object_component>
      <object_component id="oc-db">
         <name>.common:Pdistances</name>
         <uninitialized>true</uninitialized>
         <run_address>0x20005e50</run_address>
         <size>0x4</size>
      </object_component>
      <object_component id="oc-dc">
         <name>.common:Pamplitudes</name>
         <uninitialized>true</uninitialized>
         <run_address>0x20005e4c</run_address>
         <size>0x4</size>
      </object_component>
      <object_component id="oc-dd">
         <name>.common:ISRTime</name>
         <uninitialized>true</uninitialized>
         <run_address>0x20005e30</run_address>
         <size>0x4</size>
      </object_component>
      <object_component id="oc-df">
         <name>.common:ISRLast</name>
         <uninitialized>true</uninitialized>
         <run_address>0x20005e28</run_address>
         <size>0x4</size>
      </object_component>
      <object_component id="oc-de">
         <name>.common:ISRPeriod</name>
         <uninitialized>true</uninitialized>
         <run_address>0x20005e2c</run_address>
         <size>0x4</size>
      </object_component>
      <object_component id="oc-3ac">
         <name>.common:__TI_tmpnams</name>
         <uninitialized>true</uninitialized>
         <run_address>0x20005d20</run_address>
         <size>0xa0</size>
      </object_component>
      <object_component id="oc-3f3">
         <name>.common:parmbuf</name>
         <uninitialized>true</uninitialized>
         <run_address>0x20005e0c</run_address>
         <size>0x8</size>
      </object_component>
      <object_component id="oc-29">
         <name>.sysmem</name>
         <uninitialized>true</uninitialized>
         <run_address>0x20005eb0</run_address>
         <size>0x10</size>
         <input_file_ref idref="fl-da"/>
      </object_component>
      <object_component id="oc-4a9">
         <name>.sysmem</name>
         <uninitialized>true</uninitialized>
         <run_address>0x20005eb0</run_address>
         <size>0x0</size>
      </object_component>
      <object_component id="oc-2c">
         <name>.stack</name>
         <uninitialized>true</uninitialized>
         <run_address>0x2000fe00</run_address>
         <size>0x4</size>
         <input_file_ref idref="fl-db"/>
      </object_component>
      <object_component id="oc-4a8">
         <name>.stack</name>
         <uninitialized>true</uninitialized>
         <run_address>0x2000fe00</run_address>
         <size>0x0</size>
      </object_component>
      <object_component id="oc-c0">
         <name>.debug_info</name>
         <load_address>0x0</load_address>
         <run_address>0x0</run_address>
         <size>0x56d</size>
         <input_file_ref idref="fl-2"/>
      </object_component>
      <object_component id="oc-71">
         <name>.debug_info</name>
         <load_address>0x56d</load_address>
         <run_address>0x56d</run_address>
         <size>0x1ff</size>
         <input_file_ref idref="fl-2"/>
      </object_component>
      <object_component id="oc-1b9">
         <name>.debug_info</name>
         <load_address>0x76c</load_address>
         <run_address>0x76c</run_address>
         <size>0x37e2</size>
         <input_file_ref idref="fl-2"/>
      </object_component>
      <object_component id="oc-1be">
         <name>.debug_info</name>
         <load_address>0x3f4e</load_address>
         <run_address>0x3f4e</run_address>
         <size>0x1055</size>
         <input_file_ref idref="fl-2"/>
      </object_component>
      <object_component id="oc-e8">
         <name>.debug_info</name>
         <load_address>0x4fa3</load_address>
         <run_address>0x4fa3</run_address>
         <size>0x26b</size>
         <input_file_ref idref="fl-2"/>
      </object_component>
      <object_component id="oc-35">
         <name>.debug_info</name>
         <load_address>0x520e</load_address>
         <run_address>0x520e</run_address>
         <size>0x84</size>
         <input_file_ref idref="fl-2"/>
      </object_component>
      <object_component id="oc-1c3">
         <name>.debug_info</name>
         <load_address>0x5292</load_address>
         <run_address>0x5292</run_address>
         <size>0x2a4</size>
         <input_file_ref idref="fl-2"/>
      </object_component>
      <object_component id="oc-c3">
         <name>.debug_info</name>
         <load_address>0x5536</load_address>
         <run_address>0x5536</run_address>
         <size>0xbb</size>
         <input_file_ref idref="fl-2"/>
      </object_component>
      <object_component id="oc-1cb">
         <name>.debug_info</name>
         <load_address>0x55f1</load_address>
         <run_address>0x55f1</run_address>
         <size>0x195</size>
         <input_file_ref idref="fl-3"/>
      </object_component>
      <object_component id="oc-cf">
         <name>.debug_info</name>
         <load_address>0x5786</load_address>
         <run_address>0x5786</run_address>
         <size>0x2b9</size>
         <input_file_ref idref="fl-3"/>
      </object_component>
      <object_component id="oc-111">
         <name>.debug_info</name>
         <load_address>0x5a3f</load_address>
         <run_address>0x5a3f</run_address>
         <size>0x27a</size>
         <input_file_ref idref="fl-4"/>
      </object_component>
      <object_component id="oc-273">
         <name>.debug_info</name>
         <load_address>0x5cb9</load_address>
         <run_address>0x5cb9</run_address>
         <size>0x2c4</size>
         <input_file_ref idref="fl-5"/>
      </object_component>
      <object_component id="oc-26d">
         <name>.debug_info</name>
         <load_address>0x5f7d</load_address>
         <run_address>0x5f7d</run_address>
         <size>0xdc</size>
         <input_file_ref idref="fl-5"/>
      </object_component>
      <object_component id="oc-270">
         <name>.debug_info</name>
         <load_address>0x6059</load_address>
         <run_address>0x6059</run_address>
         <size>0xdd</size>
         <input_file_ref idref="fl-5"/>
      </object_component>
      <object_component id="oc-15a">
         <name>.debug_info</name>
         <load_address>0x6136</load_address>
         <run_address>0x6136</run_address>
         <size>0x2e9</size>
         <input_file_ref idref="fl-5"/>
      </object_component>
      <object_component id="oc-22a">
         <name>.debug_info</name>
         <load_address>0x641f</load_address>
         <run_address>0x641f</run_address>
         <size>0x62</size>
         <input_file_ref idref="fl-5"/>
      </object_component>
      <object_component id="oc-1c9">
         <name>.debug_info</name>
         <load_address>0x6481</load_address>
         <run_address>0x6481</run_address>
         <size>0x53f</size>
         <input_file_ref idref="fl-6"/>
      </object_component>
      <object_component id="oc-c9">
         <name>.debug_info</name>
         <load_address>0x69c0</load_address>
         <run_address>0x69c0</run_address>
         <size>0x6ae</size>
         <input_file_ref idref="fl-6"/>
      </object_component>
      <object_component id="oc-218">
         <name>.debug_info</name>
         <load_address>0x706e</load_address>
         <run_address>0x706e</run_address>
         <size>0x695</size>
         <input_file_ref idref="fl-7"/>
      </object_component>
      <object_component id="oc-116">
         <name>.debug_info</name>
         <load_address>0x7703</load_address>
         <run_address>0x7703</run_address>
         <size>0x7ce</size>
         <input_file_ref idref="fl-7"/>
      </object_component>
      <object_component id="oc-11c">
         <name>.debug_info</name>
         <load_address>0x7ed1</load_address>
         <run_address>0x7ed1</run_address>
         <size>0x1124</size>
         <input_file_ref idref="fl-8"/>
      </object_component>
      <object_component id="oc-14e">
         <name>.debug_info</name>
         <load_address>0x8ff5</load_address>
         <run_address>0x8ff5</run_address>
         <size>0x13a</size>
         <input_file_ref idref="fl-8"/>
      </object_component>
      <object_component id="oc-a8">
         <name>.debug_info</name>
         <load_address>0x912f</load_address>
         <run_address>0x912f</run_address>
         <size>0x26c7</size>
         <input_file_ref idref="fl-8"/>
      </object_component>
      <object_component id="oc-e1">
         <name>.debug_info</name>
         <load_address>0xb7f6</load_address>
         <run_address>0xb7f6</run_address>
         <size>0x8b</size>
         <input_file_ref idref="fl-8"/>
      </object_component>
      <object_component id="oc-12c">
         <name>.debug_info</name>
         <load_address>0xb881</load_address>
         <run_address>0xb881</run_address>
         <size>0x27f</size>
         <input_file_ref idref="fl-9"/>
      </object_component>
      <object_component id="oc-149">
         <name>.debug_info</name>
         <load_address>0xbb00</load_address>
         <run_address>0xbb00</run_address>
         <size>0x437</size>
         <input_file_ref idref="fl-a"/>
      </object_component>
      <object_component id="oc-1d3">
         <name>.debug_info</name>
         <load_address>0xbf37</load_address>
         <run_address>0xbf37</run_address>
         <size>0x67e</size>
         <input_file_ref idref="fl-b"/>
      </object_component>
      <object_component id="oc-1e7">
         <name>.debug_info</name>
         <load_address>0xc5b5</load_address>
         <run_address>0xc5b5</run_address>
         <size>0xdd</size>
         <input_file_ref idref="fl-b"/>
      </object_component>
      <object_component id="oc-1d6">
         <name>.debug_info</name>
         <load_address>0xc692</load_address>
         <run_address>0xc692</run_address>
         <size>0xde</size>
         <input_file_ref idref="fl-b"/>
      </object_component>
      <object_component id="oc-1d9">
         <name>.debug_info</name>
         <load_address>0xc770</load_address>
         <run_address>0xc770</run_address>
         <size>0xde</size>
         <input_file_ref idref="fl-b"/>
      </object_component>
      <object_component id="oc-1dc">
         <name>.debug_info</name>
         <load_address>0xc84e</load_address>
         <run_address>0xc84e</run_address>
         <size>0xde</size>
         <input_file_ref idref="fl-b"/>
      </object_component>
      <object_component id="oc-1df">
         <name>.debug_info</name>
         <load_address>0xc92c</load_address>
         <run_address>0xc92c</run_address>
         <size>0xe0</size>
         <input_file_ref idref="fl-b"/>
      </object_component>
      <object_component id="oc-1e2">
         <name>.debug_info</name>
         <load_address>0xca0c</load_address>
         <run_address>0xca0c</run_address>
         <size>0xde</size>
         <input_file_ref idref="fl-b"/>
      </object_component>
      <object_component id="oc-1ea">
         <name>.debug_info</name>
         <load_address>0xcaea</load_address>
         <run_address>0xcaea</run_address>
         <size>0xe2</size>
         <input_file_ref idref="fl-b"/>
      </object_component>
      <object_component id="oc-1ed">
         <name>.debug_info</name>
         <load_address>0xcbcc</load_address>
         <run_address>0xcbcc</run_address>
         <size>0xe4</size>
         <input_file_ref idref="fl-b"/>
      </object_component>
      <object_component id="oc-1f0">
         <name>.debug_info</name>
         <load_address>0xccb0</load_address>
         <run_address>0xccb0</run_address>
         <size>0xe0</size>
         <input_file_ref idref="fl-b"/>
      </object_component>
      <object_component id="oc-1f3">
         <name>.debug_info</name>
         <load_address>0xcd90</load_address>
         <run_address>0xcd90</run_address>
         <size>0xec</size>
         <input_file_ref idref="fl-b"/>
      </object_component>
      <object_component id="oc-1f6">
         <name>.debug_info</name>
         <load_address>0xce7c</load_address>
         <run_address>0xce7c</run_address>
         <size>0xec</size>
         <input_file_ref idref="fl-b"/>
      </object_component>
      <object_component id="oc-1f9">
         <name>.debug_info</name>
         <load_address>0xcf68</load_address>
         <run_address>0xcf68</run_address>
         <size>0xec</size>
         <input_file_ref idref="fl-b"/>
      </object_component>
      <object_component id="oc-1fc">
         <name>.debug_info</name>
         <load_address>0xd054</load_address>
         <run_address>0xd054</run_address>
         <size>0xec</size>
         <input_file_ref idref="fl-b"/>
      </object_component>
      <object_component id="oc-1ff">
         <name>.debug_info</name>
         <load_address>0xd140</load_address>
         <run_address>0xd140</run_address>
         <size>0xec</size>
         <input_file_ref idref="fl-b"/>
      </object_component>
      <object_component id="oc-202">
         <name>.debug_info</name>
         <load_address>0xd22c</load_address>
         <run_address>0xd22c</run_address>
         <size>0xec</size>
         <input_file_ref idref="fl-b"/>
      </object_component>
      <object_component id="oc-205">
         <name>.debug_info</name>
         <load_address>0xd318</load_address>
         <run_address>0xd318</run_address>
         <size>0xec</size>
         <input_file_ref idref="fl-b"/>
      </object_component>
      <object_component id="oc-208">
         <name>.debug_info</name>
         <load_address>0xd404</load_address>
         <run_address>0xd404</run_address>
         <size>0xec</size>
         <input_file_ref idref="fl-b"/>
      </object_component>
      <object_component id="oc-20b">
         <name>.debug_info</name>
         <load_address>0xd4f0</load_address>
         <run_address>0xd4f0</run_address>
         <size>0xec</size>
         <input_file_ref idref="fl-b"/>
      </object_component>
      <object_component id="oc-20e">
         <name>.debug_info</name>
         <load_address>0xd5dc</load_address>
         <run_address>0xd5dc</run_address>
         <size>0xec</size>
         <input_file_ref idref="fl-b"/>
      </object_component>
      <object_component id="oc-211">
         <name>.debug_info</name>
         <load_address>0xd6c8</load_address>
         <run_address>0xd6c8</run_address>
         <size>0x107</size>
         <input_file_ref idref="fl-b"/>
      </object_component>
      <object_component id="oc-10a">
         <name>.debug_info</name>
         <load_address>0xd7cf</load_address>
         <run_address>0xd7cf</run_address>
         <size>0x23af</size>
         <input_file_ref idref="fl-b"/>
      </object_component>
      <object_component id="oc-230">
         <name>.debug_info</name>
         <load_address>0xfb7e</load_address>
         <run_address>0xfb7e</run_address>
         <size>0x786</size>
         <input_file_ref idref="fl-c"/>
      </object_component>
      <object_component id="oc-127">
         <name>.debug_info</name>
         <load_address>0x10304</load_address>
         <run_address>0x10304</run_address>
         <size>0x1399</size>
         <input_file_ref idref="fl-c"/>
      </object_component>
      <object_component id="oc-2cc">
         <name>.debug_info</name>
         <load_address>0x1169d</load_address>
         <run_address>0x1169d</run_address>
         <size>0xcc</size>
         <input_file_ref idref="fl-c"/>
      </object_component>
      <object_component id="oc-24f">
         <name>.debug_info</name>
         <load_address>0x11769</load_address>
         <run_address>0x11769</run_address>
         <size>0x2c</size>
         <input_file_ref idref="fl-c"/>
      </object_component>
      <object_component id="oc-d8">
         <name>.debug_info</name>
         <load_address>0x11795</load_address>
         <run_address>0x11795</run_address>
         <size>0x6ed</size>
         <input_file_ref idref="fl-d"/>
      </object_component>
      <object_component id="oc-d5">
         <name>.debug_info</name>
         <load_address>0x11e82</load_address>
         <run_address>0x11e82</run_address>
         <size>0xf7</size>
         <input_file_ref idref="fl-d"/>
      </object_component>
      <object_component id="oc-77">
         <name>.debug_info</name>
         <load_address>0x11f79</load_address>
         <run_address>0x11f79</run_address>
         <size>0x1180</size>
         <input_file_ref idref="fl-d"/>
      </object_component>
      <object_component id="oc-7e">
         <name>.debug_info</name>
         <load_address>0x130f9</load_address>
         <run_address>0x130f9</run_address>
         <size>0x2d8</size>
         <input_file_ref idref="fl-e"/>
      </object_component>
      <object_component id="oc-27">
         <name>.debug_info</name>
         <load_address>0x133d1</load_address>
         <run_address>0x133d1</run_address>
         <size>0x104</size>
         <input_file_ref idref="fl-e"/>
      </object_component>
      <object_component id="oc-6d">
         <name>.debug_info</name>
         <load_address>0x134d5</load_address>
         <run_address>0x134d5</run_address>
         <size>0x1cb</size>
         <input_file_ref idref="fl-e"/>
      </object_component>
      <object_component id="oc-1b4">
         <name>.debug_info</name>
         <load_address>0x136a0</load_address>
         <run_address>0x136a0</run_address>
         <size>0xfd</size>
         <input_file_ref idref="fl-f"/>
      </object_component>
      <object_component id="oc-bb">
         <name>.debug_info</name>
         <load_address>0x1379d</load_address>
         <run_address>0x1379d</run_address>
         <size>0x26f</size>
         <input_file_ref idref="fl-f"/>
      </object_component>
      <object_component id="oc-267">
         <name>.debug_info</name>
         <load_address>0x13a0c</load_address>
         <run_address>0x13a0c</run_address>
         <size>0x2c5</size>
         <input_file_ref idref="fl-c9"/>
      </object_component>
      <object_component id="oc-136">
         <name>.debug_info</name>
         <load_address>0x13cd1</load_address>
         <run_address>0x13cd1</run_address>
         <size>0x24e</size>
         <input_file_ref idref="fl-c9"/>
      </object_component>
      <object_component id="oc-319">
         <name>.debug_info</name>
         <load_address>0x13f1f</load_address>
         <run_address>0x13f1f</run_address>
         <size>0x46</size>
         <input_file_ref idref="fl-c9"/>
      </object_component>
      <object_component id="oc-262">
         <name>.debug_info</name>
         <load_address>0x13f65</load_address>
         <run_address>0x13f65</run_address>
         <size>0x39</size>
         <input_file_ref idref="fl-c9"/>
      </object_component>
      <object_component id="oc-2ee">
         <name>.debug_info</name>
         <load_address>0x13f9e</load_address>
         <run_address>0x13f9e</run_address>
         <size>0x3f5</size>
         <input_file_ref idref="fl-ca"/>
      </object_component>
      <object_component id="oc-2e5">
         <name>.debug_info</name>
         <load_address>0x14393</load_address>
         <run_address>0x14393</run_address>
         <size>0x20e</size>
         <input_file_ref idref="fl-ca"/>
      </object_component>
      <object_component id="oc-304">
         <name>.debug_info</name>
         <load_address>0x145a1</load_address>
         <run_address>0x145a1</run_address>
         <size>0x176</size>
         <input_file_ref idref="fl-ca"/>
      </object_component>
      <object_component id="oc-242">
         <name>.debug_info</name>
         <load_address>0x14717</load_address>
         <run_address>0x14717</run_address>
         <size>0x1e4</size>
         <input_file_ref idref="fl-ca"/>
      </object_component>
      <object_component id="oc-23b">
         <name>.debug_info</name>
         <load_address>0x148fb</load_address>
         <run_address>0x148fb</run_address>
         <size>0x1cd</size>
         <input_file_ref idref="fl-ca"/>
      </object_component>
      <object_component id="oc-ef">
         <name>.debug_info</name>
         <load_address>0x14ac8</load_address>
         <run_address>0x14ac8</run_address>
         <size>0x2c</size>
         <input_file_ref idref="fl-ca"/>
      </object_component>
      <object_component id="oc-395">
         <name>.debug_info</name>
         <load_address>0x14af4</load_address>
         <run_address>0x14af4</run_address>
         <size>0xb2</size>
         <input_file_ref idref="fl-ca"/>
      </object_component>
      <object_component id="oc-309">
         <name>.debug_info</name>
         <load_address>0x14ba6</load_address>
         <run_address>0x14ba6</run_address>
         <size>0x374</size>
         <input_file_ref idref="fl-cb"/>
      </object_component>
      <object_component id="oc-246">
         <name>.debug_info</name>
         <load_address>0x14f1a</load_address>
         <run_address>0x14f1a</run_address>
         <size>0x20b</size>
         <input_file_ref idref="fl-cb"/>
      </object_component>
      <object_component id="oc-30a">
         <name>.debug_info</name>
         <load_address>0x15125</load_address>
         <run_address>0x15125</run_address>
         <size>0xbf</size>
         <input_file_ref idref="fl-cb"/>
      </object_component>
      <object_component id="oc-259">
         <name>.debug_info</name>
         <load_address>0x151e4</load_address>
         <run_address>0x151e4</run_address>
         <size>0x14c</size>
         <input_file_ref idref="fl-cc"/>
      </object_component>
      <object_component id="oc-169">
         <name>.debug_info</name>
         <load_address>0x15330</load_address>
         <run_address>0x15330</run_address>
         <size>0x13a</size>
         <input_file_ref idref="fl-cd"/>
      </object_component>
      <object_component id="oc-166">
         <name>.debug_info</name>
         <load_address>0x1546a</load_address>
         <run_address>0x1546a</run_address>
         <size>0x13a</size>
         <input_file_ref idref="fl-ce"/>
      </object_component>
      <object_component id="oc-16e">
         <name>.debug_info</name>
         <load_address>0x155a4</load_address>
         <run_address>0x155a4</run_address>
         <size>0x12e</size>
         <input_file_ref idref="fl-cf"/>
      </object_component>
      <object_component id="oc-13e">
         <name>.debug_info</name>
         <load_address>0x156d2</load_address>
         <run_address>0x156d2</run_address>
         <size>0x139</size>
         <input_file_ref idref="fl-d0"/>
      </object_component>
      <object_component id="oc-15f">
         <name>.debug_info</name>
         <load_address>0x1580b</load_address>
         <run_address>0x1580b</run_address>
         <size>0x12c</size>
         <input_file_ref idref="fl-d1"/>
      </object_component>
      <object_component id="oc-131">
         <name>.debug_info</name>
         <load_address>0x15937</load_address>
         <run_address>0x15937</run_address>
         <size>0x12e</size>
         <input_file_ref idref="fl-d2"/>
      </object_component>
      <object_component id="oc-9d">
         <name>.debug_info</name>
         <load_address>0x15a65</load_address>
         <run_address>0x15a65</run_address>
         <size>0x147</size>
         <input_file_ref idref="fl-d3"/>
      </object_component>
      <object_component id="oc-99">
         <name>.debug_info</name>
         <load_address>0x15bac</load_address>
         <run_address>0x15bac</run_address>
         <size>0x2d4</size>
         <input_file_ref idref="fl-d4"/>
      </object_component>
      <object_component id="oc-50">
         <name>.debug_info</name>
         <load_address>0x15e80</load_address>
         <run_address>0x15e80</run_address>
         <size>0x1b5</size>
         <input_file_ref idref="fl-d4"/>
      </object_component>
      <object_component id="oc-94">
         <name>.debug_info</name>
         <load_address>0x16035</load_address>
         <run_address>0x16035</run_address>
         <size>0x46</size>
         <input_file_ref idref="fl-d4"/>
      </object_component>
      <object_component id="oc-100">
         <name>.debug_info</name>
         <load_address>0x1607b</load_address>
         <run_address>0x1607b</run_address>
         <size>0x2c</size>
         <input_file_ref idref="fl-d4"/>
      </object_component>
      <object_component id="oc-45">
         <name>.debug_info</name>
         <load_address>0x160a7</load_address>
         <run_address>0x160a7</run_address>
         <size>0x2a8</size>
         <input_file_ref idref="fl-d5"/>
      </object_component>
      <object_component id="oc-1e">
         <name>.debug_info</name>
         <load_address>0x1634f</load_address>
         <run_address>0x1634f</run_address>
         <size>0x1ea</size>
         <input_file_ref idref="fl-d5"/>
      </object_component>
      <object_component id="oc-40">
         <name>.debug_info</name>
         <load_address>0x16539</load_address>
         <run_address>0x16539</run_address>
         <size>0x46</size>
         <input_file_ref idref="fl-d5"/>
      </object_component>
      <object_component id="oc-8c">
         <name>.debug_info</name>
         <load_address>0x1657f</load_address>
         <run_address>0x1657f</run_address>
         <size>0x2c</size>
         <input_file_ref idref="fl-d5"/>
      </object_component>
      <object_component id="oc-8a">
         <name>.debug_info</name>
         <load_address>0x165ab</load_address>
         <run_address>0x165ab</run_address>
         <size>0x29e</size>
         <input_file_ref idref="fl-d6"/>
      </object_component>
      <object_component id="oc-19">
[...]
      </symbol>
      <symbol id="sm-64c">
         <name>Reset_Handler</name>
         <value>0x1c479</value>
         <object_component_ref idref="oc-6a"/>
      </symbol>
      <symbol id="sm-64d">
         <name>Default_Handler</name>
         <value>0x1c485</value>
         <object_component_ref idref="oc-6a"/>
      </symbol>
      <symbol id="sm-64e">
         <name>interruptVectors</name>
         <value>0x0</value>
         <object_component_ref idref="oc-26"/>
      </symbol>
      <symbol id="sm-696">
         <name>SystemInit</name>
         <value>0x1a8c5</value>
         <object_component_ref idref="oc-b8"/>
      </symbol>
      <symbol id="sm-697">
         <name>SystemCoreClockUpdate</name>
         <value>0x1a64d</value>
         <object_component_ref idref="oc-b8"/>
      </symbol>
      <symbol id="sm-698">
         <name>SystemCoreClock</name>
         <value>0x200064d0</value>
         <object_component_ref idref="oc-1b3"/>
      </symbol>
      <symbol id="sm-6c4">
         <name>sqrtl</name>
         <value>0x1af5d</value>
         <object_component_ref idref="oc-135"/>
      </symbol>
      <symbol id="sm-6c5">
         <name>sqrt</name>
         <value>0x1af5d</value>
         <object_component_ref idref="oc-135"/>
      </symbol>
      <symbol id="sm-721">
         <name>__TI_cleanup</name>
         <value>0x1c239</value>
         <object_component_ref idref="oc-302"/>
      </symbol>
      <symbol id="sm-722">
         <name>freopen</name>
         <value>0x1c2d5</value>
         <object_component_ref idref="oc-23f"/>
      </symbol>
      <symbol id="sm-723">
         <name>fopen</name>
         <value>0x1ba21</value>
         <object_component_ref idref="oc-239"/>
      </symbol>
      <symbol id="sm-744">
         <name>setvbuf</name>
         <value>0x1b7d1</value>
         <object_component_ref idref="oc-245"/>
      </symbol>
      <symbol id="sm-75b">
         <name>__aeabi_dsub</name>
         <value>0x1ada5</value>
         <object_component_ref idref="oc-256"/>
      </symbol>
      <symbol id="sm-75c">
         <name>__aeabi_dadd</name>
         <value>0x1adaf</value>
         <object_component_ref idref="oc-256"/>
      </symbol>
      <symbol id="sm-770">
         <name>__aeabi_ddiv</name>
         <value>0x1b0b5</value>
         <object_component_ref idref="oc-168"/>
      </symbol>
      <symbol id="sm-77b">
         <name>__aeabi_dmul</name>
         <value>0x1b4f9</value>
         <object_component_ref idref="oc-163"/>
      </symbol>
      <symbol id="sm-785">
         <name>__aeabi_d2iz</name>
         <value>0x1bff5</value>
         <object_component_ref idref="oc-16d"/>
      </symbol>
      <symbol id="sm-78f">
         <name>__aeabi_d2uiz</name>
         <value>0x1c14d</value>
         <object_component_ref idref="oc-13b"/>
      </symbol>
      <symbol id="sm-79a">
         <name>__aeabi_f2d</name>
         <value>0x1c1c9</value>
         <object_component_ref idref="oc-15e"/>
      </symbol>
      <symbol id="sm-7a4">
         <name>__aeabi_ui2d</name>
         <value>0x1c3d9</value>
         <object_component_ref idref="oc-130"/>
      </symbol>
      <symbol id="sm-7b3">
         <name>__aeabi_memset</name>
         <value>0x1bb5b</value>
         <object_component_ref idref="oc-9a"/>
      </symbol>
      <symbol id="sm-7b4">
         <name>memset</name>
         <value>0x1bb61</value>
         <object_component_ref idref="oc-9a"/>
      </symbol>
      <symbol id="sm-7b5">
         <name>__aeabi_memset8</name>
         <value>0x1bb5b</value>
         <object_component_ref idref="oc-9a"/>
      </symbol>
      <symbol id="sm-7b6">
         <name>__aeabi_memset4</name>
         <value>0x1bb5b</value>
         <object_component_ref idref="oc-9a"/>
      </symbol>
      <symbol id="sm-7b7">
         <name>__aeabi_memclr8</name>
         <value>0x1bb59</value>
         <object_component_ref idref="oc-9a"/>
      </symbol>
      <symbol id="sm-7b8">
         <name>__aeabi_memclr4</name>
         <value>0x1bb59</value>
         <object_component_ref idref="oc-9a"/>
      </symbol>
      <symbol id="sm-7b9">
         <name>__aeabi_memclr</name>
         <value>0x1bb59</value>
         <object_component_ref idref="oc-9a"/>
      </symbol>
      <symbol id="sm-7d0">
         <name>__TI_zero_init</name>
         <value>0x1c487</value>
         <object_component_ref idref="oc-4c"/>
      </symbol>
      <symbol id="sm-7e7">
         <name>__TI_decompress_none</name>
         <value>0x1c46b</value>
         <object_component_ref idref="oc-1d"/>
      </symbol>
      <symbol id="sm-80a">
         <name>__TI_decompress_lzss</name>
         <value>0x1bd8d</value>
         <object_component_ref idref="oc-17"/>
      </symbol>
      <symbol id="sm-830">
         <name>C$$EXIT</name>
         <value>0x1c4a9</value>
         <object_component_ref idref="oc-175"/>
      </symbol>
      <symbol id="sm-831">
         <name>abort</name>
         <value>0x1c4a9</value>
         <object_component_ref idref="oc-175"/>
      </symbol>
      <symbol id="sm-832">
         <name>__TI_dtors_ptr</name>
         <value>0x200064a4</value>
         <object_component_ref idref="oc-279"/>
      </symbol>
      <symbol id="sm-833">
         <name>__TI_cleanup_ptr</name>
         <value>0x200064a0</value>
         <object_component_ref idref="oc-279"/>
      </symbol>
      <symbol id="sm-834">
         <name>__TI_enable_exit_profile_output</name>
         <value>0x200064a8</value>
         <object_component_ref idref="oc-279"/>
      </symbol>
      <symbol id="sm-835">
         <name>exit</name>
         <value>0x1bfad</value>
         <object_component_ref idref="oc-17b"/>
      </symbol>
      <symbol id="sm-84a">
         <name>_nop</name>
         <value>0x1af5b</value>
         <object_component_ref idref="oc-328"/>
      </symbol>
      <symbol id="sm-84b">
         <name>_lock</name>
         <value>0x200064ac</value>
         <object_component_ref idref="oc-27c"/>
      </symbol>
      <symbol id="sm-84c">
         <name>_unlock</name>
         <value>0x200064b0</value>
         <object_component_ref idref="oc-27c"/>
      </symbol>
      <symbol id="sm-861">
         <name>__TI_tmpnams</name>
         <value>0x20005d20</value>
      </symbol>
      <symbol id="sm-862">
         <name>__aeabi_stdout</name>
         <value>0x20006498</value>
         <object_component_ref idref="oc-2ea"/>
      </symbol>
      <symbol id="sm-863">
         <name>__aeabi_stderr</name>
         <value>0x2000649c</value>
         <object_component_ref idref="oc-2ea"/>
      </symbol>
      <symbol id="sm-864">
         <name>__aeabi_stdin</name>
         <value>0x20006494</value>
         <object_component_ref idref="oc-2ea"/>
      </symbol>
      <symbol id="sm-865">
         <name>_ftable</name>
         <value>0x200062b0</value>
         <object_component_ref idref="oc-24b"/>
      </symbol>
      <symbol id="sm-866">
         <name>__TI_ft_end</name>
         <value>0x20006490</value>
         <object_component_ref idref="oc-2ea"/>
      </symbol>
      <symbol id="sm-8ea">
         <name>_sys_memory</name>
         <value>0x20005eb0</value>
         <object_component_ref idref="oc-29"/>
      </symbol>
      <symbol id="sm-8eb">
         <name>free</name>
         <value>0x1b6ed</value>
         <object_component_ref idref="oc-2f6"/>
      </symbol>
      <symbol id="sm-8ec">
         <name>memalign</name>
         <value>0x1b2fd</value>
         <object_component_ref idref="oc-3bc"/>
      </symbol>
      <symbol id="sm-8ed">
         <name>malloc</name>
         <value>0x1c49d</value>
         <object_component_ref idref="oc-2fc"/>
      </symbol>
      <symbol id="sm-8ee">
         <name>aligned_alloc</name>
         <value>0x1b2fd</value>
         <object_component_ref idref="oc-3bc"/>
      </symbol>
      <symbol id="sm-901">
         <name>__stack</name>
         <value>0x2000fe00</value>
         <object_component_ref idref="oc-2c"/>
      </symbol>
      <symbol id="sm-902">
         <name>_c_int00_noargs</name>
         <value>0x1c2a1</value>
         <object_component_ref idref="oc-58"/>
      </symbol>
      <symbol id="sm-924">
         <name>open</name>
         <value>0x1b8ad</value>
         <object_component_ref idref="oc-38a"/>
      </symbol>
      <symbol id="sm-949">
         <name>add_device</name>
         <value>0x1b969</value>
         <object_component_ref idref="oc-233"/>
      </symbol>
      <symbol id="sm-95f">
         <name>__aeabi_errno_addr</name>
         <value>0x1c495</value>
         <object_component_ref idref="oc-25b"/>
      </symbol>
      <symbol id="sm-960">
         <name>errno</name>
         <value>0x200064c4</value>
         <object_component_ref idref="oc-314"/>
      </symbol>
      <symbol id="sm-975">
         <name>__TI_closefile</name>
         <value>0x1bbd5</value>
         <object_component_ref idref="oc-2ef"/>
      </symbol>
      <symbol id="sm-985">
         <name>__TI_doflush</name>
         <value>0x1bf61</value>
         <object_component_ref idref="oc-39a"/>
      </symbol>
      <symbol id="sm-9a3">
         <name>finddevice</name>
         <value>0x1c309</value>
         <object_component_ref idref="oc-2d1"/>
      </symbol>
      <symbol id="sm-9a4">
         <name>getdevice</name>
         <value>0x1c109</value>
         <object_component_ref idref="oc-410"/>
      </symbol>
      <symbol id="sm-9bf">
         <name>memcpy</name>
         <value>0x1babd</value>
         <object_component_ref idref="oc-3a"/>
      </symbol>
      <symbol id="sm-9c0">
         <name>__aeabi_memcpy</name>
         <value>0x1babd</value>
         <object_component_ref idref="oc-3a"/>
      </symbol>
      <symbol id="sm-9c1">
         <name>__aeabi_memcpy8</name>
         <value>0x1babd</value>
         <object_component_ref idref="oc-3a"/>
      </symbol>
      <symbol id="sm-9c2">
         <name>__aeabi_memcpy4</name>
         <value>0x1babd</value>
         <object_component_ref idref="oc-3a"/>
      </symbol>
      <symbol id="sm-9ea">
         <name>__TI_auto_init_nobinit_nopinit</name>
         <value>0x1c0c5</value>
         <object_component_ref idref="oc-181"/>
      </symbol>
      <symbol id="sm-9f4">
         <name>_system_pre_init</name>
         <value>0x1c4a5</value>
         <object_component_ref idref="oc-a0"/>
      </symbol>
      <symbol id="sm-a06">
         <name>strchr</name>
         <value>0x1c42d</value>
         <object_component_ref idref="oc-450"/>
      </symbol>
      <symbol id="sm-a15">
         <name>strcmp</name>
         <value>0x1c415</value>
         <object_component_ref idref="oc-347"/>
      </symbol>
      <symbol id="sm-a25">
         <name>strncpy</name>
         <value>0x1c201</value>
         <object_component_ref idref="oc-2d7"/>
      </symbol>
      <symbol id="sm-a35">
         <name>write</name>
         <value>0x1c38d</value>
         <object_component_ref idref="oc-41c"/>
      </symbol>
      <symbol id="sm-a46">
         <name>_stream</name>
         <value>0x20006418</value>
         <object_component_ref idref="oc-417"/>
      </symbol>
      <symbol id="sm-a47">
         <name>_device</name>
         <value>0x200063a0</value>
         <object_component_ref idref="oc-2de"/>
      </symbol>
      <symbol id="sm-a5c">
         <name>close</name>
         <value>0x1be55</value>
         <object_component_ref idref="oc-3a0"/>
      </symbol>
      <symbol id="sm-a6c">
         <name>unlink</name>
         <value>0x1c339</value>
         <object_component_ref idref="oc-3a6"/>
      </symbol>
      <symbol id="sm-a7d">
         <name>HOSTclose</name>
         <value>0x1c03d</value>
         <object_component_ref idref="oc-357"/>
      </symbol>
      <symbol id="sm-a8e">
         <name>HOSTlseek</name>
         <value>0x1bd25</value>
         <object_component_ref idref="oc-369"/>
      </symbol>
      <symbol id="sm-aa0">
         <name>parmbuf</name>
         <value>0x20005e0c</value>
      </symbol>
      <symbol id="sm-aa1">
         <name>HOSTopen</name>
         <value>0x1bdf5</value>
         <object_component_ref idref="oc-351"/>
      </symbol>
      <symbol id="sm-ab2">
         <name>HOSTread</name>
         <value>0x1beb1</value>
         <object_component_ref idref="oc-35d"/>
      </symbol>
      <symbol id="sm-ac3">
         <name>HOSTrename</name>
         <value>0x1bcb9</value>
         <object_component_ref idref="oc-375"/>
      </symbol>
      <symbol id="sm-ad4">
         <name>HOSTunlink</name>
         <value>0x1c081</value>
         <object_component_ref idref="oc-36f"/>
      </symbol>
      <symbol id="sm-ae5">
         <name>HOSTwrite</name>
         <value>0x1bf09</value>
         <object_component_ref idref="oc-363"/>
      </symbol>
      <symbol id="sm-b09">
         <name>__TI_readmsg</name>
         <value>0x1c26d</value>
         <object_component_ref idref="oc-3ed"/>
      </symbol>
      <symbol id="sm-b0a">
         <name>C$$IO$$</name>
         <value>0x1c1bf</value>
         <object_component_ref idref="oc-3e7"/>
      </symbol>
      <symbol id="sm-b0b">
         <name>__CIOBUF_</name>
         <value>0x20005c00</value>
         <object_component_ref idref="oc-43a"/>
      </symbol>
      <symbol id="sm-b0c">
         <name>__TI_writemsg</name>
         <value>0x1c191</value>
         <object_component_ref idref="oc-3e7"/>
      </symbol>
      <symbol id="sm-b1a">
         <name>strcpy</name>
         <value>0x1c443</value>
         <object_component_ref idref="oc-401"/>
      </symbol>
      <symbol id="sm-b28">
         <name>strlen</name>
         <value>0x1c457</value>
         <object_component_ref idref="oc-3e1"/>
      </symbol>
      <symbol id="sm-b29">
         <name>__TI_static_base__</name>
         <value>0x0</value>
      </symbol>
      <symbol id="sm-b2c">
         <name>__mpu_init</name>
         <value>0x0</value>
      </symbol>
      <symbol id="sm-b2d">
         <name>_system_post_cinit</name>
         <value>0x0</value>
      </symbol>
      <symbol id="sm-b2e">
         <name>NMI_Handler</name>
         <value>0x1c485</value>
      </symbol>
      <symbol id="sm-b2f">
         <name>HardFault_Handler</name>
         <value>0x1c485</value>
      </symbol>
      <symbol id="sm-b30">
         <name>MemManage_Handler</name>
         <value>0x1c485</value>
      </symbol>
      <symbol id="sm-b31">
         <name>BusFault_Handler</name>
         <value>0x1c485</value>
      </symbol>
      <symbol id="sm-b32">
         <name>UsageFault_Handler</name>
         <value>0x1c485</value>
      </symbol>
      <symbol id="sm-b33">
         <name>SVC_Handler</name>
         <value>0x1c485</value>
      </symbol>
      <symbol id="sm-b34">
         <name>DebugMon_Handler</name>
         <value>0x1c485</value>
      </symbol>
      <symbol id="sm-b35">
         <name>PendSV_Handler</name>
         <value>0x1c485</value>
      </symbol>
      <symbol id="sm-b36">
         <name>SysTick_Handler</name>
         <value>0x1c485</value>
      </symbol>
      <symbol id="sm-b37">
         <name>PSS_IRQHandler</name>
         <value>0x1c485</value>
      </symbol>
      <symbol id="sm-b38">
         <name>CS_IRQHandler</name>
         <value>0x1c485</value>
      </symbol>
      <symbol id="sm-b39">
         <name>PCM_IRQHandler</name>
         <value>0x1c485</value>
      </symbol>
      <symbol id="sm-b3a">
         <name>WDT_A_IRQHandler</name>
         <value>0x1c485</value>
      </symbol>
      <symbol id="sm-b3b">
         <name>FPU_IRQHandler</name>
         <value>0x1c485</value>
      </symbol>
      <symbol id="sm-b3c">
         <name>FLCTL_IRQHandler</name>
         <value>0x1c485</value>
      </symbol>
      <symbol id="sm-b3d">
         <name>COMP_E0_IRQHandler</name>
         <value>0x1c485</value>
      </symbol>
      <symbol id="sm-b3e">
         <name>COMP_E1_IRQHandler</name>
         <value>0x1c485</value>
      </symbol>
      <symbol id="sm-b3f">
         <name>TA0_0_IRQHandler</name>
         <value>0x1c485</value>
      </symbol>
      <symbol id="sm-b40">
         <name>TA0_N_IRQHandler</name>
         <value>0x1c485</value>
      </symbol>
      <symbol id="sm-b41">
         <name>TA1_0_IRQHandler</name>
         <value>0x1c485</value>
      </symbol>
      <symbol id="sm-b42">
         <name>TA1_N_IRQHandler</name>
         <value>0x1c485</value>
      </symbol>
      <symbol id="sm-b43">
         <name>TA2_0_IRQHandler</name>
         <value>0x1c485</value>
      </symbol>
      <symbol id="sm-b44">
         <name>TA2_N_IRQHandler</name>
         <value>0x1c485</value>
      </symbol>
      <symbol id="sm-b45">
         <name>TA3_0_IRQHandler</name>
         <value>0x1c485</value>
      </symbol>
      <symbol id="sm-b46">
         <name>TA3_N_IRQHandler</name>
         <value>0x1c485</value>
      </symbol>
      <symbol id="sm-b47">
         <name>EUSCIA0_IRQHandler</name>
         <value>0x1c485</value>
      </symbol>
      <symbol id="sm-b48">
         <name>EUSCIA1_IRQHandler</name>
         <value>0x1c485</value>
      </symbol>
      <symbol id="sm-b49">
         <name>EUSCIA2_IRQHandler</name>
         <value>0x1c485</value>
      </symbol>
      <symbol id="sm-b4a">
         <name>EUSCIA3_IRQHandler</name>
         <value>0x1c485</value>
      </symbol>
      <symbol id="sm-b4b">
         <name>EUSCIB0_IRQHandler</name>
         <value>0x1c485</value>
      </symbol>
      <symbol id="sm-b4c">
         <name>EUSCIB1_IRQHandler</name>
         <value>0x1c485</value>
      </symbol>
      <symbol id="sm-b4d">
         <name>EUSCIB2_IRQHandler</name>
         <value>0x1c485</value>
      </symbol>
      <symbol id="sm-b4e">
         <name>EUSCIB3_IRQHandler</name>
         <value>0x1c485</value>
      </symbol>
      <symbol id="sm-b4f">
         <name>ADC14_IRQHandler</name>
         <value>0x1c485</value>
      </symbol>
      <symbol id="sm-b50">
         <name>T32_INT1_IRQHandler</name>
         <value>0x1c485</value>
      </symbol>
      <symbol id="sm-b51">
         <name>T32_INT2_IRQHandler</name>
         <value>0x1c485</value>
      </symbol>
      <symbol id="sm-b52">
         <name>T32_INTC_IRQHandler</name>
         <value>0x1c485</value>
      </symbol>
      <symbol id="sm-b53">
         <name>AES256_IRQHandler</name>
         <value>0x1c485</value>
      </symbol>
      <symbol id="sm-b54">
         <name>RTC_C_IRQHandler</name>
         <value>0x1c485</value>
      </symbol>
      <symbol id="sm-b55">
         <name>DMA_ERR_IRQHandler</name>
         <value>0x1c485</value>
      </symbol>
      <symbol id="sm-b56">
         <name>DMA_INT3_IRQHandler</name>
         <value>0x1c485</value>
      </symbol>
      <symbol id="sm-b57">
         <name>DMA_INT2_IRQHandler</name>
         <value>0x1c485</value>
      </symbol>
      <symbol id="sm-b58">
         <name>DMA_INT1_IRQHandler</name>
         <value>0x1c485</value>
      </symbol>
      <symbol id="sm-b59">
         <name>DMA_INT0_IRQHandler</name>
         <value>0x1c485</value>
      </symbol>
      <symbol id="sm-b5a">
         <name>PORT1_IRQHandler</name>
         <value>0x1c485</value>
      </symbol>
      <symbol id="sm-b5b">
         <name>PORT2_IRQHandler</name>
         <value>0x1c485</value>
      </symbol>
      <symbol id="sm-b5c">
         <name>PORT3_IRQHandler</name>
         <value>0x1c485</value>
      </symbol>
      <symbol id="sm-b5d">
         <name>PORT4_IRQHandler</name>
         <value>0x1b4b9</value>
      </symbol>
      <symbol id="sm-b5e">
         <name>PORT5_IRQHandler</name>
         <value>0x1c485</value>
      </symbol>
      <symbol id="sm-b5f">
         <name>PORT6_IRQHandler</name>
         <value>0x19e39</value>
      </symbol>
      <symbol id="sm-b60">
         <name>remove</name>
         <value>0x1c339</value>
      </symbol>
   </symbol_table>
   <title>Link successful</title>
</link_info>
