******************************************************************************
                  TI ARM Linker PC v20.2.7                     
******************************************************************************
>> Linked Sat Mar  2 19:18:43 2024

OUTPUT FILE NAME:   <inc.out>
ENTRY POINT SYMBOL: "_c_int00_noargs"  address: 00002295


MEMORY CONFIGURATION

         name            origin    length      used     unused   attr    fill
----------------------  --------  ---------  --------  --------  ----  --------
  MAIN                  00000000   00040000  00002368  0003dc98  R  X
  INFO                  00200000   00004000  00000000  00004000  R  X
  SRAM_CODE             01000000   00010000  00000881  0000f77f  RW X
  SRAM_DATA             20000000   00010000  00000881  0000f77f  RW  


SEGMENT ALLOCATION MAP

run origin  load origin   length   init length attrs members
----------  ----------- ---------- ----------- ----- -------
00000000    00000000    00002368   00002368    r-x
  00000000    00000000    000000e4   000000e4    r-- .intvecs
  000000e4    000000e4    0000224c   0000224c    r-x .text
  00002330    00002330    00000038   00000038    r-- .cinit
20000000    20000000    00000684   00000000    rw-
  20000000    20000000    00000400   00000000    rw- .sysmem
  20000400    20000400    00000259   00000000    rw- .bss
  2000065c    2000065c    00000028   00000000    rw- .data
2000fe00    2000fe00    00000200   00000000    rw-
  2000fe00    2000fe00    00000200   00000000    rw- .stack


SECTION ALLOCATION MAP

 output                                  attributes/
section   page    origin      length       input sections
--------  ----  ----------  ----------   ----------------
.intvecs   0    00000000    000000e4     
                  00000000    000000e4     startup_msp432p401r_ccs.obj (.intvecs:retain)

.text      0    000000e4    0000224c     
                  000000e4    000006c8     TExaS.obj (.text)
                  000007ac    000005b6     EUSCIA0.obj (.text)
                  00000d62    00000002     incmain.obj (.text)
                  00000d64    0000051c     opt3101.obj (.text)
                  00001280    0000032c     system_msp432p401r.obj (.text)
                  000015ac    000002e8     TMP117.obj (.text)
                  00001894    00000218     I2CB1.obj (.text)
                  00001aac    000001e0     Clock.obj (.text)
                  00001c8c    000001a4     UART1.obj (.text)
                  00001e30    0000014c     ADCTA0Trigger.obj (.text)
                  00001f7c    000000b0     TimerA0.obj (.text)
                  0000202c    000000a8     TimerA2.obj (.text)
                  000020d4    0000009c     rtsv7M4_T_le_v4SPD16_eabi.lib : memcpy_t2.asm.obj (.text)
                  00002170    00000078     FIFO0.obj (.text)
                  000021e8    00000068     rtsv7M4_T_le_v4SPD16_eabi.lib : copy_decompress_lzss.c.obj (.text:decompress:lzss:__TI_decompress_lzss)
                  00002250    00000044                                   : autoinit.c.obj (.text:__TI_auto_init_nobinit_nopinit:__TI_auto_init_nobinit_nopinit)
                  00002294    00000034                                   : boot_cortex_m.c.obj (.text:_c_int00_noargs:_c_int00_noargs)
                  000022c8    00000028     TA3InputCapture.obj (.text)
                  000022f0    0000001c     rtsv7M4_T_le_v4SPD16_eabi.lib : copy_zero_init.c.obj (.text:decompress:ZI:__TI_zero_init_nomemset:__TI_zero_init_nomemset)
                  0000230c    0000000e                                   : copy_decompress_none.c.obj (.text:decompress:none:__TI_decompress_none)
                  0000231a    0000000e     startup_msp432p401r_ccs.obj (.text)
                  00002328    00000004     rtsv7M4_T_le_v4SPD16_eabi.lib : pre_init.c.obj (.text:_system_pre_init)
                  0000232c    00000004                                   : exit.c.obj (.text:abort:abort)

.cinit     0    00002330    00000038     
                  00002330    0000000d     (.cinit..data.load) [load image, compression = lzss]
                  0000233d    00000003     --HOLE-- [fill = 0]
                  00002340    0000000c     (__TI_handler_table)
                  0000234c    00000004     --HOLE-- [fill = 0]
                  00002350    00000008     (.cinit..bss.load) [load image, compression = zero_init]
                  00002358    00000010     (__TI_cinit_table)

.init_array 
*          0    00000000    00000000     UNINITIALIZED

.binit     0    00000000    00000000     

.sysmem    0    20000000    00000400     UNINITIALIZED
                  20000000    00000010     rtsv7M4_T_le_v4SPD16_eabi.lib : memory.c.obj (.sysmem)
                  20000010    000003f0     --HOLE--

.bss       0    20000400    00000259     UNINITIALIZED
                  20000400    00000100     (.common:RxFIFO)
                  20000500    00000100     (.common:TxHistogram)
                  20000600    0000000c     (.common:ChannelCount)
                  2000060c    00000008     opt3101.obj (.bss)
                  20000614    00000008     (.common:Messagec)
                  2000061c    00000004     (.common:FinishedTask)
                  20000620    00000004     (.common:ISRLast)
                  20000624    00000004     (.common:ISRPeriod)
                  20000628    00000004     (.common:ISRTime)
                  2000062c    00000004     (.common:Messageindexc)
                  20000630    00000004     (.common:PTxChan)
                  20000634    00000004     (.common:Pamplitudes)
                  20000638    00000004     (.common:Pdistances)
                  2000063c    00000004     (.common:PeriodicTask2)
                  20000640    00000004     (.common:Ptemperature)
                  20000644    00000004     (.common:RxFifoLost)
                  20000648    00000004     (.common:RxGetI)
                  2000064c    00000004     (.common:RxPutI)
                  20000650    00000004     (.common:TimerA0Task)
                  20000654    00000004     (.common:TimerA2Task)
                  20000658    00000001     (.common:LogicData)

.data      0    2000065c    00000028     UNINITIALIZED
                  2000065c    00000018     Clock.obj (.data)
                  20000674    0000000c     TExaS.obj (.data)
                  20000680    00000004     system_msp432p401r.obj (.data)

.stack     0    2000fe00    00000200     UNINITIALIZED
                  2000fe00    00000004     rtsv7M4_T_le_v4SPD16_eabi.lib : boot_cortex_m.c.obj (.stack)
                  2000fe04    000001fc     --HOLE--

__llvm_prf_cnts 
*          0    20000000    00000000     UNINITIALIZED

MODULE SUMMARY

       Module                        code   ro data   rw data
       ------                        ----   -------   -------
    .\
       TExaS.obj                     1736   0         34     
       EUSCIA0.obj                   1462   0         24     
       opt3101.obj                   1308   0         88     
       UART1.obj                     420    0         536    
       system_msp432p401r.obj        812    0         8      
       TMP117.obj                    744    0         8      
       FIFO0.obj                     120    0         512    
       I2CB1.obj                     536    0         0      
       Clock.obj                     480    0         48     
       ADCTA0Trigger.obj             332    0         8      
       startup_msp432p401r_ccs.obj   14     228       0      
       TimerA0.obj                   176    0         8      
       TimerA2.obj                   168    0         8      
       TA3InputCapture.obj           40     0         0      
       incmain.obj                   2      0         0      
    +--+-----------------------------+------+---------+---------+
       Total:                        8350   228       1282   
                                                             
    C:\ti\ccs1260\ccs\tools\compiler\ti-cgt-arm_20.2.7.LTS\lib\rtsv7M4_T_le_v4SPD16_eabi.lib
       memcpy_t2.asm.obj             156    0         0      
       copy_decompress_lzss.c.obj    104    0         0      
       autoinit.c.obj                68     0         0      
       boot_cortex_m.c.obj           52     0         0      
       copy_zero_init.c.obj          28     0         0      
       copy_decompress_none.c.obj    14     0         0      
       exit.c.obj                    4      0         0      
       pre_init.c.obj                4      0         0      
    +--+-----------------------------+------+---------+---------+
       Total:                        430    0         0      
                                                             
       Heap:                         0      0         2048   
       Stack:                        0      0         1024   
       Linker Generated:             0      49        0      
    +--+-----------------------------+------+---------+---------+
       Grand Total:                  8780   277       4354   


LINKER GENERATED COPY TABLES

__TI_cinit_table @ 00002358 records: 2, size/record: 8, table size: 16
	.data: load addr=00002330, load size=0000000d bytes, run addr=2000065c, run size=00000028 bytes, compression=lzss
	.bss: load addr=00002350, load size=00000008 bytes, run addr=20000400, run size=00000259 bytes, compression=zero_init


LINKER GENERATED HANDLER TABLE

__TI_handler_table @ 00002340 records: 3, size/record: 4, table size: 12
	index: 0, handler: __TI_decompress_lzss
	index: 1, handler: __TI_decompress_none
	index: 2, handler: __TI_zero_init


GLOBAL SYMBOLS: SORTED ALPHABETICALLY BY Name 

address   name                                   
-------   ----                                   
00001e31  ADC0_InitTA0TriggerCh6                 
00001f13  ADC14_IRQHandler                       
00001f13  ADC14_IRQHandler                       
000004f1  ADC_Init                               
00002327  AES256_IRQHandler                      
00002327  BusFault_Handler                       
0000232d  C$$EXIT                                
00002327  COMP_E0_IRQHandler                     
00002327  COMP_E1_IRQHandler                     
20000664  CPMwait                                
00002327  CS_IRQHandler                          
20000600  ChannelCount                           
2000065c  ClockFrequency                         
00001c01  Clock_Delay1ms                         
00001bd7  Clock_Delay1us                         
00001bc3  Clock_GetFreq                          
00001aad  Clock_Init48MHz                        
20000670  Crystalstable                          
00002327  DMA_ERR_IRQHandler                     
00002327  DMA_INT0_IRQHandler                    
00002327  DMA_INT1_IRQHandler                    
00002327  DMA_INT2_IRQHandler                    
00002327  DMA_INT3_IRQHandler                    
00002327  DebugMon_Handler                       
00002327  Default_Handler                        
0000083d  EUSCIA0_IRQHandler                     
0000083d  EUSCIA0_IRQHandler                     
00000811  EUSCIA0_InChar                         
00000cd9  EUSCIA0_InString                       
00000891  EUSCIA0_InUDec                         
00000b8d  EUSCIA0_InUHex                         
000007ad  EUSCIA0_Init                           
00000823  EUSCIA0_OutChar                        
00000873  EUSCIA0_OutString                      
00000915  EUSCIA0_OutUDec                        
00000aa5  EUSCIA0_OutUDec4                       
00000add  EUSCIA0_OutUDec5                       
00000b19  EUSCIA0_OutUFix1                       
00000b41  EUSCIA0_OutUFix2                       
00000c55  EUSCIA0_OutUHex                        
00000cbb  EUSCIA0_OutUHex2                       
00000c99  EUSCIA0outnibble                       
00002327  EUSCIA1_IRQHandler                     
00001db5  EUSCIA2_IRQHandler                     
00001db5  EUSCIA2_IRQHandler                     
00002327  EUSCIA3_IRQHandler                     
00002327  EUSCIB0_IRQHandler                     
00002327  EUSCIB1_IRQHandler                     
00002327  EUSCIB2_IRQHandler                     
00002327  EUSCIB3_IRQHandler                     
00002327  FLCTL_IRQHandler                       
00002327  FPU_IRQHandler                         
2000061c  FinishedTask                           
00002327  HardFault_Handler                      
00001895  I2CB1_Init                             
0000195b  I2CB1_Recv                             
00001a6b  I2CB1_Recv1                            
000018e3  I2CB1_Send                             
000019d7  I2CB1_Send1                            
00001a33  I2CB1_Send2                            
00001a47  I2CB1_Send3                            
00001a59  I2CB1_Send4                            
2000066c  IFlags                                 
20000620  ISRLast                                
20000624  ISRPeriod                              
20000628  ISRTime                                
000000e5  LogicAnalyzer                          
000000ef  LogicAnalyzer_P1                       
000001c5  LogicAnalyzer_P10                      
000000fd  LogicAnalyzer_P2                       
000001d3  LogicAnalyzer_P27_P26_P82_P92_P104_P105
0000010b  LogicAnalyzer_P2_7654                  
0000011b  LogicAnalyzer_P3                       
00000129  LogicAnalyzer_P4                       
00000147  LogicAnalyzer_P4_765320                
00000137  LogicAnalyzer_P4_765432                
0000017f  LogicAnalyzer_P5                       
0000020b  LogicAnalyzer_P55_P54_P27_P26_P37_P36  
0000018d  LogicAnalyzer_P6                       
0000019b  LogicAnalyzer_P7                       
000001a9  LogicAnalyzer_P8                       
000001b7  LogicAnalyzer_P9                       
20000658  LogicData                              
00002327  MemManage_Handler                      
20000614  Messagec                               
2000062c  Messageindexc                          
00002327  NMI_Handler                            
00001197  OPT3101_ArmInterrupts                  
00000f57  OPT3101_CalibrateInternalCrosstalk     
000010fd  OPT3101_CheckDistanceSensor            
000010c9  OPT3101_GetAmplitude                   
000010e7  OPT3101_GetDistanceMillimeters         
00001115  OPT3101_GetMeasurement                 
000010dd  OPT3101_GetPhase                       
000010bf  OPT3101_GetTxChannel                   
00000dcf  OPT3101_Init                           
0000109f  OPT3101_MeasurementError               
00001087  OPT3101_ReadMeasurement                
00000d65  OPT3101_ReadRegister                   
00000e2d  OPT3101_Setup                          
00001039  OPT3101_StartMeasurement               
00001047  OPT3101_StartMeasurementChannel        
00000d95  OPT3101_WriteRegister                  
00002327  PCM_IRQHandler                         
00002327  PORT1_IRQHandler                       
00002327  PORT2_IRQHandler                       
00002327  PORT3_IRQHandler                       
0000184f  PORT4_IRQHandler                       
0000184f  PORT4_IRQHandler                       
00002327  PORT5_IRQHandler                       
000011ed  PORT6_IRQHandler                       
000011ed  PORT6_IRQHandler                       
00002327  PSS_IRQHandler                         
20000630  PTxChan                                
20000634  Pamplitudes                            
20000638  Pdistances                             
00002327  PendSV_Handler                         
2000063c  PeriodicTask2                          
000002b9  PeriodicTask2_Init                     
00000333  PeriodicTask2_Stop                     
20000668  Postwait                               
20000660  Prewait                                
20000640  Ptemperature                           
00002327  RTC_C_IRQHandler                       
0000231b  Reset_Handler                          
20000400  RxFIFO                                 
000021d3  RxFifo0_Get                            
000021c3  RxFifo0_Init                           
000021c5  RxFifo0_Put                            
000021df  RxFifo0_Size                           
20000644  RxFifoLost                             
00001ce5  RxFifo_Get                             
00001c8d  RxFifo_Init                            
00001c9f  RxFifo_Put                             
20000648  RxGetI                                 
2000064c  RxPutI                                 
00002327  SVC_Handler                            
00000235  Scope                                  
00002327  SysTick_Handler                        
20000680  SystemCoreClock                        
00001281  SystemCoreClockUpdate                  
000014f5  SystemInit                             
00000323  T32_INT1_IRQHandler                    
00000323  T32_INT1_IRQHandler                    
00002327  T32_INT2_IRQHandler                    
00002327  T32_INTC_IRQHandler                    
00001ff7  TA0_0_IRQHandler                       
00001ff7  TA0_0_IRQHandler                       
00002327  TA0_N_IRQHandler                       
00002327  TA1_0_IRQHandler                       
00002327  TA1_N_IRQHandler                       
0000209f  TA2_0_IRQHandler                       
0000209f  TA2_0_IRQHandler                       
00002327  TA2_N_IRQHandler                       
000022e1  TA3_0_IRQHandler                       
000022e1  TA3_0_IRQHandler                       
000022e3  TA3_N_IRQHandler                       
000022e3  TA3_N_IRQHandler                       
00000485  TExaS_Clear0                           
00000491  TExaS_Clear1                           
000004a5  TExaS_Clear2                           
000004b1  TExaS_Clear3                           
000004bd  TExaS_Clear4                           
000004bf  TExaS_Clear5                           
000004cb  TExaS_Clear6                           
000005b5  TExaS_Init                             
20000678  TExaS_ScopeErrConflict                 
20000674  TExaS_ScopeErrLostData                 
2000067c  TExaS_ScopeWrnReconfig                 
00000413  TExaS_Set                              
0000042b  TExaS_Set0                             
00000437  TExaS_Set1                             
00000443  TExaS_Set2                             
0000044f  TExaS_Set3                             
0000045b  TExaS_Set4                             
0000045d  TExaS_Set5                             
00000475  TExaS_Set6                             
00000741  TExaS_Stop                             
000003c9  TExaS_Task0                            
000003d5  TExaS_Task1                            
000003e1  TExaS_Task2                            
000003ed  TExaS_Task3                            
000003f9  TExaS_Task4                            
000003fb  TExaS_Task5                            
00000407  TExaS_Task6                            
000017f1  TMP117_Arm                             
00001783  TMP117_Init                            
0000183d  TMP117_ReadTemperature                 
0000182d  TMP117_Reset                           
20000650  TimerA0Task                            
00001f7d  TimerA0_Init                           
00001fe1  TimerA0_Stop                           
20000654  TimerA2Task                            
0000202d  TimerA2_Init                           
0000208b  TimerA2_Stop                           
000022d5  TimerA3Capture_Init01                  
000022e5  TimerA3Capture_Init02                  
000021b3  TxFifo0_Get                            
00002171  TxFifo0_Init                           
00002199  TxFifo0_Put                            
000021bf  TxFifo0_Size                           
20000500  TxHistogram                            
00001de9  UART1_FinishOutput                     
00001d87  UART1_InChar                           
00001d1b  UART1_InStatus                         
00001d2b  UART1_Init                             
00001d99  UART1_OutChar                          
00001dcb  UART1_OutString                        
0000039d  UART_InChar                            
00000343  UART_Init                              
000003ad  UART_OutChar                           
00002327  UsageFault_Handler                     
4000480c  WDTCTL_SYM                             
00002327  WDT_A_IRQHandler                       
20010000  __STACK_END                            
00000200  __STACK_SIZE                           
00000400  __SYSMEM_SIZE                          
00002358  __TI_CINIT_Base                        
00002368  __TI_CINIT_Limit                       
00002340  __TI_Handler_Table_Base                
0000234c  __TI_Handler_Table_Limit               
00002251  __TI_auto_init_nobinit_nopinit         
000021e9  __TI_decompress_lzss                   
0000230d  __TI_decompress_none                   
ffffffff  __TI_pprof_out_hndl                    
ffffffff  __TI_prof_data_size                    
ffffffff  __TI_prof_data_start                   
00000000  __TI_static_base__                     
000022f1  __TI_zero_init_nomemset                
000020d5  __aeabi_memcpy                         
000020d5  __aeabi_memcpy4                        
000020d5  __aeabi_memcpy8                        
ffffffff  __binit__                              
ffffffff  __c_args__                             
UNDEFED   __mpu_init                             
2000fe00  __stack                                
20000000  __start___llvm_prf_cnts                
20000000  __stop___llvm_prf_cnts                 
00002295  _c_int00_noargs                        
20000000  _sys_memory                            
UNDEFED   _system_post_cinit                     
00002329  _system_pre_init                       
0000232d  abort                                  
ffffffff  binit                                  
00001bc9  delay                                  
00000000  interruptVectors                       
00000d63  main                                   
000020d5  memcpy                                 
000022c9  ta3dummy                               


GLOBAL SYMBOLS: SORTED BY Symbol Address 

address   name                                   
-------   ----                                   
00000000  __TI_static_base__                     
00000000  interruptVectors                       
000000e5  LogicAnalyzer                          
000000ef  LogicAnalyzer_P1                       
000000fd  LogicAnalyzer_P2                       
0000010b  LogicAnalyzer_P2_7654                  
0000011b  LogicAnalyzer_P3                       
00000129  LogicAnalyzer_P4                       
00000137  LogicAnalyzer_P4_765432                
00000147  LogicAnalyzer_P4_765320                
0000017f  LogicAnalyzer_P5                       
0000018d  LogicAnalyzer_P6                       
0000019b  LogicAnalyzer_P7                       
000001a9  LogicAnalyzer_P8                       
000001b7  LogicAnalyzer_P9                       
000001c5  LogicAnalyzer_P10                      
000001d3  LogicAnalyzer_P27_P26_P82_P92_P104_P105
00000200  __STACK_SIZE                           
0000020b  LogicAnalyzer_P55_P54_P27_P26_P37_P36  
00000235  Scope                                  
000002b9  PeriodicTask2_Init                     
00000323  T32_INT1_IRQHandler                    
00000323  T32_INT1_IRQHandler                    
00000333  PeriodicTask2_Stop                     
00000343  UART_Init                              
0000039d  UART_InChar                            
000003ad  UART_OutChar                           
000003c9  TExaS_Task0                            
000003d5  TExaS_Task1                            
000003e1  TExaS_Task2                            
000003ed  TExaS_Task3                            
000003f9  TExaS_Task4                            
000003fb  TExaS_Task5                            
00000400  __SYSMEM_SIZE                          
00000407  TExaS_Task6                            
00000413  TExaS_Set                              
0000042b  TExaS_Set0                             
00000437  TExaS_Set1                             
00000443  TExaS_Set2                             
0000044f  TExaS_Set3                             
0000045b  TExaS_Set4                             
0000045d  TExaS_Set5                             
00000475  TExaS_Set6                             
00000485  TExaS_Clear0                           
00000491  TExaS_Clear1                           
000004a5  TExaS_Clear2                           
000004b1  TExaS_Clear3                           
000004bd  TExaS_Clear4                           
000004bf  TExaS_Clear5                           
000004cb  TExaS_Clear6                           
000004f1  ADC_Init                               
000005b5  TExaS_Init                             
00000741  TExaS_Stop                             
000007ad  EUSCIA0_Init                           
00000811  EUSCIA0_InChar                         
00000823  EUSCIA0_OutChar                        
0000083d  EUSCIA0_IRQHandler                     
0000083d  EUSCIA0_IRQHandler                     
00000873  EUSCIA0_OutString                      
00000891  EUSCIA0_InUDec                         
00000915  EUSCIA0_OutUDec                        
00000aa5  EUSCIA0_OutUDec4                       
00000add  EUSCIA0_OutUDec5                       
00000b19  EUSCIA0_OutUFix1                       
00000b41  EUSCIA0_OutUFix2                       
00000b8d  EUSCIA0_InUHex                         
00000c55  EUSCIA0_OutUHex                        
00000c99  EUSCIA0outnibble                       
00000cbb  EUSCIA0_OutUHex2                       
00000cd9  EUSCIA0_InString                       
00000d63  main                                   
00000d65  OPT3101_ReadRegister                   
00000d95  OPT3101_WriteRegister                  
00000dcf  OPT3101_Init                           
00000e2d  OPT3101_Setup                          
00000f57  OPT3101_CalibrateInternalCrosstalk     
00001039  OPT3101_StartMeasurement               
00001047  OPT3101_StartMeasurementChannel        
00001087  OPT3101_ReadMeasurement                
0000109f  OPT3101_MeasurementError               
000010bf  OPT3101_GetTxChannel                   
000010c9  OPT3101_GetAmplitude                   
000010dd  OPT3101_GetPhase                       
000010e7  OPT3101_GetDistanceMillimeters         
000010fd  OPT3101_CheckDistanceSensor            
00001115  OPT3101_GetMeasurement                 
00001197  OPT3101_ArmInterrupts                  
000011ed  PORT6_IRQHandler                       
000011ed  PORT6_IRQHandler                       
00001281  SystemCoreClockUpdate                  
000014f5  SystemInit                             
00001783  TMP117_Init                            
000017f1  TMP117_Arm                             
0000182d  TMP117_Reset                           
0000183d  TMP117_ReadTemperature                 
0000184f  PORT4_IRQHandler                       
0000184f  PORT4_IRQHandler                       
00001895  I2CB1_Init                             
000018e3  I2CB1_Send                             
0000195b  I2CB1_Recv                             
000019d7  I2CB1_Send1                            
00001a33  I2CB1_Send2                            
00001a47  I2CB1_Send3                            
00001a59  I2CB1_Send4                            
00001a6b  I2CB1_Recv1                            
00001aad  Clock_Init48MHz                        
00001bc3  Clock_GetFreq                          
00001bc9  delay                                  
00001bd7  Clock_Delay1us                         
00001c01  Clock_Delay1ms                         
00001c8d  RxFifo_Init                            
00001c9f  RxFifo_Put                             
00001ce5  RxFifo_Get                             
00001d1b  UART1_InStatus                         
00001d2b  UART1_Init                             
00001d87  UART1_InChar                           
00001d99  UART1_OutChar                          
00001db5  EUSCIA2_IRQHandler                     
00001db5  EUSCIA2_IRQHandler                     
00001dcb  UART1_OutString                        
00001de9  UART1_FinishOutput                     
00001e31  ADC0_InitTA0TriggerCh6                 
00001f13  ADC14_IRQHandler                       
00001f13  ADC14_IRQHandler                       
00001f7d  TimerA0_Init                           
00001fe1  TimerA0_Stop                           
00001ff7  TA0_0_IRQHandler                       
00001ff7  TA0_0_IRQHandler                       
0000202d  TimerA2_Init                           
0000208b  TimerA2_Stop                           
0000209f  TA2_0_IRQHandler                       
0000209f  TA2_0_IRQHandler                       
000020d5  __aeabi_memcpy                         
000020d5  __aeabi_memcpy4                        
000020d5  __aeabi_memcpy8                        
000020d5  memcpy                                 
00002171  TxFifo0_Init                           
00002199  TxFifo0_Put                            
000021b3  TxFifo0_Get                            
000021bf  TxFifo0_Size                           
000021c3  RxFifo0_Init                           
000021c5  RxFifo0_Put                            
000021d3  RxFifo0_Get                            
000021df  RxFifo0_Size                           
000021e9  __TI_decompress_lzss                   
00002251  __TI_auto_init_nobinit_nopinit         
00002295  _c_int00_noargs                        
000022c9  ta3dummy                               
000022d5  TimerA3Capture_Init01                  
000022e1  TA3_0_IRQHandler                       
000022e1  TA3_0_IRQHandler                       
000022e3  TA3_N_IRQHandler                       
000022e3  TA3_N_IRQHandler                       
000022e5  TimerA3Capture_Init02                  
000022f1  __TI_zero_init_nomemset                
0000230d  __TI_decompress_none                   
0000231b  Reset_Handler                          
00002327  AES256_IRQHandler                      
00002327  BusFault_Handler                       
00002327  COMP_E0_IRQHandler                     
00002327  COMP_E1_IRQHandler                     
00002327  CS_IRQHandler                          
00002327  DMA_ERR_IRQHandler                     
00002327  DMA_INT0_IRQHandler                    
00002327  DMA_INT1_IRQHandler                    
00002327  DMA_INT2_IRQHandler                    
00002327  DMA_INT3_IRQHandler                    
00002327  DebugMon_Handler                       
00002327  Default_Handler                        
00002327  EUSCIA1_IRQHandler                     
00002327  EUSCIA3_IRQHandler                     
00002327  EUSCIB0_IRQHandler                     
00002327  EUSCIB1_IRQHandler                     
00002327  EUSCIB2_IRQHandler                     
00002327  EUSCIB3_IRQHandler                     
00002327  FLCTL_IRQHandler                       
00002327  FPU_IRQHandler                         
00002327  HardFault_Handler                      
00002327  MemManage_Handler                      
00002327  NMI_Handler                            
00002327  PCM_IRQHandler                         
00002327  PORT1_IRQHandler                       
00002327  PORT2_IRQHandler                       
00002327  PORT3_IRQHandler                       
00002327  PORT5_IRQHandler                       
00002327  PSS_IRQHandler                         
00002327  PendSV_Handler                         
00002327  RTC_C_IRQHandler                       
00002327  SVC_Handler                            
00002327  SysTick_Handler                        
00002327  T32_INT2_IRQHandler                    
00002327  T32_INTC_IRQHandler                    
00002327  TA0_N_IRQHandler                       
00002327  TA1_0_IRQHandler                       
00002327  TA1_N_IRQHandler                       
00002327  TA2_N_IRQHandler                       
00002327  UsageFault_Handler                     
00002327  WDT_A_IRQHandler                       
00002329  _system_pre_init                       
0000232d  C$$EXIT                                
0000232d  abort                                  
00002340  __TI_Handler_Table_Base                
0000234c  __TI_Handler_Table_Limit               
00002358  __TI_CINIT_Base                        
00002368  __TI_CINIT_Limit                       
20000000  __start___llvm_prf_cnts                
20000000  __stop___llvm_prf_cnts                 
20000000  _sys_memory                            
20000400  RxFIFO                                 
20000500  TxHistogram                            
20000600  ChannelCount                           
20000614  Messagec                               
2000061c  FinishedTask                           
20000620  ISRLast                                
20000624  ISRPeriod                              
20000628  ISRTime                                
2000062c  Messageindexc                          
20000630  PTxChan                                
20000634  Pamplitudes                            
20000638  Pdistances                             
2000063c  PeriodicTask2                          
20000640  Ptemperature                           
20000644  RxFifoLost                             
20000648  RxGetI                                 
2000064c  RxPutI                                 
20000650  TimerA0Task                            
20000654  TimerA2Task                            
20000658  LogicData                              
2000065c  ClockFrequency                         
20000660  Prewait                                
20000664  CPMwait                                
20000668  Postwait                               
2000066c  IFlags                                 
20000670  Crystalstable                          
20000674  TExaS_ScopeErrLostData                 
20000678  TExaS_ScopeErrConflict                 
2000067c  TExaS_ScopeWrnReconfig                 
20000680  SystemCoreClock                        
2000fe00  __stack                                
20010000  __STACK_END                            
4000480c  WDTCTL_SYM                             
ffffffff  __TI_pprof_out_hndl                    
ffffffff  __TI_prof_data_size                    
ffffffff  __TI_prof_data_start                   
ffffffff  __binit__                              
ffffffff  __c_args__                             
ffffffff  binit                                  
UNDEFED   __mpu_init                             
UNDEFED   _system_post_cinit                     

[249 symbols]
