******************************************************************************
                  TI ARM Linker PC v20.2.7                     
******************************************************************************
>> Linked Sun Apr 21 17:12:29 2024

OUTPUT FILE NAME:   <CC3100BOOST_MQTT-TwitterLED_MSP432P401R.out>
ENTRY POINT SYMBOL: "_c_int00_noargs"  address: 0000c431


MEMORY CONFIGURATION

         name            origin    length      used     unused   attr    fill
----------------------  --------  ---------  --------  --------  ----  --------
  MAIN                  00000000   00040000  0000c905  000336fb  R  X
  INFO                  00200000   00004000  00000000  00004000  R  X
  SRAM_CODE             01000000   00010000  00003dfd  0000c203  RW X
  SRAM_DATA             20000000   00010000  00003dfd  0000c203  RW  


SEGMENT ALLOCATION MAP

run origin  load origin   length   init length attrs members
----------  ----------- ---------- ----------- ----- -------
00000000    00000000    0000c908   0000c908    r-x
  00000000    00000000    000000e4   000000e4    r-- .intvecs
  000000e4    000000e4    0000c3e8   0000c3e8    r-x .text
  0000c4cc    0000c4cc    00000389   00000389    r-- .const
  0000c858    0000c858    000000b0   000000b0    r-- .cinit
20000000    20000000    00003c00   00000000    rw-
  20000000    20000000    000000e4   00000000    rw- .vtable
  200000e4    200000e4    00003659   00000000    rw- .bss
  20003740    20003740    00000400   00000000    rw- .sysmem
  20003b40    20003b40    000000c0   00000000    rw- .data
2000fe00    2000fe00    00000200   00000000    rw-
  2000fe00    2000fe00    00000200   00000000    rw- .stack


SECTION ALLOCATION MAP

 output                                  attributes/
section   page    origin      length       input sections
--------  ----  ----------  ----------   ----------------
.intvecs   0    00000000    000000e4     
                  00000000    000000e4     startup_msp432p401r_ccs.obj (.intvecs:retain)

.text      0    000000e4    0000c3e8     
                  000000e4    00002034     driver.obj (.text)
                  00002118    00001598     flash.obj (.text)
                  000036b0    00001340     SSD1306.obj (.text)
                  000049f0    00000ed4     socket.obj (.text)
                  000058c4    00000d7c     cs.obj (.text)
                  00006640    00000b3c     netapp.obj (.text)
                  0000717c    00000838     pcm.obj (.text)
                  000079b4    00000824     main.obj (.text)
                  000081d8    000005d0     LPF.obj (.text)
                  000087a8    000005b4     device.obj (.text)
                  00008d5c    0000051c     opt3101.obj (.text)
                  00009278    00000508     rtc_c.obj (.text)
                  00009780    00000480     gpio.obj (.text)
                  00009c00    000003f0     interrupt.obj (.text)
                  00009ff0    000003cc     PWM.obj (.text)
                  0000a3bc    000003a4     I2CB1.obj (.text)
                  0000a760    00000388     MQTTCC3100.obj (.text)
                  0000aae8    00000344     board.obj (.text)
                  0000ae2c    0000032c     system_msp432p401r.obj (.text)
                  0000b158    00000244     sysctl.obj (.text)
                  0000b39c    00000214     spi_cc3100.obj (.text)
                  0000b5b0    000001e0     Clock.obj (.text)
                  0000b790    000001d4     TA3InputCapture.obj (.text)
                  0000b964    00000170     Motor.obj (.text)
                  0000bad4    0000016c     cli_uart.obj (.text)
                  0000bc40    00000130     nonos.obj (.text)
                  0000bd70    000000f8     LaunchPad.obj (.text)
                  0000be68    000000d8     wdt_a.obj (.text)
                  0000bf40    000000ac     TimerA0.obj (.text)
                  0000bfec    000000a8     TimerA1.obj (.text)
                  0000c094    000000a4     Bump.obj (.text)
                  0000c138    0000009c     rtsv7M4_T_le_v4SPD16_eabi.lib : memcpy_t2.asm.obj (.text)
                  0000c1d4    00000080     flowcont.obj (.text)
                  0000c254    0000007a     rtsv7M4_T_le_v4SPD16_eabi.lib : memset_t2.asm.obj (.text)
                  0000c2ce    00000002     --HOLE-- [fill = 0]
                  0000c2d0    00000074     systick.obj (.text)
                  0000c344    00000068     rtsv7M4_T_le_v4SPD16_eabi.lib : copy_decompress_lzss.c.obj (.text:decompress:lzss:__TI_decompress_lzss)
                  0000c3ac    00000044                                   : autoinit.c.obj (.text:__TI_auto_init_nobinit_nopinit:__TI_auto_init_nobinit_nopinit)
                  0000c3f0    0000003e     cpu.obj (.text)
                  0000c42e    00000002     --HOLE-- [fill = 0]
                  0000c430    00000034     rtsv7M4_T_le_v4SPD16_eabi.lib : boot_cortex_m.c.obj (.text:_c_int00_noargs:_c_int00_noargs)
                  0000c464    00000024     CortexM.obj (.text)
                  0000c488    00000014     rtsv7M4_T_le_v4SPD16_eabi.lib : strlen.c.obj (.text:strlen)
                  0000c49c    0000000e                                   : copy_decompress_none.c.obj (.text:decompress:none:__TI_decompress_none)
                  0000c4aa    0000000e     startup_msp432p401r_ccs.obj (.text)
                  0000c4b8    0000000c     rtsv7M4_T_le_v4SPD16_eabi.lib : copy_zero_init.c.obj (.text:decompress:ZI:__TI_zero_init)
                  0000c4c4    00000004                                   : pre_init.c.obj (.text:_system_pre_init)
                  0000c4c8    00000004                                   : exit.c.obj (.text:abort:abort)

.const     0    0000c4cc    00000389     
                  0000c4cc    000001e0     SSD1306.obj (.const:ASCII)
                  0000c6ac    00000050     interrupt.obj (.const:g_pulRegs)
                  0000c6fc    00000038     driver.obj (.const:_SlActionLookupTable)
                  0000c734    00000020     interrupt.obj (.const:g_pulPriority)
                  0000c754    0000001c     gpio.obj (.const:GPIO_PORT_TO_INT)
                  0000c770    00000008     SSD1306.obj (.const:.string:postmask)
                  0000c778    00000008     SSD1306.obj (.const:.string:premask)
                  0000c780    00000008     driver.obj (.const:g_H2NCnysPattern)
                  0000c788    00000008     driver.obj (.const:g_H2NSyncPattern)
                  0000c790    00000008     interrupt.obj (.const:g_pulDisRegs)
                  0000c798    00000008     interrupt.obj (.const:g_pulEnRegs)
                  0000c7a0    00000008     interrupt.obj (.const:g_pulPendRegs)
                  0000c7a8    00000008     interrupt.obj (.const:g_pulUnpendRegs)
                  0000c7b0    00000006     SSD1306.obj (.const:.string:init5)
                  0000c7b6    00000005     SSD1306.obj (.const:.string:dlist1)
                  0000c7bb    00000001     --HOLE-- [fill = 0]
                  0000c7bc    00000004     driver.obj (.const:$P$T0$1)
                  0000c7c0    00000004     netapp.obj (.const:$P$T0$1)
                  0000c7c4    00000004     socket.obj (.const:$P$T0$1)
                  0000c7c8    00000004     socket.obj (.const:$P$T1$2)
                  0000c7cc    00000004     socket.obj (.const:$P$T2$3)
                  0000c7d0    00000004     SSD1306.obj (.const:.string:init1)
                  0000c7d4    00000004     SSD1306.obj (.const:.string:init2)
                  0000c7d8    00000004     SSD1306.obj (.const:.string:init3)
                  0000c7dc    00000004     socket.obj (.const:_SlAcceptCmdCtrl)
                  0000c7e0    00000004     device.obj (.const:_SlDeviceGetCmdCtrl)
                  0000c7e4    00000004     device.obj (.const:_SlDeviceSetCmdCtrl)
                  0000c7e8    00000004     device.obj (.const:_SlEventMaskGetCmdCtrl)
                  0000c7ec    00000004     device.obj (.const:_SlEventMaskSetCmdCtrl)
                  0000c7f0    00000004     netapp.obj (.const:_SlGetHostByNameCtrl)
                  0000c7f4    00000004     netapp.obj (.const:_SlGetHostByServiceCtrl)
                  0000c7f8    00000004     netapp.obj (.const:_SlGetServiceListeCtrl)
                  0000c7fc    00000004     socket.obj (.const:_SlGetSockOptCmdCtrl)
                  0000c800    00000004     socket.obj (.const:_SlListenCmdCtrl)
                  0000c804    00000004     netapp.obj (.const:_SlNetAppGetCmdCtrl)
                  0000c808    00000004     netapp.obj (.const:_SlNetAppSendTokenValueCmdCtrl)
                  0000c80c    00000004     netapp.obj (.const:_SlNetAppSetCmdCtrl)
                  0000c810    00000004     netapp.obj (.const:_SlNetAppStartCtrl)
                  0000c814    00000004     netapp.obj (.const:_SlNetAppStopCtrl)
                  0000c818    00000004     socket.obj (.const:_SlRecvCmdCtrl)
                  0000c81c    00000004     socket.obj (.const:_SlRecvfomCmdCtrl)
                  0000c820    00000004     netapp.obj (.const:_SlRegisterServiceCtrl)
                  0000c824    00000004     socket.obj (.const:_SlSelectCmdCtrl)
                  0000c828    00000004     socket.obj (.const:_SlSendCmdCtrl)
                  0000c82c    00000004     socket.obj (.const:_SlSetSockOptCmdCtrl)
                  0000c830    00000004     socket.obj (.const:_SlSockCloseCmdCtrl)
                  0000c834    00000004     socket.obj (.const:_SlSockSocketCmdCtrl)
                  0000c838    00000004     device.obj (.const:_SlStopCmdCtrl)
                  0000c83c    00000003     SSD1306.obj (.const:.string:init4b)
                  0000c83f    00000003     SSD1306.obj (.const:.string:scrollList1b)
                  0000c842    00000003     SSD1306.obj (.const:.string:scrollList2b)
                  0000c845    00000002     SSD1306.obj (.const:.string:scrollList1a)
                  0000c847    00000002     SSD1306.obj (.const:.string:scrollList2a)
                  0000c849    00000002     SSD1306.obj (.const:.string:scrollList3a)
                  0000c84b    00000002     SSD1306.obj (.const:.string:scrollList3b)
                  0000c84d    00000002     SSD1306.obj (.const:.string:scrollList3c)
                  0000c84f    00000002     SSD1306.obj (.const:.string:scrollList4a)
                  0000c851    00000002     SSD1306.obj (.const:.string:scrollList4b)
                  0000c853    00000002     SSD1306.obj (.const:.string:scrollList4c)

.cinit     0    0000c858    000000b0     
                  0000c858    0000007c     (.cinit..data.load) [load image, compression = lzss]
                  0000c8d4    0000000c     (__TI_handler_table)
                  0000c8e0    00000008     (.cinit..bss.load) [load image, compression = zero_init]
                  0000c8e8    00000008     (.cinit..vtable.load) [load image, compression = zero_init]
                  0000c8f0    00000018     (__TI_cinit_table)

.init_array 
*          0    00000000    00000000     UNINITIALIZED

.binit     0    00000000    00000000     

.vtable    0    20000000    000000e4     UNINITIALIZED
                  20000000    000000e4     interrupt.obj (.vtable)

.bss       0    200000e4    00003659     UNINITIALIZED
                  200000e4    00001000     (.common:x)
                  200010e4    00001000     (.common:x2)
                  200020e4    00001000     (.common:x3)
                  200030e4    00000400     (.common:buffer)
                  200034e4    00000164     (.common:g_StatMem)
                  20003648    00000028     (.common:g__SlNonOsCB)
                  20003670    0000000c     (.common:Amplitudes)
                  2000367c    0000000c     (.common:ChannelCount)
                  20003688    0000000c     (.common:Distances)
                  20003694    0000000c     (.common:FilteredDistances)
                  200036a0    0000000c     (.common:Noises)
                  200036ac    00000008     cs.obj (.bss)
                  200036b4    00000008     opt3101.obj (.bss)
                  200036bc    00000004     (.common:CenterDistance)
                  200036c0    00000004     (.common:Error)
                  200036c4    00000004     (.common:I1)
                  200036c8    00000004     (.common:ISRLast)
                  200036cc    00000004     (.common:ISRPeriod)
                  200036d0    00000004     (.common:ISRTime)
                  200036d4    00000004     (.common:LPFSum)
                  200036d8    00000004     (.common:LPFSum2)
                  200036dc    00000004     (.common:LPFSum3)
                  200036e0    00000004     (.common:LeftDistance)
                  200036e4    00000004     (.common:MilliTimer)
                  200036e8    00000004     (.common:PTxChan)
                  200036ec    00000004     (.common:Pamplitudes)
                  200036f0    00000004     (.common:Pdistances)
                  200036f4    00000004     (.common:Pt)
                  200036f8    00000004     (.common:Pt2)
                  200036fc    00000004     (.common:Pt3)
                  20003700    00000004     (.common:RightDistance)
                  20003704    00000004     (.common:Size)
                  20003708    00000004     (.common:StartTime)
                  2000370c    00000004     (.common:TimerA0Task)
                  20003710    00000004     (.common:TimerA1Task)
                  20003714    00000004     (.common:TxChannel)
                  20003718    00000004     (.common:UL)
                  2000371c    00000004     (.common:UR)
                  20003720    00000004     (.common:g_ucUARTBuffer)
                  20003724    00000004     (.common:rotation)
                  20003728    00000004     (.common:u1)
                  2000372c    00000004     (.common:u2)
                  20003730    00000004     (.common:u3)
                  20003734    00000004     (.common:vccstate)
                  20003738    00000002     (.common:StartX)
                  2000373a    00000002     (.common:StartY)
                  2000373c    00000001     (.common:IntIsMasked)

.sysmem    0    20003740    00000400     UNINITIALIZED
                  20003740    00000010     rtsv7M4_T_le_v4SPD16_eabi.lib : memory.c.obj (.sysmem)
                  20003750    000003f0     --HOLE--

.data      0    20003b40    000000c0     UNINITIALIZED
                  20003b40    00000040     flash.obj (.data:__getBurstProgramRegs)
                  20003b80    00000030     gpio.obj (.data:GPIO_PORT_TO_BASE)
                  20003bb0    00000018     Clock.obj (.data)
                  20003bc8    00000010     main.obj (.data)
                  20003bd8    0000000c     TA3InputCapture.obj (.data)
                  20003be4    00000009     driver.obj (.data)
                  20003bed    00000001     --HOLE--
                  20003bee    00000004     SSD1306.obj (.data)
                  20003bf2    00000002     --HOLE--
                  20003bf4    00000004     board.obj (.data)
                  20003bf8    00000004     cli_uart.obj (.data)
                  20003bfc    00000004     system_msp432p401r.obj (.data)

.stack     0    2000fe00    00000200     UNINITIALIZED
                  2000fe00    00000004     rtsv7M4_T_le_v4SPD16_eabi.lib : boot_cortex_m.c.obj (.stack)
                  2000fe04    000001fc     --HOLE--

__llvm_prf_cnts 
*          0    20000000    00000000     UNINITIALIZED

MODULE SUMMARY

       Module                        code    ro data   rw data
       ------                        ----    -------   -------
    .\
       LPF.obj                       1488    0         24664  
       SSD1306.obj                   4928    544       2080   
       main.obj                      2084    0         192    
       opt3101.obj                   1308    0         88     
       PWM.obj                       972     0         0      
       I2CB1.obj                     932     0         0      
       system_msp432p401r.obj        812     0         8      
       Clock.obj                     480     0         48     
       TA3InputCapture.obj           468     0         24     
       Motor.obj                     368     0         0      
       LaunchPad.obj                 248     0         0      
       startup_msp432p401r_ccs.obj   14      228       0      
       TimerA0.obj                   172     0         8      
       TimerA1.obj                   168     0         8      
       Bump.obj                      164     0         0      
       CortexM.obj                   36      0         0      
    +--+-----------------------------+-------+---------+---------+
       Total:                        14642   772       27120  
                                                              
    .\board\
       board.obj                     836     0         10     
    +--+-----------------------------+-------+---------+---------+
       Total:                        836     0         10     
                                                              
    .\cli_uart\
       cli_uart.obj                  364     0         16     
    +--+-----------------------------+-------+---------+---------+
       Total:                        364     0         16     
                                                              
    .\driverlib\MSP432P4xx\
       flash.obj                     5528    0         128    
       cs.obj                        3452    0         16     
       pcm.obj                       2104    0         0      
       interrupt.obj                 1008    144       456    
       rtc_c.obj                     1288    0         0      
       gpio.obj                      1152    28        96     
       sysctl.obj                    580     0         0      
       wdt_a.obj                     216     0         0      
       systick.obj                   116     0         0      
       cpu.obj                       62      0         0      
    +--+-----------------------------+-------+---------+---------+
       Total:                        15506   172       696    
                                                              
    .\mqtt\
       MQTTCC3100.obj                904     0         8      
    +--+-----------------------------+-------+---------+---------+
       Total:                        904     0         8      
                                                              
    .\simplelink\source\
       driver.obj                    8244    76        730    
       socket.obj                    3796    52        0      
       netapp.obj                    2876    40        0      
       device.obj                    1460    20        0      
       nonos.obj                     304     0         80     
       flowcont.obj                  128     0         0      
    +--+-----------------------------+-------+---------+---------+
       Total:                        16808   188       810    
                                                              
    .\spi_cc3100\
       spi_cc3100.obj                532     0         0      
    +--+-----------------------------+-------+---------+---------+
       Total:                        532     0         0      
                                                              
    C:\ti\ccs1260\ccs\tools\compiler\ti-cgt-arm_20.2.7.LTS\lib\rtsv7M4_T_le_v4SPD16_eabi.lib
       memcpy_t2.asm.obj             156     0         0      
       memset_t2.asm.obj             122     0         0      
       copy_decompress_lzss.c.obj    104     0         0      
       autoinit.c.obj                68      0         0      
       boot_cortex_m.c.obj           52      0         0      
       strlen.c.obj                  20      0         0      
       copy_decompress_none.c.obj    14      0         0      
       copy_zero_init.c.obj          12      0         0      
       exit.c.obj                    4       0         0      
       pre_init.c.obj                4       0         0      
    +--+-----------------------------+-------+---------+---------+
       Total:                        556     0         0      
                                                              
       Heap:                         0       0         2048   
       Stack:                        0       0         1024   
       Linker Generated:             0       176       0      
    +--+-----------------------------+-------+---------+---------+
       Grand Total:                  50148   1308      31732  


LINKER GENERATED COPY TABLES

__TI_cinit_table @ 0000c8f0 records: 3, size/record: 8, table size: 24
	.data: load addr=0000c858, load size=0000007c bytes, run addr=20003b40, run size=000000c0 bytes, compression=lzss
	.bss: load addr=0000c8e0, load size=00000008 bytes, run addr=200000e4, run size=00003659 bytes, compression=zero_init
	.vtable: load addr=0000c8e8, load size=00000008 bytes, run addr=20000000, run size=000000e4 bytes, compression=zero_init


LINKER GENERATED HANDLER TABLE

__TI_handler_table @ 0000c8d4 records: 3, size/record: 4, table size: 12
	index: 0, handler: __TI_zero_init
	index: 1, handler: __TI_decompress_lzss
	index: 2, handler: __TI_decompress_none


GLOBAL SYMBOLS: SORTED ALPHABETICALLY BY Name 

address   name                                       
-------   ----                                       
0000c4b7  ADC14_IRQHandler                           
0000c4b7  AES256_IRQHandler                          
20003670  Amplitudes                                 
0000c095  Bump_Init                                  
0000c0c9  Bump_Read                                  
0000c4b7  BusFault_Handler                           
0000c4c9  C$$EXIT                                    
0000ab37  CC3100_InterruptDisable                    
0000ab15  CC3100_InterruptEnable                     
0000addf  CC3100_UART_ISR                            
0000aafd  CC3100_disable                             
0000ab09  CC3100_enable                              
0000bbc1  CLI_Configure                              
0000bb1b  CLI_Read                                   
0000bb6d  CLI_Write                                  
0000c4b7  COMP_E0_IRQHandler                         
0000c4b7  COMP_E1_IRQHandler                         
20003bb8  CPMwait                                    
0000c425  CPU_basepriGet                             
0000c417  CPU_basepriSet                             
0000c3f1  CPU_cpsid                                  
0000c407  CPU_cpsie                                  
0000c3fd  CPU_primask                                
0000c413  CPU_wfi                                    
0000c4b7  CS_IRQHandler                              
000065c5  CS_clearInterruptFlag                      
00005e6d  CS_disableClockRequest                     
00005f53  CS_disableDCOExternalResistor              
00006499  CS_disableFaultCounter                     
00006583  CS_disableInterrupt                        
00005e45  CS_enableClockRequest                      
00005eb5  CS_enableDCOExternalResistor               
0000646d  CS_enableFaultCounter                      
00006561  CS_enableInterrupt                         
00006405  CS_getACLK                                 
000063c5  CS_getBCLK                                 
0000604d  CS_getDCOFrequency                         
000065ab  CS_getEnabledInterruptStatus               
000063e1  CS_getHSMCLK                               
000065a5  CS_getInterruptStatus                      
0000644b  CS_getMCLK                                 
00006429  CS_getSMCLK                                
00005b65  CS_initClockSignal                         
000065e7  CS_registerInterrupt                       
000064c5  CS_resetFaultCounter                       
00005f71  CS_setDCOCenteredFrequency                 
00005edd  CS_setDCOExternalResistorCalibration       
000061ed  CS_setDCOFrequency                         
00005b29  CS_setExternalClockSourceFrequency         
00005e8f  CS_setReferenceOscillatorFrequency         
00006511  CS_startFaultCounter                       
00005c69  CS_startHFXT                               
00005c8d  CS_startHFXTWithTimeout                    
00005d51  CS_startLFXT                               
00005d75  CS_startLFXTWithTimeout                    
00005fa9  CS_tuneDCOFrequency                        
000065fb  CS_unregisterInterrupt                     
20003bd8  CaptureTask0                               
20003bdc  CaptureTask1                               
20003be0  CaptureTask2                               
200036bc  CenterDistance                             
2000367c  ChannelCount                               
20003bb0  ClockFrequency                             
0000b705  Clock_Delay1ms                             
0000b6db  Clock_Delay1us                             
0000b6c7  Clock_GetFreq                              
0000b5b1  Clock_Init48MHz                            
0000aa3d  ConnectNetwork                             
00007c0d  Controller                                 
00007d4d  Controller_Right                           
00006c9d  CopyPingResultsToReport                    
20003bc4  Crystalstable                              
20003bee  CurrentX                                   
20003bf0  CurrentY                                   
0000c4b7  DMA_ERR_IRQHandler                         
0000c4b7  DMA_INT0_IRQHandler                        
0000c4b7  DMA_INT1_IRQHandler                        
0000c4b7  DMA_INT2_IRQHandler                        
0000c4b7  DMA_INT3_IRQHandler                        
0000c4b7  DebugMon_Handler                           
0000c4b7  Default_Handler                            
0000ad89  Delay                                      
0000c465  DisableInterrupts                          
20003688  Distances                                  
0000bad5  EUSCIA0_IRQHandler                         
0000bad5  EUSCIA0_IRQHandler                         
0000c4b7  EUSCIA1_IRQHandler                         
0000c4b7  EUSCIA2_IRQHandler                         
0000c4b7  EUSCIA3_IRQHandler                         
0000c4b7  EUSCIB0_IRQHandler                         
0000c4b7  EUSCIB1_IRQHandler                         
0000c4b7  EUSCIB2_IRQHandler                         
0000c4b7  EUSCIB3_IRQHandler                         
0000c46b  EnableInterrupts                           
0000c47b  EndCritical                                
200036c0  Error                                      
0000c4b7  FLCTL_IRQHandler                           
0000c4b7  FPU_IRQHandler                             
20003694  FilteredDistances                          
0000315f  FlashCtl_clearInterruptFlag                
00003023  FlashCtl_clearProgramVerification          
00003135  FlashCtl_disableInterrupt                  
00002695  FlashCtl_disableReadBuffering              
0000308d  FlashCtl_disableWordProgramming            
00003121  FlashCtl_enableInterrupt                   
00002641  FlashCtl_enableReadBuffering               
0000305d  FlashCtl_enableWordProgramming             
00002cc1  FlashCtl_eraseSector                       
0000314f  FlashCtl_getEnabledInterruptStatus         
00003149  FlashCtl_getInterruptStatus                
000022c3  FlashCtl_getMemoryInfo                     
00002b25  FlashCtl_getReadMode                       
000030f3  FlashCtl_getWaitState                      
00002b4f  FlashCtl_initiateMassErase                 
00002de5  FlashCtl_initiateSectorErase               
000027c5  FlashCtl_isSectorProtected                 
00003095  FlashCtl_isWordProgrammingEnabled          
00002b75  FlashCtl_performMassErase                  
00002e7d  FlashCtl_programMemory                     
00002765  FlashCtl_protectSector                     
00003173  FlashCtl_registerInterrupt                 
00002fe9  FlashCtl_setProgramVerification            
00002ab9  FlashCtl_setReadMode                       
000030b5  FlashCtl_setWaitState                      
000026f5  FlashCtl_unprotectSector                   
00003187  FlashCtl_unregisterInterrupt               
00002851  FlashCtl_verifyMemory                      
00009aa3  GPIO_clearInterruptFlag                    
00009a63  GPIO_disableInterrupt                      
00009a41  GPIO_enableInterrupt                       
00009afb  GPIO_getEnabledInterruptStatus             
00009a13  GPIO_getInputPinValue                      
00009a85  GPIO_getInterruptStatus                    
00009ac5  GPIO_interruptEdgeSelect                   
00009bbb  GPIO_registerInterrupt                     
000097bb  GPIO_setAsInputPin                         
0000996f  GPIO_setAsInputPinWithPullDownResistor     
000099c1  GPIO_setAsInputPinWithPullUpResistor       
00009781  GPIO_setAsOutputPin                        
00009885  GPIO_setAsPeripheralModuleFunctionInputPin 
00009801  GPIO_setAsPeripheralModuleFunctionOutputPin
00009b77  GPIO_setDriveStrengthHigh                  
00009b99  GPIO_setDriveStrengthLow                   
00009909  GPIO_setOutputHighOnPin                    
0000992b  GPIO_setOutputLowOnPin                     
0000994d  GPIO_toggleOutputOnPin                     
00009bdb  GPIO_unregisterInterrupt                   
0000acd5  GetLEDStatus                               
0000c4b7  HardFault_Handler                          
200036c4  I1                                         
0000a3bd  I2CB1_Init                                 
0000a483  I2CB1_Recv                                 
0000a6d7  I2CB1_Recv1                                
0000a40b  I2CB1_Send                                 
0000a4ff  I2CB1_Send1                                
0000a55b  I2CB1_Send2                                
0000a5cb  I2CB1_Send3                                
0000a649  I2CB1_Send4                                
20003bc0  IFlags                                     
200036c8  ISRLast                                    
200036cc  ISRPeriod                                  
200036d0  ISRTime                                    
0000a7e3  InitTimer                                  
2000373c  IntIsMasked                                
00009dc3  Interrupt_disableInterrupt                 
00009c13  Interrupt_disableMaster                    
00009fc1  Interrupt_disableSleepOnIsrExit            
00009d51  Interrupt_enableInterrupt                  
00009c03  Interrupt_enableMaster                     
00009faf  Interrupt_enableSleepOnIsrExit             
00009d2b  Interrupt_getPriority                      
00009ca3  Interrupt_getPriorityGrouping              
00009f8f  Interrupt_getPriorityMask                  
00009fa9  Interrupt_getVectorTableAddress            
00009e35  Interrupt_isEnabled                        
00009ec1  Interrupt_pendInterrupt                    
00009c23  Interrupt_registerInterrupt                
00009cdb  Interrupt_setPriority                      
00009c89  Interrupt_setPriorityGrouping              
00009f7f  Interrupt_setPriorityMask                  
00009f99  Interrupt_setVectorTableAddress            
00009f31  Interrupt_unpendInterrupt                  
00009c75  Interrupt_unregisterInterrupt              
20003bcc  Ki                                         
20003bd0  Kp                                         
200036d4  LPFSum                                     
200036d8  LPFSum2                                    
200036dc  LPFSum3                                    
0000832d  LPF_Calc                                   
00008481  LPF_Calc2                                  
000085ed  LPF_Calc3                                  
0000826d  LPF_Calc_old                               
000082cf  LPF_Init                                   
00008425  LPF_Init2                                  
00008599  LPF_Init3                                  
00008219  LPF_Init_old                               
0000bd71  LaunchPad_Init                             
0000bde1  LaunchPad_Input                            
0000bdff  LaunchPad_LED                              
0000be1d  LaunchPad_Output                           
000079fd  Left                                       
200036e0  LeftDistance                               
0000ab4b  MaskIntHdlr                                
00008705  Median                                     
0000c4b7  MemManage_Handler                          
200036e4  MilliTimer                                 
20003bc8  Mode                                       
0000ba7f  Motor_Backward                             
0000b9db  Motor_Forward                              
0000b965  Motor_Init                                 
0000ba45  Motor_Left                                 
0000ba0b  Motor_Right                                
0000b9ad  Motor_Stop                                 
0000c4b7  NMI_Handler                                
0000a8ef  NewNetwork                                 
00008381  Noise                                      
000084f5  Noise2                                     
00008659  Noise3                                     
200036a0  Noises                                     
000079b5  OLEDinit                                   
0000918f  OPT3101_ArmInterrupts                      
00008f4f  OPT3101_CalibrateInternalCrosstalk         
000090f5  OPT3101_CheckDistanceSensor                
000090c1  OPT3101_GetAmplitude                       
000090df  OPT3101_GetDistanceMillimeters             
0000910d  OPT3101_GetMeasurement                     
000090d5  OPT3101_GetPhase                           
000090b7  OPT3101_GetTxChannel                       
00008dc7  OPT3101_Init                               
00009097  OPT3101_MeasurementError                   
0000907f  OPT3101_ReadMeasurement                    
00008d5d  OPT3101_ReadRegister                       
00008e25  OPT3101_Setup                              
00009031  OPT3101_StartMeasurement                   
0000903f  OPT3101_StartMeasurementChannel            
00008d8d  OPT3101_WriteRegister                      
0000c4b7  PCM_IRQHandler                             
00007957  PCM_clearInterruptFlag                     
0000792d  PCM_disableInterrupt                       
00007905  PCM_disableRudeMode                        
00007919  PCM_enableInterrupt                        
000078f3  PCM_enableRudeMode                         
000072ff  PCM_getCoreVoltageLevel                    
00007947  PCM_getEnabledInterruptStatus              
00007941  PCM_getInterruptStatus                     
000072a5  PCM_getPowerMode                           
000078e7  PCM_getPowerState                          
00007819  PCM_gotoLPM0                               
00007837  PCM_gotoLPM0InterruptSafe                  
00007853  PCM_gotoLPM3                               
000078cb  PCM_gotoLPM3InterruptSafe                  
000077ed  PCM_gotoLPM4                               
000077fd  PCM_gotoLPM4InterruptSafe                  
0000796b  PCM_registerInterrupt                      
00007273  PCM_setCoreVoltageLevel                    
00007295  PCM_setCoreVoltageLevelNonBlocking         
00007283  PCM_setCoreVoltageLevelWithTimeout         
000074a5  PCM_setPowerMode                           
000074b5  PCM_setPowerModeNonBlocking                
000074c5  PCM_setPowerModeWithTimeout                
00007777  PCM_setPowerState                          
00007799  PCM_setPowerStateNonBlocking               
00007787  PCM_setPowerStateWithTimeout               
000077a9  PCM_shutdownDevice                         
0000797f  PCM_unregisterInterrupt                    
0000c4b7  PORT1_IRQHandler                           
0000adb9  PORT2_IRQHandler                           
0000adb9  PORT2_IRQHandler                           
0000c4b7  PORT3_IRQHandler                           
0000c4b7  PORT4_IRQHandler                           
0000c4b7  PORT5_IRQHandler                           
000091e5  PORT6_IRQHandler                           
000091e5  PORT6_IRQHandler                           
0000c4b7  PSS_IRQHandler                             
200036e8  PTxChan                                    
0000a115  PWM_Duty1                                  
0000a139  PWM_Duty2                                  
0000a171  PWM_Duty3                                  
0000a17d  PWM_Duty4                                  
00009ff1  PWM_Init1                                  
0000a057  PWM_Init12                                 
0000a15d  PWM_Init34                                 
0000a2b1  PWM_RobotArmDuty0                          
0000a2d7  PWM_RobotArmDuty1                          
0000a2fd  PWM_RobotArmDuty2                          
0000a2d1  PWM_RobotArmGetDuty0                       
0000a2f7  PWM_RobotArmGetDuty1                       
0000a31d  PWM_RobotArmGetDuty2                       
0000a189  PWM_RobotArmInit                           
200036ec  Pamplitudes                                
00007e55  Pause                                      
200036f0  Pdistances                                 
0000c4b7  PendSV_Handler                             
0000ad87  Port1_ISR                                  
20003bbc  Postwait                                   
20003bb4  Prewait                                    
200036f4  Pt                                         
200036f8  Pt2                                        
200036fc  Pt3                                        
0000c4b7  RTC_C_IRQHandler                           
000096d5  RTC_C_clearInterruptFlag                   
0000951f  RTC_C_convertBCDToBinary                   
00009537  RTC_C_convertBinaryToBCD                   
0000947b  RTC_C_definePrescaleEvent                  
000095a5  RTC_C_disableInterrupt                     
0000954f  RTC_C_enableInterrupt                      
000093ad  RTC_C_getCalendarTime                      
00009675  RTC_C_getEnabledInterruptStatus            
0000960d  RTC_C_getInterruptStatus                   
000094a3  RTC_C_getPrescaleValue                     
00009297  RTC_C_holdClock                            
0000933b  RTC_C_initCalendar                         
0000971b  RTC_C_registerInterrupt                    
00009413  RTC_C_setCalendarAlarm                     
0000944b  RTC_C_setCalendarEvent                     
000092e5  RTC_C_setCalibrationData                   
000092b5  RTC_C_setCalibrationFrequency              
000094cf  RTC_C_setPrescaleValue                     
00009311  RTC_C_setTemperatureCompensation           
00009279  RTC_C_startClock                           
00009739  RTC_C_unregisterInterrupt                  
0000c4ab  Reset_Handler                              
000079db  Right                                      
20003700  RightDistance                              
000057c7  SL_FD_CLR                                  
000057ed  SL_FD_ISSET                                
000057a5  SL_FD_SET                                  
00005815  SL_FD_ZERO                                 
00003acd  SSD1306_Clear                              
00003a8d  SSD1306_ClearBuffer                        
000044e9  SSD1306_Dim                                
000043a3  SSD1306_DisplayBuffer                      
0000398f  SSD1306_DrawChar                           
00003d65  SSD1306_DrawFastHLine                      
00003f89  SSD1306_DrawFastVLine                      
00003b21  SSD1306_DrawFullImage                      
00003821  SSD1306_DrawPixel                          
00003a3d  SSD1306_DrawString                         
0000439f  SSD1306_GetBuffer                          
000042a1  SSD1306_GetPixel                           
0000371b  SSD1306_Init                               
000044d3  SSD1306_InvertDisplay                      
00004595  SSD1306_OutChar                            
00004897  SSD1306_OutHex7                            
000046d1  SSD1306_OutSDec                            
000047a9  SSD1306_OutSFix1                           
000046bb  SSD1306_OutString                          
000046c5  SSD1306_OutUDec                            
000048f5  SSD1306_OutUDec16                          
00004991  SSD1306_OutUDec2                           
000046f5  SSD1306_OutUFix1                           
000048cd  SSD1306_OutUHex7                           
00003b85  SSD1306_PrintBMP                           
0000451b  SSD1306_SetCursor                          
00003e77  SSD1306_drawFastHLineInternal              
000040a1  SSD1306_drawFastVLineInternal              
00004489  SSD1306_startscrolldiagleft                
00004445  SSD1306_startscrolldiagright               
0000440f  SSD1306_startscrollleft                    
000043dd  SSD1306_startscrollright                   
000044c9  SSD1306_stopscroll                         
0000c4b7  SVC_Handler                                
0000ad43  SelAntenna                                 
20003bd4  SetPoint                                   
UNDEFED   SimpleLinkGeneralEventHandler              
UNDEFED   SimpleLinkHttpServerCallback               
UNDEFED   SimpleLinkNetAppEventHandler               
UNDEFED   SimpleLinkSockEventHandler                 
UNDEFED   SimpleLinkWlanEventHandler                 
20003704  Size                                       
0000c471  StartCritical                              
20003708  StartTime                                  
20003738  StartX                                     
2000373a  StartY                                     
0000b34b  SysCtl_disableGlitchFilter                 
0000b1db  SysCtl_disableNMISource                    
0000b2e3  SysCtl_disablePeripheralAtCPUHalt          
0000b225  SysCtl_disableSRAMBank                     
0000b2a9  SysCtl_disableSRAMBankRetention            
0000b33f  SysCtl_enableGlitchFilter                  
0000b1ef  SysCtl_enableNMISource                     
0000b2cf  SysCtl_enablePeripheralAtCPUHalt           
0000b209  SysCtl_enableSRAMBank                      
0000b28d  SysCtl_enableSRAMBankRetention             
0000b1d5  SysCtl_getFlashSize                        
0000b203  SysCtl_getNMISourceStatus                  
0000b1cf  SysCtl_getSRAMSize                         
0000b159  SysCtl_getTLVInfo                          
0000b357  SysCtl_getTempCalibrationConstant          
0000b2c5  SysCtl_rebootDevice                        
0000b31b  SysCtl_setWDTPasswordViolationResetType    
0000b2f7  SysCtl_setWDTTimeoutResetType              
0000a761  SysTick_Handler                            
0000a761  SysTick_Handler                            
0000c30d  SysTick_disableInterrupt                   
0000c2dd  SysTick_disableModule                      
0000c301  SysTick_enableInterrupt                    
0000c2d1  SysTick_enableModule                       
0000c32b  SysTick_getPeriod                          
0000c333  SysTick_getValue                           
0000c2e9  SysTick_registerInterrupt                  
0000c319  SysTick_setPeriod                          
0000c2f7  SysTick_unregisterInterrupt                
20003bfc  SystemCoreClock                            
0000ae2d  SystemCoreClockUpdate                      
0000b0a1  SystemInit                                 
0000c4b7  T32_INT1_IRQHandler                        
0000c4b7  T32_INT2_IRQHandler                        
0000c4b7  T32_INTC_IRQHandler                        
0000bfbb  TA0_0_IRQHandler                           
0000bfbb  TA0_0_IRQHandler                           
0000c4b7  TA0_N_IRQHandler                           
0000c05f  TA1_0_IRQHandler                           
0000c05f  TA1_0_IRQHandler                           
0000c4b7  TA1_N_IRQHandler                           
0000c4b7  TA2_0_IRQHandler                           
0000c4b7  TA2_N_IRQHandler                           
0000b81d  TA3_0_IRQHandler                           
0000b81d  TA3_0_IRQHandler                           
0000b837  TA3_N_IRQHandler                           
0000b837  TA3_N_IRQHandler                           
0000a915  TLSConnectNetwork                          
2000370c  TimerA0Task                                
0000bf41  TimerA0_Init                               
0000bfa5  TimerA0_Stop                               
20003710  TimerA1Task                                
0000bfed  TimerA1_Init                               
0000c04b  TimerA1_Stop                               
0000b79d  TimerA3Capture_Init01                      
0000b877  TimerA3Capture_Init02                      
20003714  TxChannel                                  
20003718  UL                                         
2000371c  UR                                         
0000ab53  UnMaskIntHdlr                              
0000c4b7  UsageFault_Handler                         
4000480c  WDTCTL_SYM                                 
0000c4b7  WDT_A_IRQHandler                           
0000bea9  WDT_A_clearTimer                           
0000be69  WDT_A_holdTimer                            
0000bee5  WDT_A_initIntervalTimer                    
0000bec9  WDT_A_initWatchdogTimer                    
0000bf19  WDT_A_registerInterrupt                    
0000bf01  WDT_A_setPasswordViolationReset            
0000bf0d  WDT_A_setTimeoutReset                      
0000be89  WDT_A_startTimer                           
0000bf2d  WDT_A_unregisterInterrupt                  
0000c483  WaitForInterrupt                           
0000c7dc  _SlAcceptCmdCtrl                           
0000c6fc  _SlActionLookupTable                       
00000fb1  _SlAsyncEventGenericHandler                
0000c7e0  _SlDeviceGetCmdCtrl                        
0000c7e4  _SlDeviceSetCmdCtrl                        
000019c9  _SlDrvBasicCmd                             
00001677  _SlDrvClassifyRxMsg                        
000002af  _SlDrvCmdOp                                
0000035f  _SlDrvCmdSend                              
000003b5  _SlDrvDataReadOp                           
000005b9  _SlDrvDataWriteOp                          
00008cdd  _SlDrvDeviceEventHandler                   
000001c9  _SlDrvDriverCBDeinit                       
000000e5  _SlDrvDriverCBInit                         
0000c213  _SlDrvFlowContDeinit                       
0000c1d5  _SlDrvFlowContInit                         
00000979  _SlDrvMsgRead                              
00001499  _SlDrvMsgReadCmdCtx                        
00001593  _SlDrvMsgReadSpawnCtx                      
00000785  _SlDrvMsgWrite                             
0000706d  _SlDrvNetAppEventHandler                   
00001ec1  _SlDrvObjDeInit                            
00001e45  _SlDrvObjInit                              
00001c39  _SlDrvReleasePoolObj                       
000017c5  _SlDrvRxHdrRead                            
0000026d  _SlDrvRxIrqHandler                         
0000177d  _SlDrvShiftDWord                           
00001a31  _SlDrvWaitForPoolObj                       
0000c7e8  _SlEventMaskGetCmdCtrl                     
0000c7ec  _SlEventMaskSetCmdCtrl                     
00001f9f  _SlFindAndSetActiveObj                     
0000c7f0  _SlGetHostByNameCtrl                       
0000c7f4  _SlGetHostByServiceCtrl                    
0000c7f8  _SlGetServiceListeCtrl                     
0000c7fc  _SlGetSockOptCmdCtrl                       
0000c800  _SlListenCmdCtrl                           
0000c804  _SlNetAppGetCmdCtrl                        
0000c808  _SlNetAppSendTokenValueCmdCtrl             
0000c80c  _SlNetAppSetCmdCtrl                        
0000c810  _SlNetAppStartCtrl                         
0000c814  _SlNetAppStopCtrl                          
0000bd05  _SlNonOsMainLoopTask                       
0000bc59  _SlNonOsSemGet                             
0000bc41  _SlNonOsSemSet                             
0000bcb5  _SlNonOsSpawn                              
0000c818  _SlRecvCmdCtrl                             
0000c81c  _SlRecvfomCmdCtrl                          
0000c820  _SlRegisterServiceCtrl                     
00001ee1  _SlRemoveFromList                          
0000c824  _SlSelectCmdCtrl                           
0000c828  _SlSendCmdCtrl                             
0000c82c  _SlSetSockOptCmdCtrl                       
0000c830  _SlSockCloseCmdCtrl                        
0000c834  _SlSockSocketCmdCtrl                       
0000c838  _SlStopCmdCtrl                             
0000358b  __FlashCtl_remaskBurstDataPost             
00003471  __FlashCtl_remaskBurstDataPre              
000032b5  __FlashCtl_remaskData32Post                
00003399  __FlashCtl_remaskData32Pre                 
00003197  __FlashCtl_remaskData8Post                 
00003217  __FlashCtl_remaskData8Pre                  
20010000  __STACK_END                                
00000200  __STACK_SIZE                               
00000400  __SYSMEM_SIZE                              
0000c8f0  __TI_CINIT_Base                            
0000c908  __TI_CINIT_Limit                           
0000c8d4  __TI_Handler_Table_Base                    
0000c8e0  __TI_Handler_Table_Limit                   
0000c3ad  __TI_auto_init_nobinit_nopinit             
0000c345  __TI_decompress_lzss                       
0000c49d  __TI_decompress_none                       
ffffffff  __TI_pprof_out_hndl                        
ffffffff  __TI_prof_data_size                        
ffffffff  __TI_prof_data_start                       
00000000  __TI_static_base__                         
0000c4b9  __TI_zero_init                             
0000c255  __aeabi_memclr                             
0000c255  __aeabi_memclr4                            
0000c255  __aeabi_memclr8                            
0000c139  __aeabi_memcpy                             
0000c139  __aeabi_memcpy4                            
0000c139  __aeabi_memcpy8                            
0000c257  __aeabi_memset                             
0000c257  __aeabi_memset4                            
0000c257  __aeabi_memset8                            
ffffffff  __binit__                                  
ffffffff  __c_args__                                 
UNDEFED   __mpu_init                                 
2000fe00  __stack                                    
20000000  __start___llvm_prf_cnts                    
20000000  __stop___llvm_prf_cnts                     
0000c431  _c_int00_noargs                            
000049f1  _sl_BuildAddress                           
000087a9  _sl_GetStartResponseConvert                
00005405  _sl_HandleAsync_Accept                     
00004fff  _sl_HandleAsync_Connect                    
00006a87  _sl_HandleAsync_DnsGetHostByAddr           
00006bd5  _sl_HandleAsync_DnsGetHostByName           
000069b9  _sl_HandleAsync_DnsGetHostByService        
0000890d  _sl_HandleAsync_InitComplete               
00006cd9  _sl_HandleAsync_PingResponse               
0000582d  _sl_HandleAsync_Select                     
000089bf  _sl_HandleAsync_Stop                       
00004b09  _sl_ParseAddress                           
00004a41  _sl_TruncatePayloadByProtocol              
20003740  _sys_memory                                
UNDEFED   _system_post_cinit                         
0000c4c5  _system_pre_init                           
0000c4c9  abort                                      
ffffffff  binit                                      
200030e4  buffer                                     
0000a8df  cc3100_disconnect                          
0000a7f3  cc3100_read                                
0000a875  cc3100_write                               
0000ab67  clear_rts                                  
20003bf8  cli_have_cmd                               
0000a7a3  countdown                                  
0000a78b  countdown_ms                               
0000b6cd  delay                                      
0000a76b  expired                                    
20003bec  gFirstCmdMode                              
0000c780  g_H2NCnysPattern                           
0000c788  g_H2NSyncPattern                           
200034e4  g_StatMem                                  
20003648  g__SlNonOsCB                               
20003be4  g_pCB                                      
20000000  g_pfnRAMVectors                            
20003720  g_ucUARTBuffer                             
0000ad0f  initAntSelGPIO                             
0000ab73  initClk                                    
0000abe7  initLEDs                                   
00000000  interruptVectors                           
000081d9  isqrt                                      
0000a7c1  left_ms                                    
00007f25  main                                       
00007a19  mainUNO                                    
0000c139  memcpy                                     
0000c25d  memset                                     
20003bf4  pIraEventHandler                           
20003be8  pPingCallBackFunc                          
0000a0ed  phase                                      
000079bf  pollDistanceSensor                         
0000aae9  registerInterruptHandler                   
20003724  rotation                                   
0000ab5b  set_rts                                    
00005201  sl_Accept                                  
00004be3  sl_Bind                                    
00004bb9  sl_Close                                   
00004ea9  sl_Connect                                 
00008bd9  sl_DevGet                                  
00008c77  sl_DevSet                                  
00008ba5  sl_EventMaskGet                            
00008b6b  sl_EventMaskSet                            
00005585  sl_GetSockOpt                              
00005383  sl_Htonl                                   
000053c5  sl_Htons                                   
000051c1  sl_Listen                                  
00006a95  sl_NetAppDnsGetHostByName                  
00006889  sl_NetAppDnsGetHostByService               
00006fdd  sl_NetAppGet                               
00006689  sl_NetAppGetServiceList                    
0000680d  sl_NetAppMDNSRegisterService               
00006759  sl_NetAppMDNSRegisterUnregisterService     
00006849  sl_NetAppMDNSUnRegisterService             
00006d9d  sl_NetAppPingStart                         
00006f79  sl_NetAppSendTokenValue                    
00006f0d  sl_NetAppSet                               
00006641  sl_NetAppStart                             
00006665  sl_NetAppStop                              
0000549d  sl_Recv                                    
00004d87  sl_RecvFrom                                
0000561f  sl_Select                                  
000050b1  sl_Send                                    
00004c6b  sl_SendTo                                  
00005519  sl_SetSockOpt                              
00004b63  sl_Socket                                  
00008809  sl_Start                                   
00008a43  sl_Stop                                    
00008801  sl_Task                                    
0000b39d  spi_Close                                  
0000b3a9  spi_Open                                   
0000b4f5  spi_Read                                   
0000b49b  spi_Write                                  
000036bd  ssd1306_Testcommandwrite                   
000036d3  ssd1306_command                            
000036e3  ssd1306_command1                           
000036f3  ssd1306_commandList                        
0000abdd  stopWDT                                    
0000c489  strlen                                     
0000b791  ta3dummy                                   
0000aca1  toggleLed                                  
0000ac6d  turnLedOff                                 
0000ac39  turnLedOn                                  
20003728  u1                                         
2000372c  u2                                         
20003730  u3                                         
20003734  vccstate                                   
200000e4  x                                          
200010e4  x2                                         
200020e4  x3                                         


GLOBAL SYMBOLS: SORTED BY Symbol Address 

address   name                                       
-------   ----                                       
00000000  __TI_static_base__                         
00000000  interruptVectors                           
000000e5  _SlDrvDriverCBInit                         
000001c9  _SlDrvDriverCBDeinit                       
00000200  __STACK_SIZE                               
0000026d  _SlDrvRxIrqHandler                         
000002af  _SlDrvCmdOp                                
0000035f  _SlDrvCmdSend                              
000003b5  _SlDrvDataReadOp                           
00000400  __SYSMEM_SIZE                              
000005b9  _SlDrvDataWriteOp                          
00000785  _SlDrvMsgWrite                             
00000979  _SlDrvMsgRead                              
00000fb1  _SlAsyncEventGenericHandler                
00001499  _SlDrvMsgReadCmdCtx                        
00001593  _SlDrvMsgReadSpawnCtx                      
00001677  _SlDrvClassifyRxMsg                        
0000177d  _SlDrvShiftDWord                           
000017c5  _SlDrvRxHdrRead                            
000019c9  _SlDrvBasicCmd                             
00001a31  _SlDrvWaitForPoolObj                       
00001c39  _SlDrvReleasePoolObj                       
00001e45  _SlDrvObjInit                              
00001ec1  _SlDrvObjDeInit                            
00001ee1  _SlRemoveFromList                          
00001f9f  _SlFindAndSetActiveObj                     
000022c3  FlashCtl_getMemoryInfo                     
00002641  FlashCtl_enableReadBuffering               
00002695  FlashCtl_disableReadBuffering              
000026f5  FlashCtl_unprotectSector                   
00002765  FlashCtl_protectSector                     
000027c5  FlashCtl_isSectorProtected                 
00002851  FlashCtl_verifyMemory                      
00002ab9  FlashCtl_setReadMode                       
00002b25  FlashCtl_getReadMode                       
00002b4f  FlashCtl_initiateMassErase                 
00002b75  FlashCtl_performMassErase                  
00002cc1  FlashCtl_eraseSector                       
00002de5  FlashCtl_initiateSectorErase               
00002e7d  FlashCtl_programMemory                     
00002fe9  FlashCtl_setProgramVerification            
00003023  FlashCtl_clearProgramVerification          
0000305d  FlashCtl_enableWordProgramming             
0000308d  FlashCtl_disableWordProgramming            
00003095  FlashCtl_isWordProgrammingEnabled          
000030b5  FlashCtl_setWaitState                      
000030f3  FlashCtl_getWaitState                      
00003121  FlashCtl_enableInterrupt                   
00003135  FlashCtl_disableInterrupt                  
00003149  FlashCtl_getInterruptStatus                
0000314f  FlashCtl_getEnabledInterruptStatus         
0000315f  FlashCtl_clearInterruptFlag                
00003173  FlashCtl_registerInterrupt                 
00003187  FlashCtl_unregisterInterrupt               
00003197  __FlashCtl_remaskData8Post                 
00003217  __FlashCtl_remaskData8Pre                  
000032b5  __FlashCtl_remaskData32Post                
00003399  __FlashCtl_remaskData32Pre                 
00003471  __FlashCtl_remaskBurstDataPre              
0000358b  __FlashCtl_remaskBurstDataPost             
000036bd  ssd1306_Testcommandwrite                   
000036d3  ssd1306_command                            
000036e3  ssd1306_command1                           
000036f3  ssd1306_commandList                        
0000371b  SSD1306_Init                               
00003821  SSD1306_DrawPixel                          
0000398f  SSD1306_DrawChar                           
00003a3d  SSD1306_DrawString                         
00003a8d  SSD1306_ClearBuffer                        
00003acd  SSD1306_Clear                              
00003b21  SSD1306_DrawFullImage                      
00003b85  SSD1306_PrintBMP                           
00003d65  SSD1306_DrawFastHLine                      
00003e77  SSD1306_drawFastHLineInternal              
00003f89  SSD1306_DrawFastVLine                      
000040a1  SSD1306_drawFastVLineInternal              
000042a1  SSD1306_GetPixel                           
0000439f  SSD1306_GetBuffer                          
000043a3  SSD1306_DisplayBuffer                      
000043dd  SSD1306_startscrollright                   
0000440f  SSD1306_startscrollleft                    
00004445  SSD1306_startscrolldiagright               
00004489  SSD1306_startscrolldiagleft                
000044c9  SSD1306_stopscroll                         
000044d3  SSD1306_InvertDisplay                      
000044e9  SSD1306_Dim                                
0000451b  SSD1306_SetCursor                          
00004595  SSD1306_OutChar                            
000046bb  SSD1306_OutString                          
000046c5  SSD1306_OutUDec                            
000046d1  SSD1306_OutSDec                            
000046f5  SSD1306_OutUFix1                           
000047a9  SSD1306_OutSFix1                           
00004897  SSD1306_OutHex7                            
000048cd  SSD1306_OutUHex7                           
000048f5  SSD1306_OutUDec16                          
00004991  SSD1306_OutUDec2                           
000049f1  _sl_BuildAddress                           
00004a41  _sl_TruncatePayloadByProtocol              
00004b09  _sl_ParseAddress                           
00004b63  sl_Socket                                  
00004bb9  sl_Close                                   
00004be3  sl_Bind                                    
00004c6b  sl_SendTo                                  
00004d87  sl_RecvFrom                                
00004ea9  sl_Connect                                 
00004fff  _sl_HandleAsync_Connect                    
000050b1  sl_Send                                    
000051c1  sl_Listen                                  
00005201  sl_Accept                                  
00005383  sl_Htonl                                   
000053c5  sl_Htons                                   
00005405  _sl_HandleAsync_Accept                     
0000549d  sl_Recv                                    
00005519  sl_SetSockOpt                              
00005585  sl_GetSockOpt                              
0000561f  sl_Select                                  
000057a5  SL_FD_SET                                  
000057c7  SL_FD_CLR                                  
000057ed  SL_FD_ISSET                                
00005815  SL_FD_ZERO                                 
0000582d  _sl_HandleAsync_Select                     
00005b29  CS_setExternalClockSourceFrequency         
00005b65  CS_initClockSignal                         
00005c69  CS_startHFXT                               
00005c8d  CS_startHFXTWithTimeout                    
00005d51  CS_startLFXT                               
00005d75  CS_startLFXTWithTimeout                    
00005e45  CS_enableClockRequest                      
00005e6d  CS_disableClockRequest                     
00005e8f  CS_setReferenceOscillatorFrequency         
00005eb5  CS_enableDCOExternalResistor               
00005edd  CS_setDCOExternalResistorCalibration       
00005f53  CS_disableDCOExternalResistor              
00005f71  CS_setDCOCenteredFrequency                 
00005fa9  CS_tuneDCOFrequency                        
0000604d  CS_getDCOFrequency                         
000061ed  CS_setDCOFrequency                         
000063c5  CS_getBCLK                                 
000063e1  CS_getHSMCLK                               
00006405  CS_getACLK                                 
00006429  CS_getSMCLK                                
0000644b  CS_getMCLK                                 
0000646d  CS_enableFaultCounter                      
00006499  CS_disableFaultCounter                     
000064c5  CS_resetFaultCounter                       
00006511  CS_startFaultCounter                       
00006561  CS_enableInterrupt                         
00006583  CS_disableInterrupt                        
000065a5  CS_getInterruptStatus                      
000065ab  CS_getEnabledInterruptStatus               
000065c5  CS_clearInterruptFlag                      
000065e7  CS_registerInterrupt                       
000065fb  CS_unregisterInterrupt                     
00006641  sl_NetAppStart                             
00006665  sl_NetAppStop                              
00006689  sl_NetAppGetServiceList                    
00006759  sl_NetAppMDNSRegisterUnregisterService     
0000680d  sl_NetAppMDNSRegisterService               
00006849  sl_NetAppMDNSUnRegisterService             
00006889  sl_NetAppDnsGetHostByService               
000069b9  _sl_HandleAsync_DnsGetHostByService        
00006a87  _sl_HandleAsync_DnsGetHostByAddr           
00006a95  sl_NetAppDnsGetHostByName                  
00006bd5  _sl_HandleAsync_DnsGetHostByName           
00006c9d  CopyPingResultsToReport                    
00006cd9  _sl_HandleAsync_PingResponse               
00006d9d  sl_NetAppPingStart                         
00006f0d  sl_NetAppSet                               
00006f79  sl_NetAppSendTokenValue                    
00006fdd  sl_NetAppGet                               
0000706d  _SlDrvNetAppEventHandler                   
00007273  PCM_setCoreVoltageLevel                    
00007283  PCM_setCoreVoltageLevelWithTimeout         
00007295  PCM_setCoreVoltageLevelNonBlocking         
000072a5  PCM_getPowerMode                           
000072ff  PCM_getCoreVoltageLevel                    
000074a5  PCM_setPowerMode                           
000074b5  PCM_setPowerModeNonBlocking                
000074c5  PCM_setPowerModeWithTimeout                
00007777  PCM_setPowerState                          
00007787  PCM_setPowerStateWithTimeout               
00007799  PCM_setPowerStateNonBlocking               
000077a9  PCM_shutdownDevice                         
000077ed  PCM_gotoLPM4                               
000077fd  PCM_gotoLPM4InterruptSafe                  
00007819  PCM_gotoLPM0                               
00007837  PCM_gotoLPM0InterruptSafe                  
00007853  PCM_gotoLPM3                               
000078cb  PCM_gotoLPM3InterruptSafe                  
000078e7  PCM_getPowerState                          
000078f3  PCM_enableRudeMode                         
00007905  PCM_disableRudeMode                        
00007919  PCM_enableInterrupt                        
0000792d  PCM_disableInterrupt                       
00007941  PCM_getInterruptStatus                     
00007947  PCM_getEnabledInterruptStatus              
00007957  PCM_clearInterruptFlag                     
0000796b  PCM_registerInterrupt                      
0000797f  PCM_unregisterInterrupt                    
000079b5  OLEDinit                                   
000079bf  pollDistanceSensor                         
000079db  Right                                      
000079fd  Left                                       
00007a19  mainUNO                                    
00007c0d  Controller                                 
00007d4d  Controller_Right                           
00007e55  Pause                                      
00007f25  main                                       
000081d9  isqrt                                      
00008219  LPF_Init_old                               
0000826d  LPF_Calc_old                               
000082cf  LPF_Init                                   
0000832d  LPF_Calc                                   
00008381  Noise                                      
00008425  LPF_Init2                                  
00008481  LPF_Calc2                                  
000084f5  Noise2                                     
00008599  LPF_Init3                                  
000085ed  LPF_Calc3                                  
00008659  Noise3                                     
00008705  Median                                     
000087a9  _sl_GetStartResponseConvert                
00008801  sl_Task                                    
00008809  sl_Start                                   
0000890d  _sl_HandleAsync_InitComplete               
000089bf  _sl_HandleAsync_Stop                       
00008a43  sl_Stop                                    
00008b6b  sl_EventMaskSet                            
00008ba5  sl_EventMaskGet                            
00008bd9  sl_DevGet                                  
00008c77  sl_DevSet                                  
00008cdd  _SlDrvDeviceEventHandler                   
00008d5d  OPT3101_ReadRegister                       
00008d8d  OPT3101_WriteRegister                      
00008dc7  OPT3101_Init                               
00008e25  OPT3101_Setup                              
00008f4f  OPT3101_CalibrateInternalCrosstalk         
00009031  OPT3101_StartMeasurement                   
0000903f  OPT3101_StartMeasurementChannel            
0000907f  OPT3101_ReadMeasurement                    
00009097  OPT3101_MeasurementError                   
000090b7  OPT3101_GetTxChannel                       
000090c1  OPT3101_GetAmplitude                       
000090d5  OPT3101_GetPhase                           
000090df  OPT3101_GetDistanceMillimeters             
000090f5  OPT3101_CheckDistanceSensor                
0000910d  OPT3101_GetMeasurement                     
0000918f  OPT3101_ArmInterrupts                      
000091e5  PORT6_IRQHandler                           
000091e5  PORT6_IRQHandler                           
00009279  RTC_C_startClock                           
00009297  RTC_C_holdClock                            
000092b5  RTC_C_setCalibrationFrequency              
000092e5  RTC_C_setCalibrationData                   
00009311  RTC_C_setTemperatureCompensation           
0000933b  RTC_C_initCalendar                         
000093ad  RTC_C_getCalendarTime                      
00009413  RTC_C_setCalendarAlarm                     
0000944b  RTC_C_setCalendarEvent                     
0000947b  RTC_C_definePrescaleEvent                  
000094a3  RTC_C_getPrescaleValue                     
000094cf  RTC_C_setPrescaleValue                     
0000951f  RTC_C_convertBCDToBinary                   
00009537  RTC_C_convertBinaryToBCD                   
0000954f  RTC_C_enableInterrupt                      
000095a5  RTC_C_disableInterrupt                     
0000960d  RTC_C_getInterruptStatus                   
00009675  RTC_C_getEnabledInterruptStatus            
000096d5  RTC_C_clearInterruptFlag                   
0000971b  RTC_C_registerInterrupt                    
00009739  RTC_C_unregisterInterrupt                  
00009781  GPIO_setAsOutputPin                        
000097bb  GPIO_setAsInputPin                         
00009801  GPIO_setAsPeripheralModuleFunctionOutputPin
00009885  GPIO_setAsPeripheralModuleFunctionInputPin 
00009909  GPIO_setOutputHighOnPin                    
0000992b  GPIO_setOutputLowOnPin                     
0000994d  GPIO_toggleOutputOnPin                     
0000996f  GPIO_setAsInputPinWithPullDownResistor     
000099c1  GPIO_setAsInputPinWithPullUpResistor       
00009a13  GPIO_getInputPinValue                      
00009a41  GPIO_enableInterrupt                       
00009a63  GPIO_disableInterrupt                      
00009a85  GPIO_getInterruptStatus                    
00009aa3  GPIO_clearInterruptFlag                    
00009ac5  GPIO_interruptEdgeSelect                   
00009afb  GPIO_getEnabledInterruptStatus             
00009b77  GPIO_setDriveStrengthHigh                  
00009b99  GPIO_setDriveStrengthLow                   
00009bbb  GPIO_registerInterrupt                     
00009bdb  GPIO_unregisterInterrupt                   
00009c03  Interrupt_enableMaster                     
00009c13  Interrupt_disableMaster                    
00009c23  Interrupt_registerInterrupt                
00009c75  Interrupt_unregisterInterrupt              
00009c89  Interrupt_setPriorityGrouping              
00009ca3  Interrupt_getPriorityGrouping              
00009cdb  Interrupt_setPriority                      
00009d2b  Interrupt_getPriority                      
00009d51  Interrupt_enableInterrupt                  
00009dc3  Interrupt_disableInterrupt                 
00009e35  Interrupt_isEnabled                        
00009ec1  Interrupt_pendInterrupt                    
00009f31  Interrupt_unpendInterrupt                  
00009f7f  Interrupt_setPriorityMask                  
00009f8f  Interrupt_getPriorityMask                  
00009f99  Interrupt_setVectorTableAddress            
00009fa9  Interrupt_getVectorTableAddress            
00009faf  Interrupt_enableSleepOnIsrExit             
00009fc1  Interrupt_disableSleepOnIsrExit            
00009ff1  PWM_Init1                                  
0000a057  PWM_Init12                                 
0000a0ed  phase                                      
0000a115  PWM_Duty1                                  
0000a139  PWM_Duty2                                  
0000a15d  PWM_Init34                                 
0000a171  PWM_Duty3                                  
0000a17d  PWM_Duty4                                  
0000a189  PWM_RobotArmInit                           
0000a2b1  PWM_RobotArmDuty0                          
0000a2d1  PWM_RobotArmGetDuty0                       
0000a2d7  PWM_RobotArmDuty1                          
0000a2f7  PWM_RobotArmGetDuty1                       
0000a2fd  PWM_RobotArmDuty2                          
0000a31d  PWM_RobotArmGetDuty2                       
0000a3bd  I2CB1_Init                                 
0000a40b  I2CB1_Send                                 
0000a483  I2CB1_Recv                                 
0000a4ff  I2CB1_Send1                                
0000a55b  I2CB1_Send2                                
0000a5cb  I2CB1_Send3                                
0000a649  I2CB1_Send4                                
0000a6d7  I2CB1_Recv1                                
0000a761  SysTick_Handler                            
0000a761  SysTick_Handler                            
0000a76b  expired                                    
0000a78b  countdown_ms                               
0000a7a3  countdown                                  
0000a7c1  left_ms                                    
0000a7e3  InitTimer                                  
0000a7f3  cc3100_read                                
0000a875  cc3100_write                               
0000a8df  cc3100_disconnect                          
0000a8ef  NewNetwork                                 
0000a915  TLSConnectNetwork                          
0000aa3d  ConnectNetwork                             
0000aae9  registerInterruptHandler                   
0000aafd  CC3100_disable                             
0000ab09  CC3100_enable                              
0000ab15  CC3100_InterruptEnable                     
0000ab37  CC3100_InterruptDisable                    
0000ab4b  MaskIntHdlr                                
0000ab53  UnMaskIntHdlr                              
0000ab5b  set_rts                                    
0000ab67  clear_rts                                  
0000ab73  initClk                                    
0000abdd  stopWDT                                    
0000abe7  initLEDs                                   
0000ac39  turnLedOn                                  
0000ac6d  turnLedOff                                 
0000aca1  toggleLed                                  
0000acd5  GetLEDStatus                               
0000ad0f  initAntSelGPIO                             
0000ad43  SelAntenna                                 
0000ad87  Port1_ISR                                  
0000ad89  Delay                                      
0000adb9  PORT2_IRQHandler                           
0000adb9  PORT2_IRQHandler                           
0000addf  CC3100_UART_ISR                            
0000ae2d  SystemCoreClockUpdate                      
0000b0a1  SystemInit                                 
0000b159  SysCtl_getTLVInfo                          
0000b1cf  SysCtl_getSRAMSize                         
0000b1d5  SysCtl_getFlashSize                        
0000b1db  SysCtl_disableNMISource                    
0000b1ef  SysCtl_enableNMISource                     
0000b203  SysCtl_getNMISourceStatus                  
0000b209  SysCtl_enableSRAMBank                      
0000b225  SysCtl_disableSRAMBank                     
0000b28d  SysCtl_enableSRAMBankRetention             
0000b2a9  SysCtl_disableSRAMBankRetention            
0000b2c5  SysCtl_rebootDevice                        
0000b2cf  SysCtl_enablePeripheralAtCPUHalt           
0000b2e3  SysCtl_disablePeripheralAtCPUHalt          
0000b2f7  SysCtl_setWDTTimeoutResetType              
0000b31b  SysCtl_setWDTPasswordViolationResetType    
0000b33f  SysCtl_enableGlitchFilter                  
0000b34b  SysCtl_disableGlitchFilter                 
0000b357  SysCtl_getTempCalibrationConstant          
0000b39d  spi_Close                                  
0000b3a9  spi_Open                                   
0000b49b  spi_Write                                  
0000b4f5  spi_Read                                   
0000b5b1  Clock_Init48MHz                            
0000b6c7  Clock_GetFreq                              
0000b6cd  delay                                      
0000b6db  Clock_Delay1us                             
0000b705  Clock_Delay1ms                             
0000b791  ta3dummy                                   
0000b79d  TimerA3Capture_Init01                      
0000b81d  TA3_0_IRQHandler                           
0000b81d  TA3_0_IRQHandler                           
0000b837  TA3_N_IRQHandler                           
0000b837  TA3_N_IRQHandler                           
0000b877  TimerA3Capture_Init02                      
0000b965  Motor_Init                                 
0000b9ad  Motor_Stop                                 
0000b9db  Motor_Forward                              
0000ba0b  Motor_Right                                
0000ba45  Motor_Left                                 
0000ba7f  Motor_Backward                             
0000bad5  EUSCIA0_IRQHandler                         
0000bad5  EUSCIA0_IRQHandler                         
0000bb1b  CLI_Read                                   
0000bb6d  CLI_Write                                  
0000bbc1  CLI_Configure                              
0000bc41  _SlNonOsSemSet                             
0000bc59  _SlNonOsSemGet                             
0000bcb5  _SlNonOsSpawn                              
0000bd05  _SlNonOsMainLoopTask                       
0000bd71  LaunchPad_Init                             
0000bde1  LaunchPad_Input                            
0000bdff  LaunchPad_LED                              
0000be1d  LaunchPad_Output                           
0000be69  WDT_A_holdTimer                            
0000be89  WDT_A_startTimer                           
0000bea9  WDT_A_clearTimer                           
0000bec9  WDT_A_initWatchdogTimer                    
0000bee5  WDT_A_initIntervalTimer                    
0000bf01  WDT_A_setPasswordViolationReset            
0000bf0d  WDT_A_setTimeoutReset                      
0000bf19  WDT_A_registerInterrupt                    
0000bf2d  WDT_A_unregisterInterrupt                  
0000bf41  TimerA0_Init                               
0000bfa5  TimerA0_Stop                               
0000bfbb  TA0_0_IRQHandler                           
0000bfbb  TA0_0_IRQHandler                           
0000bfed  TimerA1_Init                               
0000c04b  TimerA1_Stop                               
0000c05f  TA1_0_IRQHandler                           
0000c05f  TA1_0_IRQHandler                           
0000c095  Bump_Init                                  
0000c0c9  Bump_Read                                  
0000c139  __aeabi_memcpy                             
0000c139  __aeabi_memcpy4                            
0000c139  __aeabi_memcpy8                            
0000c139  memcpy                                     
0000c1d5  _SlDrvFlowContInit                         
0000c213  _SlDrvFlowContDeinit                       
0000c255  __aeabi_memclr                             
0000c255  __aeabi_memclr4                            
0000c255  __aeabi_memclr8                            
0000c257  __aeabi_memset                             
0000c257  __aeabi_memset4                            
0000c257  __aeabi_memset8                            
0000c25d  memset                                     
0000c2d1  SysTick_enableModule                       
0000c2dd  SysTick_disableModule                      
0000c2e9  SysTick_registerInterrupt                  
0000c2f7  SysTick_unregisterInterrupt                
0000c301  SysTick_enableInterrupt                    
0000c30d  SysTick_disableInterrupt                   
0000c319  SysTick_setPeriod                          
0000c32b  SysTick_getPeriod                          
0000c333  SysTick_getValue                           
0000c345  __TI_decompress_lzss                       
0000c3ad  __TI_auto_init_nobinit_nopinit             
0000c3f1  CPU_cpsid                                  
0000c3fd  CPU_primask                                
0000c407  CPU_cpsie                                  
0000c413  CPU_wfi                                    
0000c417  CPU_basepriSet                             
0000c425  CPU_basepriGet                             
0000c431  _c_int00_noargs                            
0000c465  DisableInterrupts                          
0000c46b  EnableInterrupts                           
0000c471  StartCritical                              
0000c47b  EndCritical                                
0000c483  WaitForInterrupt                           
0000c489  strlen                                     
0000c49d  __TI_decompress_none                       
0000c4ab  Reset_Handler                              
0000c4b7  ADC14_IRQHandler                           
0000c4b7  AES256_IRQHandler                          
0000c4b7  BusFault_Handler                           
0000c4b7  COMP_E0_IRQHandler                         
0000c4b7  COMP_E1_IRQHandler                         
0000c4b7  CS_IRQHandler                              
0000c4b7  DMA_ERR_IRQHandler                         
0000c4b7  DMA_INT0_IRQHandler                        
0000c4b7  DMA_INT1_IRQHandler                        
0000c4b7  DMA_INT2_IRQHandler                        
0000c4b7  DMA_INT3_IRQHandler                        
0000c4b7  DebugMon_Handler                           
0000c4b7  Default_Handler                            
0000c4b7  EUSCIA1_IRQHandler                         
0000c4b7  EUSCIA2_IRQHandler                         
0000c4b7  EUSCIA3_IRQHandler                         
0000c4b7  EUSCIB0_IRQHandler                         
0000c4b7  EUSCIB1_IRQHandler                         
0000c4b7  EUSCIB2_IRQHandler                         
0000c4b7  EUSCIB3_IRQHandler                         
0000c4b7  FLCTL_IRQHandler                           
0000c4b7  FPU_IRQHandler                             
0000c4b7  HardFault_Handler                          
0000c4b7  MemManage_Handler                          
0000c4b7  NMI_Handler                                
0000c4b7  PCM_IRQHandler                             
0000c4b7  PORT1_IRQHandler                           
0000c4b7  PORT3_IRQHandler                           
0000c4b7  PORT4_IRQHandler                           
0000c4b7  PORT5_IRQHandler                           
0000c4b7  PSS_IRQHandler                             
0000c4b7  PendSV_Handler                             
0000c4b7  RTC_C_IRQHandler                           
0000c4b7  SVC_Handler                                
0000c4b7  T32_INT1_IRQHandler                        
0000c4b7  T32_INT2_IRQHandler                        
0000c4b7  T32_INTC_IRQHandler                        
0000c4b7  TA0_N_IRQHandler                           
0000c4b7  TA1_N_IRQHandler                           
0000c4b7  TA2_0_IRQHandler                           
0000c4b7  TA2_N_IRQHandler                           
0000c4b7  UsageFault_Handler                         
0000c4b7  WDT_A_IRQHandler                           
0000c4b9  __TI_zero_init                             
0000c4c5  _system_pre_init                           
0000c4c9  C$$EXIT                                    
0000c4c9  abort                                      
0000c6fc  _SlActionLookupTable                       
0000c780  g_H2NCnysPattern                           
0000c788  g_H2NSyncPattern                           
0000c7dc  _SlAcceptCmdCtrl                           
0000c7e0  _SlDeviceGetCmdCtrl                        
0000c7e4  _SlDeviceSetCmdCtrl                        
0000c7e8  _SlEventMaskGetCmdCtrl                     
0000c7ec  _SlEventMaskSetCmdCtrl                     
0000c7f0  _SlGetHostByNameCtrl                       
0000c7f4  _SlGetHostByServiceCtrl                    
0000c7f8  _SlGetServiceListeCtrl                     
0000c7fc  _SlGetSockOptCmdCtrl                       
0000c800  _SlListenCmdCtrl                           
0000c804  _SlNetAppGetCmdCtrl                        
0000c808  _SlNetAppSendTokenValueCmdCtrl             
0000c80c  _SlNetAppSetCmdCtrl                        
0000c810  _SlNetAppStartCtrl                         
0000c814  _SlNetAppStopCtrl                          
0000c818  _SlRecvCmdCtrl                             
0000c81c  _SlRecvfomCmdCtrl                          
0000c820  _SlRegisterServiceCtrl                     
0000c824  _SlSelectCmdCtrl                           
0000c828  _SlSendCmdCtrl                             
0000c82c  _SlSetSockOptCmdCtrl                       
0000c830  _SlSockCloseCmdCtrl                        
0000c834  _SlSockSocketCmdCtrl                       
0000c838  _SlStopCmdCtrl                             
0000c8d4  __TI_Handler_Table_Base                    
0000c8e0  __TI_Handler_Table_Limit                   
0000c8f0  __TI_CINIT_Base                            
0000c908  __TI_CINIT_Limit                           
20000000  __start___llvm_prf_cnts                    
20000000  __stop___llvm_prf_cnts                     
20000000  g_pfnRAMVectors                            
200000e4  x                                          
200010e4  x2                                         
200020e4  x3                                         
200030e4  buffer                                     
200034e4  g_StatMem                                  
20003648  g__SlNonOsCB                               
20003670  Amplitudes                                 
2000367c  ChannelCount                               
20003688  Distances                                  
20003694  FilteredDistances                          
200036a0  Noises                                     
200036bc  CenterDistance                             
200036c0  Error                                      
200036c4  I1                                         
200036c8  ISRLast                                    
200036cc  ISRPeriod                                  
200036d0  ISRTime                                    
200036d4  LPFSum                                     
200036d8  LPFSum2                                    
200036dc  LPFSum3                                    
200036e0  LeftDistance                               
200036e4  MilliTimer                                 
200036e8  PTxChan                                    
200036ec  Pamplitudes                                
200036f0  Pdistances                                 
200036f4  Pt                                         
200036f8  Pt2                                        
200036fc  Pt3                                        
20003700  RightDistance                              
20003704  Size                                       
20003708  StartTime                                  
2000370c  TimerA0Task                                
20003710  TimerA1Task                                
20003714  TxChannel                                  
20003718  UL                                         
2000371c  UR                                         
20003720  g_ucUARTBuffer                             
20003724  rotation                                   
20003728  u1                                         
2000372c  u2                                         
20003730  u3                                         
20003734  vccstate                                   
20003738  StartX                                     
2000373a  StartY                                     
2000373c  IntIsMasked                                
20003740  _sys_memory                                
20003bb0  ClockFrequency                             
20003bb4  Prewait                                    
20003bb8  CPMwait                                    
20003bbc  Postwait                                   
20003bc0  IFlags                                     
20003bc4  Crystalstable                              
20003bc8  Mode                                       
20003bcc  Ki                                         
20003bd0  Kp                                         
20003bd4  SetPoint                                   
20003bd8  CaptureTask0                               
20003bdc  CaptureTask1                               
20003be0  CaptureTask2                               
20003be4  g_pCB                                      
20003be8  pPingCallBackFunc                          
20003bec  gFirstCmdMode                              
20003bee  CurrentX                                   
20003bf0  CurrentY                                   
20003bf4  pIraEventHandler                           
20003bf8  cli_have_cmd                               
20003bfc  SystemCoreClock                            
2000fe00  __stack                                    
20010000  __STACK_END                                
4000480c  WDTCTL_SYM                                 
ffffffff  __TI_pprof_out_hndl                        
ffffffff  __TI_prof_data_size                        
ffffffff  __TI_prof_data_start                       
ffffffff  __binit__                                  
ffffffff  __c_args__                                 
ffffffff  binit                                      
UNDEFED   SimpleLinkGeneralEventHandler              
UNDEFED   SimpleLinkHttpServerCallback               
UNDEFED   SimpleLinkNetAppEventHandler               
UNDEFED   SimpleLinkSockEventHandler                 
UNDEFED   SimpleLinkWlanEventHandler                 
UNDEFED   __mpu_init                                 
UNDEFED   _system_post_cinit                         

[647 symbols]
