******************************************************************************
                  TI ARM Linker PC v20.2.7                     
******************************************************************************
>> Linked Mon Apr 22 19:31:27 2024

OUTPUT FILE NAME:   <CC3100BOOST_MQTT-TwitterLED_MSP432P401R.out>
ENTRY POINT SYMBOL: "_c_int00_noargs"  address: 00013161


MEMORY CONFIGURATION

         name            origin    length      used     unused   attr    fill
----------------------  --------  ---------  --------  --------  ----  --------
  MAIN                  00000000   00040000  00013c66  0002c39a  R  X
  INFO                  00200000   00004000  00000000  00004000  R  X
  SRAM_CODE             01000000   00010000  000077e1  0000881f  RW X
  SRAM_DATA             20000000   00010000  000077e1  0000881f  RW  


SEGMENT ALLOCATION MAP

run origin  load origin   length   init length attrs members
----------  ----------- ---------- ----------- ----- -------
00000000    00000000    00013c68   00013c68    r-x
  00000000    00000000    000000e4   000000e4    r-- .intvecs
  000000e4    000000e4    00013374   00013374    r-x .text
  00013458    00013458    000006ee   000006ee    r-- .const
  00013b48    00013b48    00000120   00000120    r-- .cinit
20000000    20000000    000075e8   00000000    rw-
  20000000    20000000    000000e4   00000000    rw- .vtable
  200000e4    200000e4    00006e15   00000000    rw- .bss
  20006f00    20006f00    00000400   00000000    rw- .sysmem
  20007300    20007300    000002e8   00000000    rw- .data
2000fe00    2000fe00    00000200   00000000    rw-
  2000fe00    2000fe00    00000200   00000000    rw- .stack


SECTION ALLOCATION MAP

 output                                  attributes/
section   page    origin      length       input sections
--------  ----  ----------  ----------   ----------------
.intvecs   0    00000000    000000e4     
                  00000000    000000e4     startup_msp432p401r_ccs.obj (.intvecs:retain)

.text      0    000000e4    00013374     
                  000000e4    00002034     driver.obj (.text)
                  00002118    000019b4     main.obj (.text)
                  00003acc    00001598     flash.obj (.text)
                  00005064    00001340     SSD1306.obj (.text)
                  000063a4    00000ed4     socket.obj (.text)
                  00007278    00000d7c     cs.obj (.text)
                  00007ff4    00000b3c     netapp.obj (.text)
                  00008b30    00000ac0     wlan.obj (.text)
                  000095f0    00000a4e     rtsv7M4_T_le_v4SPD16_eabi.lib : _printfi.c.obj (.text:__TI_printfi)
                  0000a03e    00000002                                   : _lock.c.obj (.text:_nop)
                  0000a040    000009fc     MQTTClient.obj (.text)
                  0000aa3c    00000838     pcm.obj (.text)
                  0000b274    00000798     timer_a.obj (.text)
                  0000ba0c    000006e0     UART0.obj (.text)
                  0000c0ec    000005d0     LPF.obj (.text)
                  0000c6bc    000005b4     device.obj (.text)
                  0000cc70    0000051c     opt3101.obj (.text)
                  0000d18c    00000508     rtc_c.obj (.text)
                  0000d694    00000480     gpio.obj (.text)
                  0000db14    000003f8     MQTTPacket.obj (.text)
                  0000df0c    000003f0     interrupt.obj (.text)
                  0000e2fc    000003ac     MQTTConnectClient.obj (.text)
                  0000e6a8    000003a4     I2CB1.obj (.text)
                  0000ea4c    00000388     MQTTCC3100.obj (.text)
                  0000edd4    00000344     board.obj (.text)
                  0000f118    0000032c     system_msp432p401r.obj (.text)
                  0000f444    00000270     rtsv7M4_T_le_v4SPD16_eabi.lib : _printfi.c.obj (.text:_pconv_a)
                  0000f6b4    00000244     sysctl.obj (.text)
                  0000f8f8    00000228     PWM.obj (.text)
                  0000fb20    00000218     MQTTSerializePublish.obj (.text)
                  0000fd38    00000218     MQTTSubscribeClient.obj (.text)
                  0000ff50    00000214     spi_cc3100.obj (.text)
                  00010164    000001e0     Clock.obj (.text)
                  00010344    000001d4     TA3InputCapture.obj (.text)
                  00010518    000001d0     rtsv7M4_T_le_v4SPD16_eabi.lib : _printfi.c.obj (.text:_pconv_g)
                  000106e8    000001b6                                   : fd_add_t2.asm.obj (.text)
                  0001089e    00000002                                   : div0.asm.obj (.text)
                  000108a0    000001a0     MQTTUnsubscribeClient.obj (.text)
                  00010a40    00000184     crc32.obj (.text)
                  00010bc4    00000170     Motor.obj (.text)
                  00010d34    0000016c     cli_uart.obj (.text)
                  00010ea0    0000013c     Tachometer.obj (.text)
                  00010fdc    0000013c     rtsv7M4_T_le_v4SPD16_eabi.lib : _printfi.c.obj (.text:_pconv_e)
                  00011118    00000138     MQTTDeserializePublish.obj (.text)
                  00011250    00000136     rtsv7M4_T_le_v4SPD16_eabi.lib : fd_div_t2.asm.obj (.text)
                  00011386    00000002     --HOLE-- [fill = 0]
                  00011388    00000130     nonos.obj (.text)
                  000114b8    00000124     rtsv7M4_T_le_v4SPD16_eabi.lib : _printfi.c.obj (.text:fcvt)
                  000115dc    00000110                                   : fopen.c.obj (.text:_openfile)
                  000116ec    00000110     netcfg.obj (.text)
                  000117fc    00000110     rtsv7M4_T_le_v4SPD16_eabi.lib : s_scalbn.c.obj (.text:scalbn)
                  0001190c    00000100                                   : memory.c.obj (.text:aligned_alloc)
                  00011a0c    000000fc                                   : fd_mul_t2.asm.obj (.text)
                  00011b08    000000f8     LaunchPad.obj (.text)
                  00011c00    000000e4     rtsv7M4_T_le_v4SPD16_eabi.lib : memory.c.obj (.text:free)
                  00011ce4    000000dc                                   : setvbuf.c.obj (.text:setvbuf)
                  00011dc0    000000d8     wdt_a.obj (.text)
                  00011e98    000000bc     rtsv7M4_T_le_v4SPD16_eabi.lib : open.c.obj (.text:open)
                  00011f54    000000b8                                   : add_device.c.obj (.text:add_device)
                  0001200c    000000b1                                   : _printfi.c.obj (.text:_ltostr)
                  000120bd    00000003     --HOLE-- [fill = 0]
                  000120c0    000000ac     TimerA0.obj (.text)
                  0001216c    000000a8     TimerA1.obj (.text)
                  00012214    000000a8     TimerA2.obj (.text)
                  000122bc    000000a4     Bump.obj (.text)
                  00012360    0000009c     rtsv7M4_T_le_v4SPD16_eabi.lib : fopen.c.obj (.text:fopen)
                  000123fc    0000009c                                   : memcpy_t2.asm.obj (.text)
                  00012498    00000096                                   : ull_div_t2.asm.obj (.text)
                  0001252e    00000086                                   : fd_cmp_t2.asm.obj (.text:__aeabi_cdcmple)
                  000125b4    00000086                                   : fd_cmp_t2.asm.obj (.text:__aeabi_cdrcmple)
                  0001263a    00000002     --HOLE-- [fill = 0]
                  0001263c    00000080     flowcont.obj (.text)
                  000126bc    0000007a     rtsv7M4_T_le_v4SPD16_eabi.lib : memset_t2.asm.obj (.text)
                  00012736    00000002     --HOLE-- [fill = 0]
                  00012738    00000074                                   : fclose.c.obj (.text:__TI_closefile)
                  000127ac    00000074     systick.obj (.text)
                  00012820    00000070     rtsv7M4_T_le_v4SPD16_eabi.lib : memory.c.obj (.text:split)
                  00012890    0000006e                                   : _printfi.c.obj (.text:_mcpy)
                  000128fe    00000002     --HOLE-- [fill = 0]
                  00012900    0000006c                                   : hostrename.c.obj (.text:HOSTrename)
                  0001296c    00000068                                   : hostlseek.c.obj (.text:HOSTlseek)
                  000129d4    00000068                                   : copy_decompress_lzss.c.obj (.text:decompress:lzss:__TI_decompress_lzss)
                  00012a3c    00000064                                   : s_frexp.c.obj (.text:frexp)
                  00012aa0    00000060                                   : hostopen.c.obj (.text:HOSTopen)
                  00012b00    0000005c                                   : close.c.obj (.text:close)
                  00012b5c    00000058                                   : hostread.c.obj (.text:HOSTread)
                  00012bb4    00000058                                   : hostwrite.c.obj (.text:HOSTwrite)
                  00012c0c    00000056                                   : _printfi.c.obj (.text:_pconv_f)
                  00012c62    00000054                                   : _ltoa.c.obj (.text:__TI_ltoa)
                  00012cb6    00000052                                   : _printfi.c.obj (.text:_ecpy)
                  00012d08    0000004c                                   : fflush.c.obj (.text:__TI_doflush)
                  00012d54    0000004c                                   : atoi.c.obj (.text:atoi)
                  00012da0    0000004c                                   : snprintf.c.obj (.text:snprintf)
                  00012dec    00000048                                   : exit.c.obj (.text:exit)
                  00012e34    00000048                                   : fd_toi_t2.asm.obj (.text)
                  00012e7c    00000044                                   : hostclose.c.obj (.text:HOSTclose)
                  00012ec0    00000044                                   : hostunlink.c.obj (.text:HOSTunlink)
                  00012f04    00000044                                   : autoinit.c.obj (.text:__TI_auto_init_nobinit_nopinit:__TI_auto_init_nobinit_nopinit)
                  00012f48    00000044                                   : getdevice.c.obj (.text:getdevice)
                  00012f8c    00000040                                   : u_divt2.asm.obj (.text)
                  00012fcc    00000040                                   : sprintf.c.obj (.text:sprintf)
                  0001300c    0000003e                                   : _printfi.c.obj (.text:_fcpy)
                  0001304a    0000003e     cpu.obj (.text)
                  00013088    00000038     rtsv7M4_T_le_v4SPD16_eabi.lib : trgmsg.c.obj (.text:__TI_writemsg)
                  000130c0    00000036                                   : strncpy.c.obj (.text:strncpy)
                  000130f6    00000002     --HOLE-- [fill = 0]
                  000130f8    00000034                                   : fopen.c.obj (.text:__TI_cleanup)
                  0001312c    00000034                                   : trgmsg.c.obj (.text:__TI_readmsg)
                  00013160    00000034                                   : boot_cortex_m.c.obj (.text:_c_int00_noargs:_c_int00_noargs)
                  00013194    00000034                                   : fopen.c.obj (.text:freopen)
                  000131c8    00000030                                   : snprintf.c.obj (.text:_outs)
                  000131f8    00000030                                   : getdevice.c.obj (.text:finddevice)
                  00013228    0000002e                                   : i_tofd_t2.asm.obj (.text)
                  00013256    0000002c                                   : strncmp.c.obj (.text:strncmp)
                  00013282    00000002     --HOLE-- [fill = 0]
                  00013284    0000002c                                   : unlink.c.obj (.text:unlink)
                  000132b0    00000028                                   : memory.c.obj (.text:free_list_insert)
                  000132d8    00000028                                   : write.c.obj (.text:write)
                  00013300    00000024     CortexM.obj (.text)
                  00013324    0000001c     rtsv7M4_T_le_v4SPD16_eabi.lib : memory.c.obj (.text:free_list_remove)
                  00013340    0000001c                                   : memccpy.c.obj (.text:memccpy)
                  0001335c    0000001a                                   : s_copysign.c.obj (.text:copysign)
                  00013376    00000018                                   : snprintf.c.obj (.text:_outc)
                  0001338e    00000018                                   : sprintf.c.obj (.text:_outs)
                  000133a6    00000018                                   : strcmp.c.obj (.text:strcmp)
                  000133be    00000016                                   : strchr.c.obj (.text:strchr)
                  000133d4    00000014                                   : strcpy.c.obj (.text:strcpy)
                  000133e8    00000014                                   : strlen.c.obj (.text:strlen)
                  000133fc    00000012                                   : wcslen.c.obj (.text:wcslen)
                  0001340e    0000000e                                   : copy_decompress_none.c.obj (.text:decompress:none:__TI_decompress_none)
                  0001341c    0000000e     startup_msp432p401r_ccs.obj (.text)
                  0001342a    0000000c     rtsv7M4_T_le_v4SPD16_eabi.lib : copy_zero_init.c.obj (.text:decompress:ZI:__TI_zero_init)
                  00013436    0000000a                                   : sprintf.c.obj (.text:_outc)
                  00013440    00000008                                   : errno.c.obj (.text:__aeabi_errno_addr)
                  00013448    00000008                                   : memory.c.obj (.text:malloc)
                  00013450    00000004                                   : pre_init.c.obj (.text:_system_pre_init)
                  00013454    00000004                                   : exit.c.obj (.text:abort:abort)

.const     0    00013458    000006ee     
                  00013458    000001e0     SSD1306.obj (.const:ASCII)
                  00013638    00000101     rtsv7M4_T_le_v4SPD16_eabi.lib : ctype.c.obj (.const:.string:_ctypes_)
                  00013739    00000003     SSD1306.obj (.const:.string:init4b)
                  0001373c    000000b0     wlan.obj (.const:$P$T0$1)
                  000137ec    00000058     main.obj (.const:$P$T0$1)
                  00013844    00000058     MQTTClient.obj (.const:$P$T1$2)
                  0001389c    00000050     interrupt.obj (.const:g_pulRegs)
                  000138ec    00000038     driver.obj (.const:_SlActionLookupTable)
                  00013924    0000002c     main.obj (.const:$P$T1$2)
                  00013950    00000020     interrupt.obj (.const:g_pulPriority)
                  00013970    0000001c     gpio.obj (.const:GPIO_PORT_TO_INT)
                  0001398c    00000018     main.obj (.const:upConfig)
                  000139a4    00000014     main.obj (.const:$P$T2$3)
                  000139b8    0000000c     MQTTClient.obj (.const:$P$T2$3)
                  000139c4    0000000c     MQTTClient.obj (.const:$P$T3$4)
                  000139d0    0000000c     main.obj (.const:$P$T3$4)
                  000139dc    0000000c     MQTTClient.obj (.const:$P$T4$5)
                  000139e8    00000008     SSD1306.obj (.const:.string:postmask)
                  000139f0    00000008     SSD1306.obj (.const:.string:premask)
                  000139f8    00000008     driver.obj (.const:g_H2NCnysPattern)
                  00013a00    00000008     driver.obj (.const:g_H2NSyncPattern)
                  00013a08    00000008     interrupt.obj (.const:g_pulDisRegs)
                  00013a10    00000008     interrupt.obj (.const:g_pulEnRegs)
                  00013a18    00000008     interrupt.obj (.const:g_pulPendRegs)
                  00013a20    00000008     interrupt.obj (.const:g_pulUnpendRegs)
                  00013a28    00000006     SSD1306.obj (.const:.string:init5)
                  00013a2e    00000005     SSD1306.obj (.const:.string:dlist1)
                  00013a33    00000001     --HOLE-- [fill = 0]
                  00013a34    00000004     MQTTClient.obj (.const:$P$T0$1)
                  00013a38    00000004     MQTTConnectClient.obj (.const:$P$T0$1)
                  00013a3c    00000004     MQTTDeserializePublish.obj (.const:$P$T0$1)
                  00013a40    00000004     MQTTPacket.obj (.const:$P$T0$1)
                  00013a44    00000004     MQTTSerializePublish.obj (.const:$P$T0$1)
                  00013a48    00000004     MQTTSubscribeClient.obj (.const:$P$T0$1)
                  00013a4c    00000004     MQTTUnsubscribeClient.obj (.const:$P$T0$1)
                  00013a50    00000004     driver.obj (.const:$P$T0$1)
                  00013a54    00000004     netapp.obj (.const:$P$T0$1)
                  00013a58    00000004     socket.obj (.const:$P$T0$1)
                  00013a5c    00000004     MQTTConnectClient.obj (.const:$P$T1$2)
                  00013a60    00000004     MQTTDeserializePublish.obj (.const:$P$T1$2)
                  00013a64    00000004     MQTTSerializePublish.obj (.const:$P$T1$2)
                  00013a68    00000004     MQTTSubscribeClient.obj (.const:$P$T1$2)
                  00013a6c    00000004     socket.obj (.const:$P$T1$2)
                  00013a70    00000004     wlan.obj (.const:$P$T1$2)
                  00013a74    00000004     MQTTConnectClient.obj (.const:$P$T2$3)
                  00013a78    00000004     socket.obj (.const:$P$T2$3)
                  00013a7c    00000004     wlan.obj (.const:$P$T2$3)
                  00013a80    00000004     MQTTConnectClient.obj (.const:$P$T3$4)
                  00013a84    00000004     wlan.obj (.const:$P$T3$4)
                  00013a88    00000004     MQTTConnectClient.obj (.const:$P$T4$5)
                  00013a8c    00000004     SSD1306.obj (.const:.string:init1)
                  00013a90    00000004     SSD1306.obj (.const:.string:init2)
                  00013a94    00000004     SSD1306.obj (.const:.string:init3)
                  00013a98    00000004     socket.obj (.const:_SlAcceptCmdCtrl)
                  00013a9c    00000004     device.obj (.const:_SlDeviceGetCmdCtrl)
                  00013aa0    00000004     device.obj (.const:_SlDeviceSetCmdCtrl)
                  00013aa4    00000004     device.obj (.const:_SlEventMaskGetCmdCtrl)
                  00013aa8    00000004     device.obj (.const:_SlEventMaskSetCmdCtrl)
                  00013aac    00000004     netapp.obj (.const:_SlGetHostByNameCtrl)
                  00013ab0    00000004     netapp.obj (.const:_SlGetHostByServiceCtrl)
                  00013ab4    00000004     netapp.obj (.const:_SlGetServiceListeCtrl)
                  00013ab8    00000004     socket.obj (.const:_SlGetSockOptCmdCtrl)
                  00013abc    00000004     socket.obj (.const:_SlListenCmdCtrl)
                  00013ac0    00000004     netapp.obj (.const:_SlNetAppGetCmdCtrl)
                  00013ac4    00000004     netapp.obj (.const:_SlNetAppSendTokenValueCmdCtrl)
                  00013ac8    00000004     netapp.obj (.const:_SlNetAppSetCmdCtrl)
                  00013acc    00000004     netapp.obj (.const:_SlNetAppStartCtrl)
                  00013ad0    00000004     netapp.obj (.const:_SlNetAppStopCtrl)
                  00013ad4    00000004     netcfg.obj (.const:_SlNetCfgGetCmdCtrl)
                  00013ad8    00000004     netcfg.obj (.const:_SlNetCfgSetCmdCtrl)
                  00013adc    00000004     wlan.obj (.const:_SlPolicyGetCmdCtrl)
                  00013ae0    00000004     wlan.obj (.const:_SlPolicySetCmdCtrl)
                  00013ae4    00000004     wlan.obj (.const:_SlProfileDelCmdCtrl)
                  00013ae8    00000004     wlan.obj (.const:_SlProfileGetCmdCtrl)
                  00013aec    00000004     socket.obj (.const:_SlRecvCmdCtrl)
                  00013af0    00000004     socket.obj (.const:_SlRecvfomCmdCtrl)
                  00013af4    00000004     netapp.obj (.const:_SlRegisterServiceCtrl)
                  00013af8    00000004     wlan.obj (.const:_SlRxFilterAddtCmdCtrl)
                  00013afc    00000004     wlan.obj (.const:_SlRxFilterGetCmdCtrl)
                  00013b00    00000004     wlan.obj (.const:_SlRxFilterSetCmdCtrl)
                  00013b04    00000004     socket.obj (.const:_SlSelectCmdCtrl)
                  00013b08    00000004     socket.obj (.const:_SlSendCmdCtrl)
                  00013b0c    00000004     socket.obj (.const:_SlSetSockOptCmdCtrl)
                  00013b10    00000004     wlan.obj (.const:_SlSmartConfigStartCmdCtrl)
                  00013b14    00000004     socket.obj (.const:_SlSockCloseCmdCtrl)
                  00013b18    00000004     socket.obj (.const:_SlSockSocketCmdCtrl)
                  00013b1c    00000004     device.obj (.const:_SlStopCmdCtrl)
                  00013b20    00000004     wlan.obj (.const:_SlWlanCfgGetCmdCtrl)
                  00013b24    00000004     wlan.obj (.const:_SlWlanCfgSetCmdCtrl)
                  00013b28    00000004     wlan.obj (.const:_SlWlanGetNetworkListCtrl)
                  00013b2c    00000004     wlan.obj (.const:_SlWlanSetModeCmdCtrl)
                  00013b30    00000003     SSD1306.obj (.const:.string:scrollList1b)
                  00013b33    00000003     SSD1306.obj (.const:.string:scrollList2b)
                  00013b36    00000002     SSD1306.obj (.const:.string:scrollList1a)
                  00013b38    00000002     SSD1306.obj (.const:.string:scrollList2a)
                  00013b3a    00000002     SSD1306.obj (.const:.string:scrollList3a)
                  00013b3c    00000002     SSD1306.obj (.const:.string:scrollList3b)
                  00013b3e    00000002     SSD1306.obj (.const:.string:scrollList3c)
                  00013b40    00000002     SSD1306.obj (.const:.string:scrollList4a)
                  00013b42    00000002     SSD1306.obj (.const:.string:scrollList4b)
                  00013b44    00000002     SSD1306.obj (.const:.string:scrollList4c)

.cinit     0    00013b48    00000120     
                  00013b48    000000e7     (.cinit..data.load) [load image, compression = lzss]
                  00013c2f    00000001     --HOLE-- [fill = 0]
                  00013c30    0000000c     (__TI_handler_table)
                  00013c3c    00000004     --HOLE-- [fill = 0]
                  00013c40    00000008     (.cinit..bss.load) [load image, compression = zero_init]
                  00013c48    00000008     (.cinit..vtable.load) [load image, compression = zero_init]
                  00013c50    00000018     (__TI_cinit_table)

.init_array 
*          0    00000000    00000000     UNINITIALIZED

.binit     0    00000000    00000000     

.vtable    0    20000000    000000e4     UNINITIALIZED
                  20000000    000000e4     interrupt.obj (.vtable)

.bss       0    200000e4    00006e15     UNINITIALIZED
                  200000e4    00001000     (.common:x)
                  200010e4    00001000     (.common:x2)
                  200020e4    00001000     (.common:x3)
                  200030e4    00000fa0     (.common:centerDistanceMeasurements)
                  20004084    00000fa0     (.common:leftDistanceMeasurements)
                  20005024    00000fa0     (.common:rightDistanceMeasurements)
                  20005fc4    00000648     (.common:g_AppData)
                  2000660c    00000400     (.common:buffer)
                  20006a0c    00000164     (.common:g_StatMem)
                  20006b70    00000120     rtsv7M4_T_le_v4SPD16_eabi.lib : trgmsg.c.obj (.bss:_CIOBUF_)
                  20006c90    000000a0     (.common:__TI_tmpnams)
                  20006d30    0000005c     (.common:hMQTTClient)
                  20006d8c    00000028     (.common:g__SlNonOsCB)
                  20006db4    00000014     (.common:macStr)
                  20006dc8    00000010     (.common:n)
                  20006dd8    0000000c     (.common:Amplitudes)
                  20006de4    0000000c     (.common:ChannelCount)
                  20006df0    0000000c     (.common:Distances)
                  20006dfc    0000000c     (.common:FilteredDistances)
                  20006e08    0000000c     (.common:Noises)
                  20006e14    0000000c     (.common:uniqueID)
                  20006e20    00000008     cs.obj (.bss)
                  20006e28    00000008     opt3101.obj (.bss)
                  20006e30    00000008     (.common:Messageb)
                  20006e38    00000008     (.common:macAddressVal)
                  20006e40    00000008     (.common:parmbuf)
                  20006e48    00000004     MQTTPacket.obj (.bss)
                  20006e4c    00000004     (.common:Average_RPM_L)
                  20006e50    00000004     (.common:Average_RPM_R)
                  20006e54    00000004     (.common:CenterDistance)
                  20006e58    00000004     (.common:Error)
                  20006e5c    00000004     (.common:I1)
                  20006e60    00000004     (.common:ISRLast)
                  20006e64    00000004     (.common:ISRPeriod)
                  20006e68    00000004     (.common:ISRTime)
                  20006e6c    00000004     (.common:LPFSum)
                  20006e70    00000004     (.common:LPFSum2)
                  20006e74    00000004     (.common:LPFSum3)
                  20006e78    00000004     (.common:LeftDistance)
                  20006e7c    00000004     (.common:Messageindexb)
                  20006e80    00000004     (.common:MilliTimer)
                  20006e84    00000004     (.common:PTxChan)
                  20006e88    00000004     (.common:Pamplitudes)
                  20006e8c    00000004     (.common:Pdistances)
                  20006e90    00000004     (.common:Pt)
                  20006e94    00000004     (.common:Pt2)
                  20006e98    00000004     (.common:Pt3)
                  20006e9c    00000004     (.common:RightDistance)
                  20006ea0    00000004     (.common:Size)
                  20006ea4    00000004     (.common:StartTime)
                  20006ea8    00000004     (.common:TimerA0Task)
                  20006eac    00000004     (.common:TimerA1Task)
                  20006eb0    00000004     (.common:TimerA2Task)
                  20006eb4    00000004     (.common:TxChannel)
                  20006eb8    00000004     (.common:UL)
                  20006ebc    00000004     (.common:UR)
                  20006ec0    00000004     (.common:g_ucUARTBuffer)
                  20006ec4    00000004     (.common:leftSteps)
                  20006ec8    00000004     (.common:rightSteps)
                  20006ecc    00000004     (.common:rotation)
                  20006ed0    00000004     (.common:stringHelper)
                  20006ed4    00000004     (.common:u1)
                  20006ed8    00000004     (.common:u2)
                  20006edc    00000004     (.common:u3)
                  20006ee0    00000004     (.common:vccstate)
                  20006ee4    00000002     (.common:StartX)
                  20006ee6    00000002     (.common:StartY)
                  20006ee8    00000002     (.common:Tachometer_FirstLeftTime)
                  20006eea    00000002     (.common:Tachometer_FirstRightTime)
                  20006eec    00000002     (.common:Tachometer_SecondLeftTime)
                  20006eee    00000002     (.common:Tachometer_SecondRightTime)
                  20006ef0    00000002     (.common:leftTach)
                  20006ef2    00000002     (.common:motorSpeed)
                  20006ef4    00000002     (.common:rightTach)
                  20006ef6    00000001     (.common:IntIsMasked)
                  20006ef7    00000001     (.common:leftDir)
                  20006ef8    00000001     (.common:rightDir)

.sysmem    0    20006f00    00000400     UNINITIALIZED
                  20006f00    00000010     rtsv7M4_T_le_v4SPD16_eabi.lib : memory.c.obj (.sysmem)
                  20006f10    000003f0     --HOLE--

.data      0    20007300    000002e8     UNINITIALIZED
                  20007300    000000f0     rtsv7M4_T_le_v4SPD16_eabi.lib : defs.c.obj (.data:_ftable)
                  200073f0    00000078                                   : host_device.c.obj (.data:_device)
                  20007468    00000050                                   : host_device.c.obj (.data:_stream)
                  200074b8    00000040     flash.obj (.data:__getBurstProgramRegs)
                  200074f8    00000036     main.obj (.data)
                  2000752e    00000002     --HOLE--
                  20007530    00000030     gpio.obj (.data:GPIO_PORT_TO_BASE)
                  20007560    00000018     Clock.obj (.data)
                  20007578    00000010     rtsv7M4_T_le_v4SPD16_eabi.lib : defs.c.obj (.data)
                  20007588    0000000c                                   : exit.c.obj (.data:$O1$$)
                  20007594    0000000c     TA3InputCapture.obj (.data)
                  200075a0    0000000a     Tachometer.obj (.data)
                  200075aa    00000002     --HOLE--
                  200075ac    00000009     driver.obj (.data)
                  200075b5    00000003     --HOLE--
                  200075b8    00000008     rtsv7M4_T_le_v4SPD16_eabi.lib : _lock.c.obj (.data:$O1$$)
                  200075c0    00000008                                   : memory.c.obj (.data:$O1$$)
                  200075c8    00000004     SSD1306.obj (.data)
                  200075cc    00000004     board.obj (.data)
                  200075d0    00000004     cli_uart.obj (.data)
                  200075d4    00000004     rtsv7M4_T_le_v4SPD16_eabi.lib : add_device.c.obj (.data)
                  200075d8    00000004                                   : errno.c.obj (.data)
                  200075dc    00000004                                   : fopen.c.obj (.data)
                  200075e0    00000004                                   : open.c.obj (.data)
                  200075e4    00000004     system_msp432p401r.obj (.data)

.stack     0    2000fe00    00000200     UNINITIALIZED
                  2000fe00    00000004     rtsv7M4_T_le_v4SPD16_eabi.lib : boot_cortex_m.c.obj (.stack)
                  2000fe04    000001fc     --HOLE--

__llvm_prf_cnts 
*          0    20000000    00000000     UNINITIALIZED

MODULE SUMMARY

       Module                        code    ro data   rw data
       ------                        ----    -------   -------
    .\
       main.obj                      6580    188       27836  
       LPF.obj                       1488    0         24664  
       SSD1306.obj                   4928    544       2080   
       UART0.obj                     1760    0         24     
       opt3101.obj                   1308    0         88     
       I2CB1.obj                     932     0         0      
       system_msp432p401r.obj        812     0         8      
       PWM.obj                       552     0         0      
       Clock.obj                     480     0         48     
       TA3InputCapture.obj           468     0         24     
       Motor.obj                     368     0         0      
       Tachometer.obj                316     0         36     
       LaunchPad.obj                 248     0         0      
       startup_msp432p401r_ccs.obj   14      228       0      
       TimerA0.obj                   172     0         8      
       TimerA1.obj                   168     0         8      
       TimerA2.obj                   168     0         8      
       Bump.obj                      164     0         0      
       CortexM.obj                   36      0         0      
    +--+-----------------------------+-------+---------+---------+
       Total:                        20962   960       54832  
                                                              
    .\board\
       board.obj                     836     0         10     
    +--+-----------------------------+-------+---------+---------+
       Total:                        836     0         10     
                                                              
    .\cli_uart\
       cli_uart.obj                  364     0         16     
    +--+-----------------------------+-------+---------+---------+
       Total:                        364     0         16     
                                                              
    .\driverlib\MSP432P4xx\
       flash.obj                     5528    0         128    
       cs.obj                        3452    0         16     
       pcm.obj                       2104    0         0      
       timer_a.obj                   1944    0         0      
       interrupt.obj                 1008    144       456    
       rtc_c.obj                     1288    0         0      
       gpio.obj                      1152    28        96     
       sysctl.obj                    580     0         0      
       crc32.obj                     388     0         0      
       wdt_a.obj                     216     0         0      
       systick.obj                   116     0         0      
       cpu.obj                       62      0         0      
    +--+-----------------------------+-------+---------+---------+
       Total:                        17838   172       696    
                                                              
    .\mqtt\
       MQTTClient.obj                2556    128       0      
       MQTTPacket.obj                1016    4         8      
       MQTTConnectClient.obj         940     20        0      
       MQTTCC3100.obj                904     0         8      
       MQTTSerializePublish.obj      536     8         0      
       MQTTSubscribeClient.obj       536     8         0      
       MQTTUnsubscribeClient.obj     416     4         0      
       MQTTDeserializePublish.obj    312     8         0      
    +--+-----------------------------+-------+---------+---------+
       Total:                        7216    180       16     
                                                              
    .\simplelink\source\
       driver.obj                    8244    76        730    
       socket.obj                    3796    52        0      
       wlan.obj                      2752    236       0      
       netapp.obj                    2876    40        0      
       device.obj                    1460    20        0      
       nonos.obj                     304     0         80     
       netcfg.obj                    272     8         0      
       flowcont.obj                  128     0         0      
    +--+-----------------------------+-------+---------+---------+
       Total:                        19832   432       810    
                                                              
    .\spi_cc3100\
       spi_cc3100.obj                532     0         0      
    +--+-----------------------------+-------+---------+---------+
       Total:                        532     0         0      
                                                              
    C:\ti\ccs1260\ccs\tools\compiler\ti-cgt-arm_20.2.7.LTS\lib\rtsv7M4_T_le_v4SPD16_eabi.lib
       _printfi.c.obj                4851    0         0      
       defs.c.obj                    0       0         832    
       memory.c.obj                  672     0         16     
       trgmsg.c.obj                  108     0         576    
       fopen.c.obj                   532     0         8      
       fd_add_t2.asm.obj             438     0         0      
       host_device.c.obj             0       0         400    
       fd_div_t2.asm.obj             310     0         0      
       s_scalbn.c.obj                272     0         0      
       fd_cmp_t2.asm.obj             268     0         0      
       ctype.c.obj                   0       257       0      
       fd_mul_t2.asm.obj             252     0         0      
       setvbuf.c.obj                 220     0         0      
       open.c.obj                    188     0         8      
       add_device.c.obj              184     0         8      
       memcpy_t2.asm.obj             156     0         0      
       ull_div_t2.asm.obj            150     0         0      
       snprintf.c.obj                148     0         0      
       memset_t2.asm.obj             122     0         0      
       fclose.c.obj                  116     0         0      
       getdevice.c.obj               116     0         0      
       hostopen.c.obj                96      0         16     
       hostrename.c.obj              108     0         0      
       copy_decompress_lzss.c.obj    104     0         0      
       hostlseek.c.obj               104     0         0      
       exit.c.obj                    76      0         24     
       s_frexp.c.obj                 100     0         0      
       sprintf.c.obj                 98      0         0      
       close.c.obj                   92      0         0      
       hostread.c.obj                88      0         0      
       hostwrite.c.obj               88      0         0      
       _ltoa.c.obj                   84      0         0      
       atoi.c.obj                    76      0         0      
       fflush.c.obj                  76      0         0      
       fd_toi_t2.asm.obj             72      0         0      
       autoinit.c.obj                68      0         0      
       hostclose.c.obj               68      0         0      
       hostunlink.c.obj              68      0         0      
       u_divt2.asm.obj               64      0         0      
       strncpy.c.obj                 54      0         0      
       boot_cortex_m.c.obj           52      0         0      
       i_tofd_t2.asm.obj             46      0         0      
       strncmp.c.obj                 44      0         0      
       unlink.c.obj                  44      0         0      
       write.c.obj                   40      0         0      
       memccpy.c.obj                 28      0         0      
       s_copysign.c.obj              26      0         0      
       strcmp.c.obj                  24      0         0      
       strchr.c.obj                  22      0         0      
       strcpy.c.obj                  20      0         0      
       strlen.c.obj                  20      0         0      
       _lock.c.obj                   2       0         16     
       wcslen.c.obj                  18      0         0      
       errno.c.obj                   8       0         8      
       copy_decompress_none.c.obj    14      0         0      
       copy_zero_init.c.obj          12      0         0      
       pre_init.c.obj                4       0         0      
       div0.asm.obj                  2       0         0      
    +--+-----------------------------+-------+---------+---------+
       Total:                        11113   257       1912   
                                                              
       Heap:                         0       0         2048   
       Stack:                        0       0         1024   
       Linker Generated:             0       283       0      
    +--+-----------------------------+-------+---------+---------+
       Grand Total:                  78693   2284      61364  


LINKER GENERATED COPY TABLES

__TI_cinit_table @ 00013c50 records: 3, size/record: 8, table size: 24
	.data: load addr=00013b48, load size=000000e7 bytes, run addr=20007300, run size=000002e8 bytes, compression=lzss
	.bss: load addr=00013c40, load size=00000008 bytes, run addr=200000e4, run size=00006e15 bytes, compression=zero_init
	.vtable: load addr=00013c48, load size=00000008 bytes, run addr=20000000, run size=000000e4 bytes, compression=zero_init


LINKER GENERATED HANDLER TABLE

__TI_handler_table @ 00013c30 records: 3, size/record: 4, table size: 12
	index: 0, handler: __TI_zero_init
	index: 1, handler: __TI_decompress_lzss
	index: 2, handler: __TI_decompress_none


GLOBAL SYMBOLS: SORTED ALPHABETICALLY BY Name 

address   name                                           
-------   ----                                           
00013429  ADC14_IRQHandler                               
00013429  AES256_IRQHandler                              
20006dd8  Amplitudes                                     
20006e4c  Average_RPM_L                                  
20006e50  Average_RPM_R                                  
000122bd  Bump_Init                                      
000122f1  Bump_Read                                      
00013429  BusFault_Handler                               
00013455  C$$EXIT                                        
000130b7  C$$IO$$                                        
0000ee23  CC3100_InterruptDisable                        
0000ee01  CC3100_InterruptEnable                         
0000f0cb  CC3100_UART_ISR                                
0000ede9  CC3100_disable                                 
0000edf5  CC3100_enable                                  
00010e21  CLI_Configure                                  
00010d7b  CLI_Read                                       
00010dcd  CLI_Write                                      
00013429  COMP_E0_IRQHandler                             
00013429  COMP_E1_IRQHandler                             
20007568  CPMwait                                        
0001307f  CPU_basepriGet                                 
00013071  CPU_basepriSet                                 
0001304b  CPU_cpsid                                      
00013061  CPU_cpsie                                      
00013057  CPU_primask                                    
0001306d  CPU_wfi                                        
00010b49  CRC32_getResult                                
00010b75  CRC32_getResultReversed                        
00010a97  CRC32_set16BitData                             
00010b05  CRC32_set16BitDataReversed                     
00010abd  CRC32_set32BitData                             
00010b29  CRC32_set32BitDataReversed                     
00010a71  CRC32_set8BitData                              
00010ae1  CRC32_set8BitDataReversed                      
00010a41  CRC32_setSeed                                  
00013429  CS_IRQHandler                                  
00007f79  CS_clearInterruptFlag                          
00007821  CS_disableClockRequest                         
00007907  CS_disableDCOExternalResistor                  
00007e4d  CS_disableFaultCounter                         
00007f37  CS_disableInterrupt                            
000077f9  CS_enableClockRequest                          
00007869  CS_enableDCOExternalResistor                   
00007e21  CS_enableFaultCounter                          
00007f15  CS_enableInterrupt                             
00007db9  CS_getACLK                                     
00007d79  CS_getBCLK                                     
00007a01  CS_getDCOFrequency                             
00007f5f  CS_getEnabledInterruptStatus                   
00007d95  CS_getHSMCLK                                   
00007f59  CS_getInterruptStatus                          
00007dff  CS_getMCLK                                     
00007ddd  CS_getSMCLK                                    
00007519  CS_initClockSignal                             
00007f9b  CS_registerInterrupt                           
00007e79  CS_resetFaultCounter                           
00007925  CS_setDCOCenteredFrequency                     
00007891  CS_setDCOExternalResistorCalibration           
00007ba1  CS_setDCOFrequency                             
000074dd  CS_setExternalClockSourceFrequency             
00007843  CS_setReferenceOscillatorFrequency             
00007ec5  CS_startFaultCounter                           
0000761d  CS_startHFXT                                   
00007641  CS_startHFXTWithTimeout                        
00007705  CS_startLFXT                                   
00007729  CS_startLFXTWithTimeout                        
0000795d  CS_tuneDCOFrequency                            
00007faf  CS_unregisterInterrupt                         
20007594  CaptureTask0                                   
20007598  CaptureTask1                                   
2000759c  CaptureTask2                                   
20006e54  CenterDistance                                 
20006de4  ChannelCount                                   
20007560  ClockFrequency                                 
000102b9  Clock_Delay1ms                                 
0001028f  Clock_Delay1us                                 
0001027b  Clock_GetFreq                                  
00010165  Clock_Init48MHz                                
0000ed29  ConnectNetwork                                 
000023e1  Controller                                     
00002519  Controller_Right                               
00008651  CopyPingResultsToReport                        
20007574  Crystalstable                                  
200075c8  CurrentX                                       
200075ca  CurrentY                                       
00013429  DMA_ERR_IRQHandler                             
00013429  DMA_INT0_IRQHandler                            
00013429  DMA_INT1_IRQHandler                            
00013429  DMA_INT2_IRQHandler                            
00013429  DMA_INT3_IRQHandler                            
00013429  DebugMon_Handler                               
00013429  Default_Handler                                
0000f075  Delay                                          
00013301  DisableInterrupts                              
20006df0  Distances                                      
00010d35  EUSCIA0_IRQHandler                             
00010d35  EUSCIA0_IRQHandler                             
00013429  EUSCIA1_IRQHandler                             
00013429  EUSCIA2_IRQHandler                             
00013429  EUSCIA3_IRQHandler                             
00013429  EUSCIB0_IRQHandler                             
00013429  EUSCIB1_IRQHandler                             
00013429  EUSCIB2_IRQHandler                             
00013429  EUSCIB3_IRQHandler                             
00013307  EnableInterrupts                               
00013317  EndCritical                                    
20006e58  Error                                          
00013429  FLCTL_IRQHandler                               
00013429  FPU_IRQHandler                                 
20006dfc  FilteredDistances                              
00004b13  FlashCtl_clearInterruptFlag                    
000049d7  FlashCtl_clearProgramVerification              
00004ae9  FlashCtl_disableInterrupt                      
00004049  FlashCtl_disableReadBuffering                  
00004a41  FlashCtl_disableWordProgramming                
00004ad5  FlashCtl_enableInterrupt                       
00003ff5  FlashCtl_enableReadBuffering                   
00004a11  FlashCtl_enableWordProgramming                 
00004675  FlashCtl_eraseSector                           
00004b03  FlashCtl_getEnabledInterruptStatus             
00004afd  FlashCtl_getInterruptStatus                    
00003c77  FlashCtl_getMemoryInfo                         
000044d9  FlashCtl_getReadMode                           
00004aa7  FlashCtl_getWaitState                          
00004503  FlashCtl_initiateMassErase                     
00004799  FlashCtl_initiateSectorErase                   
00004179  FlashCtl_isSectorProtected                     
00004a49  FlashCtl_isWordProgrammingEnabled              
00004529  FlashCtl_performMassErase                      
00004831  FlashCtl_programMemory                         
00004119  FlashCtl_protectSector                         
00004b27  FlashCtl_registerInterrupt                     
0000499d  FlashCtl_setProgramVerification                
0000446d  FlashCtl_setReadMode                           
00004a69  FlashCtl_setWaitState                          
000040a9  FlashCtl_unprotectSector                       
00004b3b  FlashCtl_unregisterInterrupt                   
00004205  FlashCtl_verifyMemory                          
0000d9b7  GPIO_clearInterruptFlag                        
0000d977  GPIO_disableInterrupt                          
0000d955  GPIO_enableInterrupt                           
0000da0f  GPIO_getEnabledInterruptStatus                 
0000d927  GPIO_getInputPinValue                          
0000d999  GPIO_getInterruptStatus                        
0000d9d9  GPIO_interruptEdgeSelect                       
0000dacf  GPIO_registerInterrupt                         
0000d6cf  GPIO_setAsInputPin                             
0000d883  GPIO_setAsInputPinWithPullDownResistor         
0000d8d5  GPIO_setAsInputPinWithPullUpResistor           
0000d695  GPIO_setAsOutputPin                            
0000d799  GPIO_setAsPeripheralModuleFunctionInputPin     
0000d715  GPIO_setAsPeripheralModuleFunctionOutputPin    
0000da8b  GPIO_setDriveStrengthHigh                      
0000daad  GPIO_setDriveStrengthLow                       
0000d81d  GPIO_setOutputHighOnPin                        
0000d83f  GPIO_setOutputLowOnPin                         
0000d861  GPIO_toggleOutputOnPin                         
0000daef  GPIO_unregisterInterrupt                       
0000efc1  GetLEDStatus                                   
00012e7d  HOSTclose                                      
0001296d  HOSTlseek                                      
00012aa1  HOSTopen                                       
00012b5d  HOSTread                                       
00012901  HOSTrename                                     
00012ec1  HOSTunlink                                     
00012bb5  HOSTwrite                                      
00013429  HardFault_Handler                              
20006e5c  I1                                             
0000e6a9  I2CB1_Init                                     
0000e76f  I2CB1_Recv                                     
0000e9c3  I2CB1_Recv1                                    
0000e6f7  I2CB1_Send                                     
0000e7eb  I2CB1_Send1                                    
0000e847  I2CB1_Send2                                    
0000e8b7  I2CB1_Send3                                    
0000e935  I2CB1_Send4                                    
20007570  IFlags                                         
20006e60  ISRLast                                        
20006e64  ISRPeriod                                      
20006e68  ISRTime                                        
0000eacf  InitTimer                                      
20006ef6  IntIsMasked                                    
0000e0cf  Interrupt_disableInterrupt                     
0000df1f  Interrupt_disableMaster                        
0000e2cd  Interrupt_disableSleepOnIsrExit                
0000e05d  Interrupt_enableInterrupt                      
0000df0f  Interrupt_enableMaster                         
0000e2bb  Interrupt_enableSleepOnIsrExit                 
0000e037  Interrupt_getPriority                          
0000dfaf  Interrupt_getPriorityGrouping                  
0000e29b  Interrupt_getPriorityMask                      
0000e2b5  Interrupt_getVectorTableAddress                
0000e141  Interrupt_isEnabled                            
0000e1cd  Interrupt_pendInterrupt                        
0000df2f  Interrupt_registerInterrupt                    
0000dfe7  Interrupt_setPriority                          
0000df95  Interrupt_setPriorityGrouping                  
0000e28b  Interrupt_setPriorityMask                      
0000e2a5  Interrupt_setVectorTableAddress                
0000e23d  Interrupt_unpendInterrupt                      
0000df81  Interrupt_unregisterInterrupt                  
200074fc  Ki                                             
20007500  Kp                                             
20006e6c  LPFSum                                         
20006e70  LPFSum2                                        
20006e74  LPFSum3                                        
0000c241  LPF_Calc                                       
0000c395  LPF_Calc2                                      
0000c501  LPF_Calc3                                      
0000c181  LPF_Calc_old                                   
0000c1e3  LPF_Init                                       
0000c339  LPF_Init2                                      
0000c4ad  LPF_Init3                                      
0000c12d  LPF_Init_old                                   
00011b09  LaunchPad_Init                                 
00011b79  LaunchPad_Input                                
00011b97  LaunchPad_LED                                  
00011bb5  LaunchPad_Output                               
0000219d  Left                                           
20006e78  LeftDistance                                   
0000a0ff  MQTTClient                                     
0000a645  MQTTConnect                                    
000111d1  MQTTDeserialize_ack                            
0000e56f  MQTTDeserialize_connack                        
00011119  MQTTDeserialize_publish                        
0000fe9f  MQTTDeserialize_suback                         
000109fb  MQTTDeserialize_unsuback                       
0000a9eb  MQTTDisconnect                                 
0000db6b  MQTTPacket_decode                              
0000dc51  MQTTPacket_decodeBuf                           
0000db15  MQTTPacket_encode                              
0000de2d  MQTTPacket_equals                              
0000dbd3  MQTTPacket_len                                 
0000de91  MQTTPacket_read                                
0000a8c1  MQTTPublish                                    
0000fc35  MQTTSerialize_ack                              
0000e3b5  MQTTSerialize_connect                          
0000e2fd  MQTTSerialize_connectLength                    
0000e65f  MQTTSerialize_disconnect                       
0000e675  MQTTSerialize_pingreq                          
0000fcbf  MQTTSerialize_puback                           
0000fd0d  MQTTSerialize_pubcomp                          
0000fb5f  MQTTSerialize_publish                          
0000fb21  MQTTSerialize_publishLength                    
0000fce3  MQTTSerialize_pubrel                           
0000fd9d  MQTTSerialize_subscribe                        
0000fd39  MQTTSerialize_subscribeLength                  
00010905  MQTTSerialize_unsubscribe                      
000108a1  MQTTSerialize_unsubscribeLength                
0000e5f7  MQTTSerialize_zero                             
0000a70f  MQTTSubscribe                                  
0000a817  MQTTUnsubscribe                                
0000a5d1  MQTTYield                                      
0000de01  MQTTstrlen                                     
0000ee37  MaskIntHdlr                                    
0000c619  Median                                         
00013429  MemManage_Handler                              
20006e30  Messageb                                       
20006e7c  Messageindexb                                  
20006e80  MilliTimer                                     
200074f8  Mode                                           
00010cdf  Motor_Backward                                 
00010c3b  Motor_Forward                                  
00010bc5  Motor_Init                                     
00010ca5  Motor_Left                                     
00010c6b  Motor_Right                                    
00010c0d  Motor_Stop                                     
00013429  NMI_Handler                                    
0000a041  NewMessageData                                 
0000ebdb  NewNetwork                                     
0000c295  Noise                                          
0000c409  Noise2                                         
0000c56d  Noise3                                         
20006e08  Noises                                         
00002119  OLEDinit                                       
0000d0a3  OPT3101_ArmInterrupts                          
0000ce63  OPT3101_CalibrateInternalCrosstalk             
0000d009  OPT3101_CheckDistanceSensor                    
0000cfd5  OPT3101_GetAmplitude                           
0000cff3  OPT3101_GetDistanceMillimeters                 
0000d021  OPT3101_GetMeasurement                         
0000cfe9  OPT3101_GetPhase                               
0000cfcb  OPT3101_GetTxChannel                           
0000ccdb  OPT3101_Init                                   
0000cfab  OPT3101_MeasurementError                       
0000cf93  OPT3101_ReadMeasurement                        
0000cc71  OPT3101_ReadRegister                           
0000cd39  OPT3101_Setup                                  
0000cf45  OPT3101_StartMeasurement                       
0000cf53  OPT3101_StartMeasurementChannel                
0000cca1  OPT3101_WriteRegister                          
00013429  PCM_IRQHandler                                 
0000b217  PCM_clearInterruptFlag                         
0000b1ed  PCM_disableInterrupt                           
0000b1c5  PCM_disableRudeMode                            
0000b1d9  PCM_enableInterrupt                            
0000b1b3  PCM_enableRudeMode                             
0000abbf  PCM_getCoreVoltageLevel                        
0000b207  PCM_getEnabledInterruptStatus                  
0000b201  PCM_getInterruptStatus                         
0000ab65  PCM_getPowerMode                               
0000b1a7  PCM_getPowerState                              
0000b0d9  PCM_gotoLPM0                                   
0000b0f7  PCM_gotoLPM0InterruptSafe                      
0000b113  PCM_gotoLPM3                                   
0000b18b  PCM_gotoLPM3InterruptSafe                      
0000b0ad  PCM_gotoLPM4                                   
0000b0bd  PCM_gotoLPM4InterruptSafe                      
0000b22b  PCM_registerInterrupt                          
0000ab33  PCM_setCoreVoltageLevel                        
0000ab55  PCM_setCoreVoltageLevelNonBlocking             
0000ab43  PCM_setCoreVoltageLevelWithTimeout             
0000ad65  PCM_setPowerMode                               
0000ad75  PCM_setPowerModeNonBlocking                    
0000ad85  PCM_setPowerModeWithTimeout                    
0000b037  PCM_setPowerState                              
0000b059  PCM_setPowerStateNonBlocking                   
0000b047  PCM_setPowerStateWithTimeout                   
0000b069  PCM_shutdownDevice                             
0000b23f  PCM_unregisterInterrupt                        
00003691  PORT1_IRQHandler                               
00003691  PORT1_IRQHandler                               
0000f0a5  PORT2_IRQHandler                               
0000f0a5  PORT2_IRQHandler                               
00013429  PORT3_IRQHandler                               
00013429  PORT4_IRQHandler                               
00013429  PORT5_IRQHandler                               
0000d0f9  PORT6_IRQHandler                               
0000d0f9  PORT6_IRQHandler                               
00013429  PSS_IRQHandler                                 
20006e84  PTxChan                                        
0000f9e3  PWM_Duty1                                      
0000fa03  PWM_Duty2                                      
0000faa7  PWM_Duty3                                      
0000fac7  PWM_Duty4                                      
0000f8f9  PWM_Init1                                      
0000f95f  PWM_Init12                                     
0000fa23  PWM_Init34                                     
20006e88  Pamplitudes                                    
0000262d  Pause                                          
20006e8c  Pdistances                                     
00013429  PendSV_Handler                                 
0000f073  Port1_ISR                                      
2000756c  Postwait                                       
20007564  Prewait                                        
20006e90  Pt                                             
20006e94  Pt2                                            
20006e98  Pt3                                            
00013429  RTC_C_IRQHandler                               
0000d5e9  RTC_C_clearInterruptFlag                       
0000d433  RTC_C_convertBCDToBinary                       
0000d44b  RTC_C_convertBinaryToBCD                       
0000d38f  RTC_C_definePrescaleEvent                      
0000d4b9  RTC_C_disableInterrupt                         
0000d463  RTC_C_enableInterrupt                          
0000d2c1  RTC_C_getCalendarTime                          
0000d589  RTC_C_getEnabledInterruptStatus                
0000d521  RTC_C_getInterruptStatus                       
0000d3b7  RTC_C_getPrescaleValue                         
0000d1ab  RTC_C_holdClock                                
0000d24f  RTC_C_initCalendar                             
0000d62f  RTC_C_registerInterrupt                        
0000d327  RTC_C_setCalendarAlarm                         
0000d35f  RTC_C_setCalendarEvent                         
0000d1f9  RTC_C_setCalibrationData                       
0000d1c9  RTC_C_setCalibrationFrequency                  
0000d3e3  RTC_C_setPrescaleValue                         
0000d225  RTC_C_setTemperatureCompensation               
0000d18d  RTC_C_startClock                               
0000d64d  RTC_C_unregisterInterrupt                      
0001341d  Reset_Handler                                  
0000217b  Right                                          
20006e9c  RightDistance                                  
20007508  S1buttonDebounce                               
2000750c  S2buttonDebounce                               
0000717b  SL_FD_CLR                                      
000071a1  SL_FD_ISSET                                    
00007159  SL_FD_SET                                      
000071c9  SL_FD_ZERO                                     
00005481  SSD1306_Clear                                  
00005441  SSD1306_ClearBuffer                            
00005e9d  SSD1306_Dim                                    
00005d57  SSD1306_DisplayBuffer                          
00005343  SSD1306_DrawChar                               
00005719  SSD1306_DrawFastHLine                          
0000593d  SSD1306_DrawFastVLine                          
000054d5  SSD1306_DrawFullImage                          
000051d5  SSD1306_DrawPixel                              
000053f1  SSD1306_DrawString                             
00005d53  SSD1306_GetBuffer                              
00005c55  SSD1306_GetPixel                               
000050cf  SSD1306_Init                                   
00005e87  SSD1306_InvertDisplay                          
00005f49  SSD1306_OutChar                                
0000624b  SSD1306_OutHex7                                
00006085  SSD1306_OutSDec                                
0000615d  SSD1306_OutSFix1                               
0000606f  SSD1306_OutString                              
00006079  SSD1306_OutUDec                                
000062a9  SSD1306_OutUDec16                              
00006345  SSD1306_OutUDec2                               
000060a9  SSD1306_OutUFix1                               
00006281  SSD1306_OutUHex7                               
00005539  SSD1306_PrintBMP                               
00005ecf  SSD1306_SetCursor                              
0000582b  SSD1306_drawFastHLineInternal                  
00005a55  SSD1306_drawFastVLineInternal                  
00005e3d  SSD1306_startscrolldiagleft                    
00005df9  SSD1306_startscrolldiagright                   
00005dc3  SSD1306_startscrollleft                        
00005d91  SSD1306_startscrollright                       
00005e7d  SSD1306_stopscroll                             
00013429  SVC_Handler                                    
0000f02f  SelAntenna                                     
20007504  SetPoint                                       
000027f3  SimpleLinkGeneralEventHandler                  
000027e5  SimpleLinkHttpServerCallback                   
000027b1  SimpleLinkNetAppEventHandler                   
000027ff  SimpleLinkSockEventHandler                     
00002741  SimpleLinkWlanEventHandler                     
20006ea0  Size                                           
0001330d  StartCritical                                  
20006ea4  StartTime                                      
20006ee4  StartX                                         
20006ee6  StartY                                         
0000f8a7  SysCtl_disableGlitchFilter                     
0000f737  SysCtl_disableNMISource                        
0000f83f  SysCtl_disablePeripheralAtCPUHalt              
0000f781  SysCtl_disableSRAMBank                         
0000f805  SysCtl_disableSRAMBankRetention                
0000f89b  SysCtl_enableGlitchFilter                      
0000f74b  SysCtl_enableNMISource                         
0000f82b  SysCtl_enablePeripheralAtCPUHalt               
0000f765  SysCtl_enableSRAMBank                          
0000f7e9  SysCtl_enableSRAMBankRetention                 
0000f731  SysCtl_getFlashSize                            
0000f75f  SysCtl_getNMISourceStatus                      
0000f72b  SysCtl_getSRAMSize                             
0000f6b5  SysCtl_getTLVInfo                              
0000f8b3  SysCtl_getTempCalibrationConstant              
0000f821  SysCtl_rebootDevice                            
0000f877  SysCtl_setWDTPasswordViolationResetType        
0000f853  SysCtl_setWDTTimeoutResetType                  
0000ea4d  SysTick_Handler                                
0000ea4d  SysTick_Handler                                
000127e9  SysTick_disableInterrupt                       
000127b9  SysTick_disableModule                          
000127dd  SysTick_enableInterrupt                        
000127ad  SysTick_enableModule                           
00012807  SysTick_getPeriod                              
0001280f  SysTick_getValue                               
000127c5  SysTick_registerInterrupt                      
000127f5  SysTick_setPeriod                              
000127d3  SysTick_unregisterInterrupt                    
200075e4  SystemCoreClock                                
0000f119  SystemCoreClockUpdate                          
0000f38d  SystemInit                                     
00013429  T32_INT1_IRQHandler                            
00013429  T32_INT2_IRQHandler                            
00013429  T32_INTC_IRQHandler                            
0001213b  TA0_0_IRQHandler                               
0001213b  TA0_0_IRQHandler                               
00013429  TA0_N_IRQHandler                               
000121df  TA1_0_IRQHandler                               
000121df  TA1_0_IRQHandler                               
00013429  TA1_N_IRQHandler                               
00012287  TA2_0_IRQHandler                               
00012287  TA2_0_IRQHandler                               
00013429  TA2_N_IRQHandler                               
000103d1  TA3_0_IRQHandler                               
000103d1  TA3_0_IRQHandler                               
000103eb  TA3_N_IRQHandler                               
000103eb  TA3_N_IRQHandler                               
0000ec01  TLSConnectNetwork                              
20006ee8  Tachometer_FirstLeftTime                       
20006eea  Tachometer_FirstRightTime                      
00010f57  Tachometer_Get                                 
00010f2d  Tachometer_Init                                
200075a9  Tachometer_LeftDir                             
200075a4  Tachometer_LeftSteps                           
200075a8  Tachometer_RightDir                            
200075a0  Tachometer_RightSteps                          
20006eec  Tachometer_SecondLeftTime                      
20006eee  Tachometer_SecondRightTime                     
20006ea8  TimerA0Task                                    
000120c1  TimerA0_Init                                   
00012125  TimerA0_Stop                                   
20006eac  TimerA1Task                                    
0001216d  TimerA1_Init                                   
000121cb  TimerA1_Stop                                   
20006eb0  TimerA2Task                                    
00012215  TimerA2_Init                                   
00012273  TimerA2_Stop                                   
00010351  TimerA3Capture_Init01                          
0001042b  TimerA3Capture_Init02                          
0000b73f  Timer_A_clearCaptureCompareInterrupt           
0000b729  Timer_A_clearInterruptFlag                     
0000b5a7  Timer_A_clearTimer                             
0000b3cf  Timer_A_configureContinuousMode                
0000b45d  Timer_A_configureUpDownMode                    
0000b3ff  Timer_A_configureUpMode                        
0000b7cd  Timer_A_disableCaptureCompareInterrupt         
0000b77b  Timer_A_disableInterrupt                       
0000b7a1  Timer_A_enableCaptureCompareInterrupt          
0000b767  Timer_A_enableInterrupt                        
0000b673  Timer_A_generatePWM                            
0000b619  Timer_A_getCaptureCompareCount                 
0000b835  Timer_A_getCaptureCompareEnabledInterruptStatus
0000b7f5  Timer_A_getCaptureCompareInterruptStatus       
0000b55b  Timer_A_getCounterValue                        
0000b81d  Timer_A_getEnabledInterruptStatus              
0000b78f  Timer_A_getInterruptStatus                     
0000b5eb  Timer_A_getOutputForOutputModeOutBitValue      
0000b5bb  Timer_A_getSynchronizedCaptureCompareInput     
0000b4bb  Timer_A_initCapture                            
0000b50d  Timer_A_initCompare                            
0000b871  Timer_A_registerInterrupt                      
0000b6fd  Timer_A_setCompareValue                        
0000b63b  Timer_A_setOutputForOutputModeOutBitValue      
0000b3b9  Timer_A_startCounter                           
0000b6e9  Timer_A_stopTimer                              
0000b943  Timer_A_unregisterInterrupt                    
20006eb4  TxChannel                                      
0000ba55  UART0_InChar                                   
0000befd  UART0_InString                                 
0000ba9f  UART0_InUDec                                   
0000bdb1  UART0_InUHex                                   
0000ba0d  UART0_Init                                     
0000c05f  UART0_Initprintf                               
0000ba65  UART0_OutChar                                  
0000bb53  UART0_OutSDec                                  
0000ba81  UART0_OutString                                
0000bb23  UART0_OutUDec                                  
0000bcc5  UART0_OutUDec4                                 
0000bd0d  UART0_OutUDec5                                 
0000bd3f  UART0_OutUFix1                                 
0000bd67  UART0_OutUFix2                                 
0000be75  UART0_OutUHex                                  
0000bee1  UART0_OutUHex2                                 
20006eb8  UL                                             
20006ebc  UR                                             
00002155  UartClear                                      
00002123  UartSetCur                                     
0000ee3f  UnMaskIntHdlr                                  
00013429  UsageFault_Handler                             
4000480c  WDTCTL_SYM                                     
00013429  WDT_A_IRQHandler                               
00011e01  WDT_A_clearTimer                               
00011dc1  WDT_A_holdTimer                                
00011e3d  WDT_A_initIntervalTimer                        
00011e21  WDT_A_initWatchdogTimer                        
00011e71  WDT_A_registerInterrupt                        
00011e59  WDT_A_setPasswordViolationReset                
00011e65  WDT_A_setTimeoutReset                          
00011de1  WDT_A_startTimer                               
00011e85  WDT_A_unregisterInterrupt                      
0001331f  WaitForInterrupt                               
00013a98  _SlAcceptCmdCtrl                               
000138ec  _SlActionLookupTable                           
00000fb1  _SlAsyncEventGenericHandler                    
00013a9c  _SlDeviceGetCmdCtrl                            
00013aa0  _SlDeviceSetCmdCtrl                            
000019c9  _SlDrvBasicCmd                                 
00001677  _SlDrvClassifyRxMsg                            
000002af  _SlDrvCmdOp                                    
0000035f  _SlDrvCmdSend                                  
000003b5  _SlDrvDataReadOp                               
000005b9  _SlDrvDataWriteOp                              
0000cbf1  _SlDrvDeviceEventHandler                       
000001c9  _SlDrvDriverCBDeinit                           
000000e5  _SlDrvDriverCBInit                             
0001267b  _SlDrvFlowContDeinit                           
0001263d  _SlDrvFlowContInit                             
00000979  _SlDrvMsgRead                                  
00001499  _SlDrvMsgReadCmdCtx                            
00001593  _SlDrvMsgReadSpawnCtx                          
00000785  _SlDrvMsgWrite                                 
00008a21  _SlDrvNetAppEventHandler                       
00001ec1  _SlDrvObjDeInit                                
00001e45  _SlDrvObjInit                                  
00001c39  _SlDrvReleasePoolObj                           
000017c5  _SlDrvRxHdrRead                                
0000026d  _SlDrvRxIrqHandler                             
0000177d  _SlDrvShiftDWord                               
00001a31  _SlDrvWaitForPoolObj                           
00013aa4  _SlEventMaskGetCmdCtrl                         
00013aa8  _SlEventMaskSetCmdCtrl                         
00001f9f  _SlFindAndSetActiveObj                         
00013aac  _SlGetHostByNameCtrl                           
00013ab0  _SlGetHostByServiceCtrl                        
00013ab4  _SlGetServiceListeCtrl                         
00013ab8  _SlGetSockOptCmdCtrl                           
00013abc  _SlListenCmdCtrl                               
00013ac0  _SlNetAppGetCmdCtrl                            
00013ac4  _SlNetAppSendTokenValueCmdCtrl                 
00013ac8  _SlNetAppSetCmdCtrl                            
00013acc  _SlNetAppStartCtrl                             
00013ad0  _SlNetAppStopCtrl                              
00013ad4  _SlNetCfgGetCmdCtrl                            
00013ad8  _SlNetCfgSetCmdCtrl                            
0001144d  _SlNonOsMainLoopTask                           
000113a1  _SlNonOsSemGet                                 
00011389  _SlNonOsSemSet                                 
000113fd  _SlNonOsSpawn                                  
00013adc  _SlPolicyGetCmdCtrl                            
00013ae0  _SlPolicySetCmdCtrl                            
00013ae4  _SlProfileDelCmdCtrl                           
00013ae8  _SlProfileGetCmdCtrl                           
00013aec  _SlRecvCmdCtrl                                 
00013af0  _SlRecvfomCmdCtrl                              
00013af4  _SlRegisterServiceCtrl                         
00001ee1  _SlRemoveFromList                              
00013af8  _SlRxFilterAddtCmdCtrl                         
00013afc  _SlRxFilterGetCmdCtrl                          
00013b00  _SlRxFilterSetCmdCtrl                          
00013b04  _SlSelectCmdCtrl                               
00013b08  _SlSendCmdCtrl                                 
00013b0c  _SlSetSockOptCmdCtrl                           
00013b10  _SlSmartConfigStartCmdCtrl                     
00013b14  _SlSockCloseCmdCtrl                            
00013b18  _SlSockSocketCmdCtrl                           
00013b1c  _SlStopCmdCtrl                                 
00013b20  _SlWlanCfgGetCmdCtrl                           
00013b24  _SlWlanCfgSetCmdCtrl                           
00013b28  _SlWlanGetNetworkListCtrl                      
00013b2c  _SlWlanSetModeCmdCtrl                          
20006b70  __CIOBUF_                                      
00004f3f  __FlashCtl_remaskBurstDataPost                 
00004e25  __FlashCtl_remaskBurstDataPre                  
00004c69  __FlashCtl_remaskData32Post                    
00004d4d  __FlashCtl_remaskData32Pre                     
00004b4b  __FlashCtl_remaskData8Post                     
00004bcb  __FlashCtl_remaskData8Pre                      
20010000  __STACK_END                                    
00000200  __STACK_SIZE                                   
00000400  __SYSMEM_SIZE                                  
00013c50  __TI_CINIT_Base                                
00013c68  __TI_CINIT_Limit                               
00013c30  __TI_Handler_Table_Base                        
00013c3c  __TI_Handler_Table_Limit                       
00012f05  __TI_auto_init_nobinit_nopinit                 
000130f9  __TI_cleanup                                   
20007588  __TI_cleanup_ptr                               
00012739  __TI_closefile                                 
000129d5  __TI_decompress_lzss                           
0001340f  __TI_decompress_none                           
00012d09  __TI_doflush                                   
2000758c  __TI_dtors_ptr                                 
20007590  __TI_enable_exit_profile_output                
20007578  __TI_ft_end                                    
00012c63  __TI_ltoa                                      
ffffffff  __TI_pprof_out_hndl                            
000095f1  __TI_printfi                                   
ffffffff  __TI_prof_data_size                            
ffffffff  __TI_prof_data_start                           
0001312d  __TI_readmsg                                   
00000000  __TI_static_base__                             
20006c90  __TI_tmpnams                                   
00013089  __TI_writemsg                                  
0001342b  __TI_zero_init                                 
0001252f  __aeabi_cdcmpeq                                
0001252f  __aeabi_cdcmple                                
000125b5  __aeabi_cdrcmple                               
00012e35  __aeabi_d2iz                                   
000106f3  __aeabi_dadd                                   
00011251  __aeabi_ddiv                                   
00011a0d  __aeabi_dmul                                   
000106e9  __aeabi_dsub                                   
00013441  __aeabi_errno_addr                             
00013229  __aeabi_i2d                                    
0001089f  __aeabi_idiv0                                  
0001089f  __aeabi_ldiv0                                  
000126bd  __aeabi_memclr                                 
000126bd  __aeabi_memclr4                                
000126bd  __aeabi_memclr8                                
000123fd  __aeabi_memcpy                                 
[...]
00011ce5  setvbuf                                        
00011dc1  WDT_A_holdTimer                                
00011de1  WDT_A_startTimer                               
00011e01  WDT_A_clearTimer                               
00011e21  WDT_A_initWatchdogTimer                        
00011e3d  WDT_A_initIntervalTimer                        
00011e59  WDT_A_setPasswordViolationReset                
00011e65  WDT_A_setTimeoutReset                          
00011e71  WDT_A_registerInterrupt                        
00011e85  WDT_A_unregisterInterrupt                      
00011e99  open                                           
00011f55  add_device                                     
000120c1  TimerA0_Init                                   
00012125  TimerA0_Stop                                   
0001213b  TA0_0_IRQHandler                               
0001213b  TA0_0_IRQHandler                               
0001216d  TimerA1_Init                                   
000121cb  TimerA1_Stop                                   
000121df  TA1_0_IRQHandler                               
000121df  TA1_0_IRQHandler                               
00012215  TimerA2_Init                                   
00012273  TimerA2_Stop                                   
00012287  TA2_0_IRQHandler                               
00012287  TA2_0_IRQHandler                               
000122bd  Bump_Init                                      
000122f1  Bump_Read                                      
00012361  fopen                                          
000123fd  __aeabi_memcpy                                 
000123fd  __aeabi_memcpy4                                
000123fd  __aeabi_memcpy8                                
000123fd  memcpy                                         
00012499  __aeabi_uldivmod                               
0001252f  __aeabi_cdcmpeq                                
0001252f  __aeabi_cdcmple                                
000125b5  __aeabi_cdrcmple                               
0001263d  _SlDrvFlowContInit                             
0001267b  _SlDrvFlowContDeinit                           
000126bd  __aeabi_memclr                                 
000126bd  __aeabi_memclr4                                
000126bd  __aeabi_memclr8                                
000126bf  __aeabi_memset                                 
000126bf  __aeabi_memset4                                
000126bf  __aeabi_memset8                                
000126c5  memset                                         
00012739  __TI_closefile                                 
000127ad  SysTick_enableModule                           
000127b9  SysTick_disableModule                          
000127c5  SysTick_registerInterrupt                      
000127d3  SysTick_unregisterInterrupt                    
000127dd  SysTick_enableInterrupt                        
000127e9  SysTick_disableInterrupt                       
000127f5  SysTick_setPeriod                              
00012807  SysTick_getPeriod                              
0001280f  SysTick_getValue                               
00012901  HOSTrename                                     
0001296d  HOSTlseek                                      
000129d5  __TI_decompress_lzss                           
00012a3d  frexp                                          
00012a3d  frexpl                                         
00012aa1  HOSTopen                                       
00012b01  close                                          
00012b5d  HOSTread                                       
00012bb5  HOSTwrite                                      
00012c63  __TI_ltoa                                      
00012d09  __TI_doflush                                   
00012d55  atoi                                           
00012da1  snprintf                                       
00012ded  exit                                           
00012e35  __aeabi_d2iz                                   
00012e7d  HOSTclose                                      
00012ec1  HOSTunlink                                     
00012f05  __TI_auto_init_nobinit_nopinit                 
00012f49  getdevice                                      
00012f8d  __aeabi_uidiv                                  
00012f8d  __aeabi_uidivmod                               
00012fcd  sprintf                                        
0001304b  CPU_cpsid                                      
00013057  CPU_primask                                    
00013061  CPU_cpsie                                      
0001306d  CPU_wfi                                        
00013071  CPU_basepriSet                                 
0001307f  CPU_basepriGet                                 
00013089  __TI_writemsg                                  
000130b7  C$$IO$$                                        
000130c1  strncpy                                        
000130f9  __TI_cleanup                                   
0001312d  __TI_readmsg                                   
00013161  _c_int00_noargs                                
00013195  freopen                                        
000131f9  finddevice                                     
00013229  __aeabi_i2d                                    
00013257  strncmp                                        
00013285  remove                                         
00013285  unlink                                         
000132d9  write                                          
00013301  DisableInterrupts                              
00013307  EnableInterrupts                               
0001330d  StartCritical                                  
00013317  EndCritical                                    
0001331f  WaitForInterrupt                               
00013341  memccpy                                        
0001335d  copysign                                       
0001335d  copysignl                                      
000133a7  strcmp                                         
000133bf  strchr                                         
000133d5  strcpy                                         
000133e9  strlen                                         
000133fd  wcslen                                         
0001340f  __TI_decompress_none                           
0001341d  Reset_Handler                                  
00013429  ADC14_IRQHandler                               
00013429  AES256_IRQHandler                              
00013429  BusFault_Handler                               
00013429  COMP_E0_IRQHandler                             
00013429  COMP_E1_IRQHandler                             
00013429  CS_IRQHandler                                  
00013429  DMA_ERR_IRQHandler                             
00013429  DMA_INT0_IRQHandler                            
00013429  DMA_INT1_IRQHandler                            
00013429  DMA_INT2_IRQHandler                            
00013429  DMA_INT3_IRQHandler                            
00013429  DebugMon_Handler                               
00013429  Default_Handler                                
00013429  EUSCIA1_IRQHandler                             
00013429  EUSCIA2_IRQHandler                             
00013429  EUSCIA3_IRQHandler                             
00013429  EUSCIB0_IRQHandler                             
00013429  EUSCIB1_IRQHandler                             
00013429  EUSCIB2_IRQHandler                             
00013429  EUSCIB3_IRQHandler                             
00013429  FLCTL_IRQHandler                               
00013429  FPU_IRQHandler                                 
00013429  HardFault_Handler                              
00013429  MemManage_Handler                              
00013429  NMI_Handler                                    
00013429  PCM_IRQHandler                                 
00013429  PORT3_IRQHandler                               
00013429  PORT4_IRQHandler                               
00013429  PORT5_IRQHandler                               
00013429  PSS_IRQHandler                                 
00013429  PendSV_Handler                                 
00013429  RTC_C_IRQHandler                               
00013429  SVC_Handler                                    
00013429  T32_INT1_IRQHandler                            
00013429  T32_INT2_IRQHandler                            
00013429  T32_INTC_IRQHandler                            
00013429  TA0_N_IRQHandler                               
00013429  TA1_N_IRQHandler                               
00013429  TA2_N_IRQHandler                               
00013429  UsageFault_Handler                             
00013429  WDT_A_IRQHandler                               
0001342b  __TI_zero_init                                 
00013441  __aeabi_errno_addr                             
00013449  malloc                                         
00013451  _system_pre_init                               
00013455  C$$EXIT                                        
00013455  abort                                          
00013638  _ctypes_                                       
000138ec  _SlActionLookupTable                           
0001398c  upConfig                                       
000139f8  g_H2NCnysPattern                               
00013a00  g_H2NSyncPattern                               
00013a98  _SlAcceptCmdCtrl                               
00013a9c  _SlDeviceGetCmdCtrl                            
00013aa0  _SlDeviceSetCmdCtrl                            
00013aa4  _SlEventMaskGetCmdCtrl                         
00013aa8  _SlEventMaskSetCmdCtrl                         
00013aac  _SlGetHostByNameCtrl                           
00013ab0  _SlGetHostByServiceCtrl                        
00013ab4  _SlGetServiceListeCtrl                         
00013ab8  _SlGetSockOptCmdCtrl                           
00013abc  _SlListenCmdCtrl                               
00013ac0  _SlNetAppGetCmdCtrl                            
00013ac4  _SlNetAppSendTokenValueCmdCtrl                 
00013ac8  _SlNetAppSetCmdCtrl                            
00013acc  _SlNetAppStartCtrl                             
00013ad0  _SlNetAppStopCtrl                              
00013ad4  _SlNetCfgGetCmdCtrl                            
00013ad8  _SlNetCfgSetCmdCtrl                            
00013adc  _SlPolicyGetCmdCtrl                            
00013ae0  _SlPolicySetCmdCtrl                            
00013ae4  _SlProfileDelCmdCtrl                           
00013ae8  _SlProfileGetCmdCtrl                           
00013aec  _SlRecvCmdCtrl                                 
00013af0  _SlRecvfomCmdCtrl                              
00013af4  _SlRegisterServiceCtrl                         
00013af8  _SlRxFilterAddtCmdCtrl                         
00013afc  _SlRxFilterGetCmdCtrl                          
00013b00  _SlRxFilterSetCmdCtrl                          
00013b04  _SlSelectCmdCtrl                               
00013b08  _SlSendCmdCtrl                                 
00013b0c  _SlSetSockOptCmdCtrl                           
00013b10  _SlSmartConfigStartCmdCtrl                     
00013b14  _SlSockCloseCmdCtrl                            
00013b18  _SlSockSocketCmdCtrl                           
00013b1c  _SlStopCmdCtrl                                 
00013b20  _SlWlanCfgGetCmdCtrl                           
00013b24  _SlWlanCfgSetCmdCtrl                           
00013b28  _SlWlanGetNetworkListCtrl                      
00013b2c  _SlWlanSetModeCmdCtrl                          
00013c30  __TI_Handler_Table_Base                        
00013c3c  __TI_Handler_Table_Limit                       
00013c50  __TI_CINIT_Base                                
00013c68  __TI_CINIT_Limit                               
20000000  __start___llvm_prf_cnts                        
20000000  __stop___llvm_prf_cnts                         
20000000  g_pfnRAMVectors                                
200000e4  x                                              
200010e4  x2                                             
200020e4  x3                                             
200030e4  centerDistanceMeasurements                     
20004084  leftDistanceMeasurements                       
20005024  rightDistanceMeasurements                      
20005fc4  g_AppData                                      
2000660c  buffer                                         
20006a0c  g_StatMem                                      
20006b70  __CIOBUF_                                      
20006c90  __TI_tmpnams                                   
20006d30  hMQTTClient                                    
20006d8c  g__SlNonOsCB                                   
20006db4  macStr                                         
20006dc8  n                                              
20006dd8  Amplitudes                                     
20006de4  ChannelCount                                   
20006df0  Distances                                      
20006dfc  FilteredDistances                              
20006e08  Noises                                         
20006e14  uniqueID                                       
20006e30  Messageb                                       
20006e38  macAddressVal                                  
20006e40  parmbuf                                        
20006e4c  Average_RPM_L                                  
20006e50  Average_RPM_R                                  
20006e54  CenterDistance                                 
20006e58  Error                                          
20006e5c  I1                                             
20006e60  ISRLast                                        
20006e64  ISRPeriod                                      
20006e68  ISRTime                                        
20006e6c  LPFSum                                         
20006e70  LPFSum2                                        
20006e74  LPFSum3                                        
20006e78  LeftDistance                                   
20006e7c  Messageindexb                                  
20006e80  MilliTimer                                     
20006e84  PTxChan                                        
20006e88  Pamplitudes                                    
20006e8c  Pdistances                                     
20006e90  Pt                                             
20006e94  Pt2                                            
20006e98  Pt3                                            
20006e9c  RightDistance                                  
20006ea0  Size                                           
20006ea4  StartTime                                      
20006ea8  TimerA0Task                                    
20006eac  TimerA1Task                                    
20006eb0  TimerA2Task                                    
20006eb4  TxChannel                                      
20006eb8  UL                                             
20006ebc  UR                                             
20006ec0  g_ucUARTBuffer                                 
20006ec4  leftSteps                                      
20006ec8  rightSteps                                     
20006ecc  rotation                                       
20006ed0  stringHelper                                   
20006ed4  u1                                             
20006ed8  u2                                             
20006edc  u3                                             
20006ee0  vccstate                                       
20006ee4  StartX                                         
20006ee6  StartY                                         
20006ee8  Tachometer_FirstLeftTime                       
20006eea  Tachometer_FirstRightTime                      
20006eec  Tachometer_SecondLeftTime                      
20006eee  Tachometer_SecondRightTime                     
20006ef0  leftTach                                       
20006ef2  motorSpeed                                     
20006ef4  rightTach                                      
20006ef6  IntIsMasked                                    
20006ef7  leftDir                                        
20006ef8  rightDir                                       
20006f00  _sys_memory                                    
20007300  _ftable                                        
200073f0  _device                                        
20007468  _stream                                        
200074f8  Mode                                           
200074fc  Ki                                             
20007500  Kp                                             
20007504  SetPoint                                       
20007508  S1buttonDebounce                               
2000750c  S2buttonDebounce                               
20007510  publishID                                      
20007514  macAddressLen                                  
20007518  g_Status                                       
2000751c  numCrashed                                     
2000751e  trackTime                                      
20007520  maxSpeed                                       
20007524  numMeasurements                                
20007528  timingVar                                      
20007529  input                                          
2000752a  takeValues                                     
2000752c  timingIntHardware                              
20007560  ClockFrequency                                 
20007564  Prewait                                        
20007568  CPMwait                                        
2000756c  Postwait                                       
20007570  IFlags                                         
20007574  Crystalstable                                  
20007578  __TI_ft_end                                    
2000757c  __aeabi_stdin                                  
20007580  __aeabi_stdout                                 
20007584  __aeabi_stderr                                 
20007588  __TI_cleanup_ptr                               
2000758c  __TI_dtors_ptr                                 
20007590  __TI_enable_exit_profile_output                
20007594  CaptureTask0                                   
20007598  CaptureTask1                                   
2000759c  CaptureTask2                                   
200075a0  Tachometer_RightSteps                          
200075a4  Tachometer_LeftSteps                           
200075a8  Tachometer_RightDir                            
200075a9  Tachometer_LeftDir                             
200075ac  g_pCB                                          
200075b0  pPingCallBackFunc                              
200075b4  gFirstCmdMode                                  
200075b8  _lock                                          
200075bc  _unlock                                        
200075c8  CurrentX                                       
200075ca  CurrentY                                       
200075cc  pIraEventHandler                               
200075d0  cli_have_cmd                                   
200075d8  errno                                          
200075e4  SystemCoreClock                                
2000fe00  __stack                                        
20010000  __STACK_END                                    
4000480c  WDTCTL_SYM                                     
ffffffff  __TI_pprof_out_hndl                            
ffffffff  __TI_prof_data_size                            
ffffffff  __TI_prof_data_start                           
ffffffff  __binit__                                      
ffffffff  __c_args__                                     
ffffffff  binit                                          
UNDEFED   __mpu_init                                     
UNDEFED   _system_post_cinit                             

[929 symbols]
