<?xml version="1.0" encoding="ISO-8859-1" ?>
<link_info>
   <banner>TI ARM Linker PC v20.2.7.LTS</banner>
   <copyright>Copyright (c) 1996-2018 Texas Instruments Incorporated</copyright>
   <link_time>0x6626f34f</link_time>
   <link_errors>0x0</link_errors>
   <output_file>CC3100BOOST_MQTT-TwitterLED_MSP432P401R.out</output_file>
   <entry_point>
      <name>_c_int00_noargs</name>
      <address>0x13161</address>
   </entry_point>
   <input_file_list>
      <input_file id="fl-2">
         <path>.\</path>
         <kind>object</kind>
         <file>Bump.obj</file>
         <name>Bump.obj</name>
      </input_file>
      <input_file id="fl-3">
         <path>.\</path>
         <kind>object</kind>
         <file>Clock.obj</file>
         <name>Clock.obj</name>
      </input_file>
      <input_file id="fl-4">
         <path>.\</path>
         <kind>object</kind>
         <file>CortexM.obj</file>
         <name>CortexM.obj</name>
      </input_file>
      <input_file id="fl-5">
         <path>.\</path>
         <kind>object</kind>
         <file>FFT.obj</file>
         <name>FFT.obj</name>
      </input_file>
      <input_file id="fl-6">
         <path>.\</path>
         <kind>object</kind>
         <file>I2CB1.obj</file>
         <name>I2CB1.obj</name>
      </input_file>
      <input_file id="fl-7">
         <path>.\</path>
         <kind>object</kind>
         <file>LPF.obj</file>
         <name>LPF.obj</name>
      </input_file>
      <input_file id="fl-8">
         <path>.\</path>
         <kind>object</kind>
         <file>LaunchPad.obj</file>
         <name>LaunchPad.obj</name>
      </input_file>
      <input_file id="fl-9">
         <path>.\</path>
         <kind>object</kind>
         <file>Motor.obj</file>
         <name>Motor.obj</name>
      </input_file>
      <input_file id="fl-a">
         <path>.\</path>
         <kind>object</kind>
         <file>MotorSimple.obj</file>
         <name>MotorSimple.obj</name>
      </input_file>
      <input_file id="fl-b">
         <path>.\</path>
         <kind>object</kind>
         <file>PWM.obj</file>
         <name>PWM.obj</name>
      </input_file>
      <input_file id="fl-c">
         <path>.\</path>
         <kind>object</kind>
         <file>Reflectance.obj</file>
         <name>Reflectance.obj</name>
      </input_file>
      <input_file id="fl-d">
         <path>.\</path>
         <kind>object</kind>
         <file>SSD1306.obj</file>
         <name>SSD1306.obj</name>
      </input_file>
      <input_file id="fl-e">
         <path>.\</path>
         <kind>object</kind>
         <file>TA3InputCapture.obj</file>
         <name>TA3InputCapture.obj</name>
      </input_file>
      <input_file id="fl-f">
         <path>.\</path>
         <kind>object</kind>
         <file>Tachometer.obj</file>
         <name>Tachometer.obj</name>
      </input_file>
      <input_file id="fl-10">
         <path>.\</path>
         <kind>object</kind>
         <file>TimerA0.obj</file>
         <name>TimerA0.obj</name>
      </input_file>
      <input_file id="fl-11">
         <path>.\</path>
         <kind>object</kind>
         <file>TimerA1.obj</file>
         <name>TimerA1.obj</name>
      </input_file>
      <input_file id="fl-12">
         <path>.\</path>
         <kind>object</kind>
         <file>TimerA2.obj</file>
         <name>TimerA2.obj</name>
      </input_file>
      <input_file id="fl-13">
         <path>.\</path>
         <kind>object</kind>
         <file>UART0.obj</file>
         <name>UART0.obj</name>
      </input_file>
      <input_file id="fl-14">
         <path>.\</path>
         <kind>object</kind>
         <file>main.obj</file>
         <name>main.obj</name>
      </input_file>
      <input_file id="fl-15">
         <path>.\</path>
         <kind>object</kind>
         <file>opt3101.obj</file>
         <name>opt3101.obj</name>
      </input_file>
      <input_file id="fl-16">
         <path>.\</path>
         <kind>object</kind>
         <file>startup_msp432p401r_ccs.obj</file>
         <name>startup_msp432p401r_ccs.obj</name>
      </input_file>
      <input_file id="fl-17">
         <path>.\</path>
         <kind>object</kind>
         <file>system_msp432p401r.obj</file>
         <name>system_msp432p401r.obj</name>
      </input_file>
      <input_file id="fl-18">
         <path>.\board\</path>
         <kind>object</kind>
         <file>board.obj</file>
         <name>board.obj</name>
      </input_file>
      <input_file id="fl-19">
         <path>.\cli_uart\</path>
         <kind>object</kind>
         <file>cli_uart.obj</file>
         <name>cli_uart.obj</name>
      </input_file>
      <input_file id="fl-1a">
         <path>.\driverlib\MSP432P4xx\</path>
         <kind>object</kind>
         <file>adc14.obj</file>
         <name>adc14.obj</name>
      </input_file>
      <input_file id="fl-1b">
         <path>.\driverlib\MSP432P4xx\</path>
         <kind>object</kind>
         <file>aes256.obj</file>
         <name>aes256.obj</name>
      </input_file>
      <input_file id="fl-1c">
         <path>.\driverlib\MSP432P4xx\</path>
         <kind>object</kind>
         <file>comp_e.obj</file>
         <name>comp_e.obj</name>
      </input_file>
      <input_file id="fl-1d">
         <path>.\driverlib\MSP432P4xx\</path>
         <kind>object</kind>
         <file>cpu.obj</file>
         <name>cpu.obj</name>
      </input_file>
      <input_file id="fl-1e">
         <path>.\driverlib\MSP432P4xx\</path>
         <kind>object</kind>
         <file>crc32.obj</file>
         <name>crc32.obj</name>
      </input_file>
      <input_file id="fl-1f">
         <path>.\driverlib\MSP432P4xx\</path>
         <kind>object</kind>
         <file>cs.obj</file>
         <name>cs.obj</name>
      </input_file>
      <input_file id="fl-20">
         <path>.\driverlib\MSP432P4xx\</path>
         <kind>object</kind>
         <file>dma.obj</file>
         <name>dma.obj</name>
      </input_file>
      <input_file id="fl-21">
         <path>.\driverlib\MSP432P4xx\</path>
         <kind>object</kind>
         <file>flash.obj</file>
         <name>flash.obj</name>
      </input_file>
      <input_file id="fl-22">
         <path>.\driverlib\MSP432P4xx\</path>
         <kind>object</kind>
         <file>fpu.obj</file>
         <name>fpu.obj</name>
      </input_file>
      <input_file id="fl-23">
         <path>.\driverlib\MSP432P4xx\</path>
         <kind>object</kind>
         <file>gpio.obj</file>
         <name>gpio.obj</name>
      </input_file>
      <input_file id="fl-24">
         <path>.\driverlib\MSP432P4xx\</path>
         <kind>object</kind>
         <file>i2c.obj</file>
         <name>i2c.obj</name>
      </input_file>
      <input_file id="fl-25">
         <path>.\driverlib\MSP432P4xx\</path>
         <kind>object</kind>
         <file>interrupt.obj</file>
         <name>interrupt.obj</name>
      </input_file>
      <input_file id="fl-26">
         <path>.\driverlib\MSP432P4xx\</path>
         <kind>object</kind>
         <file>mpu.obj</file>
         <name>mpu.obj</name>
      </input_file>
      <input_file id="fl-27">
         <path>.\driverlib\MSP432P4xx\</path>
         <kind>object</kind>
         <file>pcm.obj</file>
         <name>pcm.obj</name>
      </input_file>
      <input_file id="fl-28">
         <path>.\driverlib\MSP432P4xx\</path>
         <kind>object</kind>
         <file>pmap.obj</file>
         <name>pmap.obj</name>
      </input_file>
      <input_file id="fl-29">
         <path>.\driverlib\MSP432P4xx\</path>
         <kind>object</kind>
         <file>pss.obj</file>
         <name>pss.obj</name>
      </input_file>
      <input_file id="fl-2a">
         <path>.\driverlib\MSP432P4xx\</path>
         <kind>object</kind>
         <file>ref_a.obj</file>
         <name>ref_a.obj</name>
      </input_file>
      <input_file id="fl-2b">
         <path>.\driverlib\MSP432P4xx\</path>
         <kind>object</kind>
         <file>reset.obj</file>
         <name>reset.obj</name>
      </input_file>
      <input_file id="fl-2c">
         <path>.\driverlib\MSP432P4xx\</path>
         <kind>object</kind>
         <file>rtc_c.obj</file>
         <name>rtc_c.obj</name>
      </input_file>
      <input_file id="fl-2d">
         <path>.\driverlib\MSP432P4xx\</path>
         <kind>object</kind>
         <file>spi.obj</file>
         <name>spi.obj</name>
      </input_file>
      <input_file id="fl-2e">
         <path>.\driverlib\MSP432P4xx\</path>
         <kind>object</kind>
         <file>sysctl.obj</file>
         <name>sysctl.obj</name>
      </input_file>
      <input_file id="fl-2f">
         <path>.\driverlib\MSP432P4xx\</path>
         <kind>object</kind>
         <file>systick.obj</file>
         <name>systick.obj</name>
      </input_file>
      <input_file id="fl-30">
         <path>.\driverlib\MSP432P4xx\</path>
         <kind>object</kind>
         <file>timer32.obj</file>
         <name>timer32.obj</name>
      </input_file>
      <input_file id="fl-31">
         <path>.\driverlib\MSP432P4xx\</path>
         <kind>object</kind>
         <file>timer_a.obj</file>
         <name>timer_a.obj</name>
      </input_file>
      <input_file id="fl-32">
         <path>.\driverlib\MSP432P4xx\</path>
         <kind>object</kind>
         <file>uart.obj</file>
         <name>uart.obj</name>
      </input_file>
      <input_file id="fl-33">
         <path>.\driverlib\MSP432P4xx\</path>
         <kind>object</kind>
         <file>wdt_a.obj</file>
         <name>wdt_a.obj</name>
      </input_file>
      <input_file id="fl-34">
         <path>.\mqtt\</path>
         <kind>object</kind>
         <file>MQTTCC3100.obj</file>
         <name>MQTTCC3100.obj</name>
      </input_file>
      <input_file id="fl-35">
         <path>.\mqtt\</path>
         <kind>object</kind>
         <file>MQTTClient.obj</file>
         <name>MQTTClient.obj</name>
      </input_file>
      <input_file id="fl-36">
         <path>.\mqtt\</path>
         <kind>object</kind>
         <file>MQTTConnectClient.obj</file>
         <name>MQTTConnectClient.obj</name>
      </input_file>
      <input_file id="fl-37">
         <path>.\mqtt\</path>
         <kind>object</kind>
         <file>MQTTConnectServer.obj</file>
         <name>MQTTConnectServer.obj</name>
      </input_file>
      <input_file id="fl-38">
         <path>.\mqtt\</path>
         <kind>object</kind>
         <file>MQTTDeserializePublish.obj</file>
         <name>MQTTDeserializePublish.obj</name>
      </input_file>
      <input_file id="fl-39">
         <path>.\mqtt\</path>
         <kind>object</kind>
         <file>MQTTFormat.obj</file>
         <name>MQTTFormat.obj</name>
      </input_file>
      <input_file id="fl-3a">
         <path>.\mqtt\</path>
         <kind>object</kind>
         <file>MQTTPacket.obj</file>
         <name>MQTTPacket.obj</name>
      </input_file>
      <input_file id="fl-3b">
         <path>.\mqtt\</path>
         <kind>object</kind>
         <file>MQTTSerializePublish.obj</file>
         <name>MQTTSerializePublish.obj</name>
      </input_file>
      <input_file id="fl-3c">
         <path>.\mqtt\</path>
         <kind>object</kind>
         <file>MQTTSubscribeClient.obj</file>
         <name>MQTTSubscribeClient.obj</name>
      </input_file>
      <input_file id="fl-3d">
         <path>.\mqtt\</path>
         <kind>object</kind>
         <file>MQTTSubscribeServer.obj</file>
         <name>MQTTSubscribeServer.obj</name>
      </input_file>
      <input_file id="fl-3e">
         <path>.\mqtt\</path>
         <kind>object</kind>
         <file>MQTTUnsubscribeClient.obj</file>
         <name>MQTTUnsubscribeClient.obj</name>
      </input_file>
      <input_file id="fl-3f">
         <path>.\mqtt\</path>
         <kind>object</kind>
         <file>MQTTUnsubscribeServer.obj</file>
         <name>MQTTUnsubscribeServer.obj</name>
      </input_file>
      <input_file id="fl-40">
         <path>.\simplelink\source\</path>
         <kind>object</kind>
         <file>device.obj</file>
         <name>device.obj</name>
      </input_file>
      <input_file id="fl-41">
         <path>.\simplelink\source\</path>
         <kind>object</kind>
         <file>driver.obj</file>
         <name>driver.obj</name>
      </input_file>
      <input_file id="fl-42">
         <path>.\simplelink\source\</path>
         <kind>object</kind>
         <file>flowcont.obj</file>
         <name>flowcont.obj</name>
      </input_file>
      <input_file id="fl-43">
         <path>.\simplelink\source\</path>
         <kind>object</kind>
         <file>fs.obj</file>
         <name>fs.obj</name>
      </input_file>
      <input_file id="fl-44">
         <path>.\simplelink\source\</path>
         <kind>object</kind>
         <file>netapp.obj</file>
         <name>netapp.obj</name>
      </input_file>
      <input_file id="fl-45">
         <path>.\simplelink\source\</path>
         <kind>object</kind>
         <file>netcfg.obj</file>
         <name>netcfg.obj</name>
      </input_file>
      <input_file id="fl-46">
         <path>.\simplelink\source\</path>
         <kind>object</kind>
         <file>nonos.obj</file>
         <name>nonos.obj</name>
      </input_file>
      <input_file id="fl-47">
         <path>.\simplelink\source\</path>
         <kind>object</kind>
         <file>socket.obj</file>
         <name>socket.obj</name>
      </input_file>
      <input_file id="fl-48">
         <path>.\simplelink\source\</path>
         <kind>object</kind>
         <file>spawn.obj</file>
         <name>spawn.obj</name>
      </input_file>
      <input_file id="fl-49">
         <path>.\simplelink\source\</path>
         <kind>object</kind>
         <file>wlan.obj</file>
         <name>wlan.obj</name>
      </input_file>
      <input_file id="fl-4a">
         <path>.\spi_cc3100\</path>
         <kind>object</kind>
         <file>spi_cc3100.obj</file>
         <name>spi_cc3100.obj</name>
      </input_file>
      <input_file id="fl-4b">
         <path>.\uart_cc3100\</path>
         <kind>object</kind>
         <file>uart_cc3100.obj</file>
         <name>uart_cc3100.obj</name>
      </input_file>
      <input_file id="fl-4f">
         <kind>object</kind>
         <file>&lt;internal&gt;</file>
         <name>&lt;internal&gt;</name>
      </input_file>
      <input_file id="fl-105">
         <path>C:\ti\ccs1260\ccs\tools\compiler\ti-cgt-arm_20.2.7.LTS\lib\</path>
         <kind>archive</kind>
         <file>rtsv7M4_T_le_v4SPD16_eabi.lib</file>
         <name>snprintf.c.obj</name>
      </input_file>
      <input_file id="fl-106">
         <path>C:\ti\ccs1260\ccs\tools\compiler\ti-cgt-arm_20.2.7.LTS\lib\</path>
         <kind>archive</kind>
         <file>rtsv7M4_T_le_v4SPD16_eabi.lib</file>
         <name>sprintf.c.obj</name>
      </input_file>
      <input_file id="fl-107">
         <path>C:\ti\ccs1260\ccs\tools\compiler\ti-cgt-arm_20.2.7.LTS\lib\</path>
         <kind>archive</kind>
         <file>rtsv7M4_T_le_v4SPD16_eabi.lib</file>
         <name>fopen.c.obj</name>
      </input_file>
      <input_file id="fl-108">
         <path>C:\ti\ccs1260\ccs\tools\compiler\ti-cgt-arm_20.2.7.LTS\lib\</path>
         <kind>archive</kind>
         <file>rtsv7M4_T_le_v4SPD16_eabi.lib</file>
         <name>setvbuf.c.obj</name>
      </input_file>
      <input_file id="fl-109">
         <path>C:\ti\ccs1260\ccs\tools\compiler\ti-cgt-arm_20.2.7.LTS\lib\</path>
         <kind>archive</kind>
         <file>rtsv7M4_T_le_v4SPD16_eabi.lib</file>
         <name>memcpy_t2.asm.obj</name>
      </input_file>
      <input_file id="fl-10a">
         <path>C:\ti\ccs1260\ccs\tools\compiler\ti-cgt-arm_20.2.7.LTS\lib\</path>
         <kind>archive</kind>
         <file>rtsv7M4_T_le_v4SPD16_eabi.lib</file>
         <name>memset_t2.asm.obj</name>
      </input_file>
      <input_file id="fl-10b">
         <path>C:\ti\ccs1260\ccs\tools\compiler\ti-cgt-arm_20.2.7.LTS\lib\</path>
         <kind>archive</kind>
         <file>rtsv7M4_T_le_v4SPD16_eabi.lib</file>
         <name>u_divt2.asm.obj</name>
      </input_file>
      <input_file id="fl-10c">
         <path>C:\ti\ccs1260\ccs\tools\compiler\ti-cgt-arm_20.2.7.LTS\lib\</path>
         <kind>archive</kind>
         <file>rtsv7M4_T_le_v4SPD16_eabi.lib</file>
         <name>copy_zero_init.c.obj</name>
      </input_file>
      <input_file id="fl-10d">
         <path>C:\ti\ccs1260\ccs\tools\compiler\ti-cgt-arm_20.2.7.LTS\lib\</path>
         <kind>archive</kind>
         <file>rtsv7M4_T_le_v4SPD16_eabi.lib</file>
         <name>copy_decompress_none.c.obj</name>
      </input_file>
      <input_file id="fl-10e">
         <path>C:\ti\ccs1260\ccs\tools\compiler\ti-cgt-arm_20.2.7.LTS\lib\</path>
         <kind>archive</kind>
         <file>rtsv7M4_T_le_v4SPD16_eabi.lib</file>
         <name>copy_decompress_lzss.c.obj</name>
      </input_file>
      <input_file id="fl-10f">
         <path>C:\ti\ccs1260\ccs\tools\compiler\ti-cgt-arm_20.2.7.LTS\lib\</path>
         <kind>archive</kind>
         <file>rtsv7M4_T_le_v4SPD16_eabi.lib</file>
         <name>exit.c.obj</name>
      </input_file>
      <input_file id="fl-110">
         <path>C:\ti\ccs1260\ccs\tools\compiler\ti-cgt-arm_20.2.7.LTS\lib\</path>
         <kind>archive</kind>
         <file>rtsv7M4_T_le_v4SPD16_eabi.lib</file>
         <name>_lock.c.obj</name>
      </input_file>
      <input_file id="fl-111">
         <path>C:\ti\ccs1260\ccs\tools\compiler\ti-cgt-arm_20.2.7.LTS\lib\</path>
         <kind>archive</kind>
         <file>rtsv7M4_T_le_v4SPD16_eabi.lib</file>
         <name>defs.c.obj</name>
      </input_file>
      <input_file id="fl-112">
         <path>C:\ti\ccs1260\ccs\tools\compiler\ti-cgt-arm_20.2.7.LTS\lib\</path>
         <kind>archive</kind>
         <file>rtsv7M4_T_le_v4SPD16_eabi.lib</file>
         <name>memcmp.c.obj</name>
      </input_file>
      <input_file id="fl-113">
         <path>C:\ti\ccs1260\ccs\tools\compiler\ti-cgt-arm_20.2.7.LTS\lib\</path>
         <kind>archive</kind>
         <file>rtsv7M4_T_le_v4SPD16_eabi.lib</file>
         <name>memory.c.obj</name>
      </input_file>
      <input_file id="fl-114">
         <path>C:\ti\ccs1260\ccs\tools\compiler\ti-cgt-arm_20.2.7.LTS\lib\</path>
         <kind>archive</kind>
         <file>rtsv7M4_T_le_v4SPD16_eabi.lib</file>
         <name>strlen.c.obj</name>
      </input_file>
      <input_file id="fl-115">
         <path>C:\ti\ccs1260\ccs\tools\compiler\ti-cgt-arm_20.2.7.LTS\lib\</path>
         <kind>archive</kind>
         <file>rtsv7M4_T_le_v4SPD16_eabi.lib</file>
         <name>strncmp.c.obj</name>
      </input_file>
      <input_file id="fl-116">
         <path>C:\ti\ccs1260\ccs\tools\compiler\ti-cgt-arm_20.2.7.LTS\lib\</path>
         <kind>archive</kind>
         <file>rtsv7M4_T_le_v4SPD16_eabi.lib</file>
         <name>strncpy.c.obj</name>
      </input_file>
      <input_file id="fl-117">
         <path>C:\ti\ccs1260\ccs\tools\compiler\ti-cgt-arm_20.2.7.LTS\lib\</path>
         <kind>archive</kind>
         <file>rtsv7M4_T_le_v4SPD16_eabi.lib</file>
         <name>boot_cortex_m.c.obj</name>
      </input_file>
      <input_file id="fl-118">
         <path>C:\ti\ccs1260\ccs\tools\compiler\ti-cgt-arm_20.2.7.LTS\lib\</path>
         <kind>archive</kind>
         <file>rtsv7M4_T_le_v4SPD16_eabi.lib</file>
         <name>open.c.obj</name>
      </input_file>
      <input_file id="fl-119">
         <path>C:\ti\ccs1260\ccs\tools\compiler\ti-cgt-arm_20.2.7.LTS\lib\</path>
         <kind>archive</kind>
         <file>rtsv7M4_T_le_v4SPD16_eabi.lib</file>
         <name>add_device.c.obj</name>
      </input_file>
      <input_file id="fl-11a">
         <path>C:\ti\ccs1260\ccs\tools\compiler\ti-cgt-arm_20.2.7.LTS\lib\</path>
         <kind>archive</kind>
         <file>rtsv7M4_T_le_v4SPD16_eabi.lib</file>
         <name>_printfi.c.obj</name>
      </input_file>
      <input_file id="fl-11b">
         <path>C:\ti\ccs1260\ccs\tools\compiler\ti-cgt-arm_20.2.7.LTS\lib\</path>
         <kind>archive</kind>
         <file>rtsv7M4_T_le_v4SPD16_eabi.lib</file>
         <name>fclose.c.obj</name>
      </input_file>
      <input_file id="fl-11c">
         <path>C:\ti\ccs1260\ccs\tools\compiler\ti-cgt-arm_20.2.7.LTS\lib\</path>
         <kind>archive</kind>
         <file>rtsv7M4_T_le_v4SPD16_eabi.lib</file>
         <name>fflush.c.obj</name>
      </input_file>
      <input_file id="fl-11d">
         <path>C:\ti\ccs1260\ccs\tools\compiler\ti-cgt-arm_20.2.7.LTS\lib\</path>
         <kind>archive</kind>
         <file>rtsv7M4_T_le_v4SPD16_eabi.lib</file>
         <name>getdevice.c.obj</name>
      </input_file>
      <input_file id="fl-11e">
         <path>C:\ti\ccs1260\ccs\tools\compiler\ti-cgt-arm_20.2.7.LTS\lib\</path>
         <kind>archive</kind>
         <file>rtsv7M4_T_le_v4SPD16_eabi.lib</file>
         <name>div0.asm.obj</name>
      </input_file>
      <input_file id="fl-11f">
         <path>C:\ti\ccs1260\ccs\tools\compiler\ti-cgt-arm_20.2.7.LTS\lib\</path>
         <kind>archive</kind>
         <file>rtsv7M4_T_le_v4SPD16_eabi.lib</file>
         <name>fd_add_t2.asm.obj</name>
      </input_file>
      <input_file id="fl-120">
         <path>C:\ti\ccs1260\ccs\tools\compiler\ti-cgt-arm_20.2.7.LTS\lib\</path>
         <kind>archive</kind>
         <file>rtsv7M4_T_le_v4SPD16_eabi.lib</file>
         <name>fd_cmp_t2.asm.obj</name>
      </input_file>
      <input_file id="fl-121">
         <path>C:\ti\ccs1260\ccs\tools\compiler\ti-cgt-arm_20.2.7.LTS\lib\</path>
         <kind>archive</kind>
         <file>rtsv7M4_T_le_v4SPD16_eabi.lib</file>
         <name>fd_div_t2.asm.obj</name>
      </input_file>
      <input_file id="fl-122">
         <path>C:\ti\ccs1260\ccs\tools\compiler\ti-cgt-arm_20.2.7.LTS\lib\</path>
         <kind>archive</kind>
         <file>rtsv7M4_T_le_v4SPD16_eabi.lib</file>
         <name>fd_mul_t2.asm.obj</name>
      </input_file>
      <input_file id="fl-123">
         <path>C:\ti\ccs1260\ccs\tools\compiler\ti-cgt-arm_20.2.7.LTS\lib\</path>
         <kind>archive</kind>
         <file>rtsv7M4_T_le_v4SPD16_eabi.lib</file>
         <name>fd_toi_t2.asm.obj</name>
      </input_file>
      <input_file id="fl-124">
         <path>C:\ti\ccs1260\ccs\tools\compiler\ti-cgt-arm_20.2.7.LTS\lib\</path>
         <kind>archive</kind>
         <file>rtsv7M4_T_le_v4SPD16_eabi.lib</file>
         <name>i_tofd_t2.asm.obj</name>
      </input_file>
      <input_file id="fl-125">
         <path>C:\ti\ccs1260\ccs\tools\compiler\ti-cgt-arm_20.2.7.LTS\lib\</path>
         <kind>archive</kind>
         <file>rtsv7M4_T_le_v4SPD16_eabi.lib</file>
         <name>ull_div_t2.asm.obj</name>
      </input_file>
      <input_file id="fl-126">
         <path>C:\ti\ccs1260\ccs\tools\compiler\ti-cgt-arm_20.2.7.LTS\lib\</path>
         <kind>archive</kind>
         <file>rtsv7M4_T_le_v4SPD16_eabi.lib</file>
         <name>autoinit.c.obj</name>
      </input_file>
      <input_file id="fl-127">
         <path>C:\ti\ccs1260\ccs\tools\compiler\ti-cgt-arm_20.2.7.LTS\lib\</path>
         <kind>archive</kind>
         <file>rtsv7M4_T_le_v4SPD16_eabi.lib</file>
         <name>pre_init.c.obj</name>
      </input_file>
      <input_file id="fl-128">
         <path>C:\ti\ccs1260\ccs\tools\compiler\ti-cgt-arm_20.2.7.LTS\lib\</path>
         <kind>archive</kind>
         <file>rtsv7M4_T_le_v4SPD16_eabi.lib</file>
         <name>cpy_tbl.c.obj</name>
      </input_file>
      <input_file id="fl-129">
         <path>C:\ti\ccs1260\ccs\tools\compiler\ti-cgt-arm_20.2.7.LTS\lib\</path>
         <kind>archive</kind>
         <file>rtsv7M4_T_le_v4SPD16_eabi.lib</file>
         <name>_ltoa.c.obj</name>
      </input_file>
      <input_file id="fl-12a">
         <path>C:\ti\ccs1260\ccs\tools\compiler\ti-cgt-arm_20.2.7.LTS\lib\</path>
         <kind>archive</kind>
         <file>rtsv7M4_T_le_v4SPD16_eabi.lib</file>
         <name>args_main.c.obj</name>
      </input_file>
      <input_file id="fl-12b">
         <path>C:\ti\ccs1260\ccs\tools\compiler\ti-cgt-arm_20.2.7.LTS\lib\</path>
         <kind>archive</kind>
         <file>rtsv7M4_T_le_v4SPD16_eabi.lib</file>
         <name>atoi.c.obj</name>
      </input_file>
      <input_file id="fl-12c">
         <path>C:\ti\ccs1260\ccs\tools\compiler\ti-cgt-arm_20.2.7.LTS\lib\</path>
         <kind>archive</kind>
         <file>rtsv7M4_T_le_v4SPD16_eabi.lib</file>
         <name>ctype.c.obj</name>
      </input_file>
      <input_file id="fl-12d">
         <path>C:\ti\ccs1260\ccs\tools\compiler\ti-cgt-arm_20.2.7.LTS\lib\</path>
         <kind>archive</kind>
         <file>rtsv7M4_T_le_v4SPD16_eabi.lib</file>
         <name>memccpy.c.obj</name>
      </input_file>
      <input_file id="fl-12e">
         <path>C:\ti\ccs1260\ccs\tools\compiler\ti-cgt-arm_20.2.7.LTS\lib\</path>
         <kind>archive</kind>
         <file>rtsv7M4_T_le_v4SPD16_eabi.lib</file>
         <name>strchr.c.obj</name>
      </input_file>
      <input_file id="fl-12f">
         <path>C:\ti\ccs1260\ccs\tools\compiler\ti-cgt-arm_20.2.7.LTS\lib\</path>
         <kind>archive</kind>
         <file>rtsv7M4_T_le_v4SPD16_eabi.lib</file>
         <name>strcmp.c.obj</name>
      </input_file>
      <input_file id="fl-130">
         <path>C:\ti\ccs1260\ccs\tools\compiler\ti-cgt-arm_20.2.7.LTS\lib\</path>
         <kind>archive</kind>
         <file>rtsv7M4_T_le_v4SPD16_eabi.lib</file>
         <name>write.c.obj</name>
      </input_file>
      <input_file id="fl-131">
         <path>C:\ti\ccs1260\ccs\tools\compiler\ti-cgt-arm_20.2.7.LTS\lib\</path>
         <kind>archive</kind>
         <file>rtsv7M4_T_le_v4SPD16_eabi.lib</file>
         <name>host_device.c.obj</name>
      </input_file>
      <input_file id="fl-132">
         <path>C:\ti\ccs1260\ccs\tools\compiler\ti-cgt-arm_20.2.7.LTS\lib\</path>
         <kind>archive</kind>
         <file>rtsv7M4_T_le_v4SPD16_eabi.lib</file>
         <name>remove.c.obj</name>
      </input_file>
      <input_file id="fl-133">
         <path>C:\ti\ccs1260\ccs\tools\compiler\ti-cgt-arm_20.2.7.LTS\lib\</path>
         <kind>archive</kind>
         <file>rtsv7M4_T_le_v4SPD16_eabi.lib</file>
         <name>close.c.obj</name>
      </input_file>
      <input_file id="fl-134">
         <path>C:\ti\ccs1260\ccs\tools\compiler\ti-cgt-arm_20.2.7.LTS\lib\</path>
         <kind>archive</kind>
         <file>rtsv7M4_T_le_v4SPD16_eabi.lib</file>
         <name>errno.c.obj</name>
      </input_file>
      <input_file id="fl-135">
         <path>C:\ti\ccs1260\ccs\tools\compiler\ti-cgt-arm_20.2.7.LTS\lib\</path>
         <kind>archive</kind>
         <file>rtsv7M4_T_le_v4SPD16_eabi.lib</file>
         <name>wcslen.c.obj</name>
      </input_file>
      <input_file id="fl-136">
         <path>C:\ti\ccs1260\ccs\tools\compiler\ti-cgt-arm_20.2.7.LTS\lib\</path>
         <kind>archive</kind>
         <file>rtsv7M4_T_le_v4SPD16_eabi.lib</file>
         <name>s_frexp.c.obj</name>
      </input_file>
      <input_file id="fl-137">
         <path>C:\ti\ccs1260\ccs\tools\compiler\ti-cgt-arm_20.2.7.LTS\lib\</path>
         <kind>archive</kind>
         <file>rtsv7M4_T_le_v4SPD16_eabi.lib</file>
         <name>s_scalbn.c.obj</name>
      </input_file>
      <input_file id="fl-138">
         <path>C:\ti\ccs1260\ccs\tools\compiler\ti-cgt-arm_20.2.7.LTS\lib\</path>
         <kind>archive</kind>
         <file>rtsv7M4_T_le_v4SPD16_eabi.lib</file>
         <name>unlink.c.obj</name>
      </input_file>
      <input_file id="fl-139">
         <path>C:\ti\ccs1260\ccs\tools\compiler\ti-cgt-arm_20.2.7.LTS\lib\</path>
         <kind>archive</kind>
         <file>rtsv7M4_T_le_v4SPD16_eabi.lib</file>
         <name>hostclose.c.obj</name>
      </input_file>
      <input_file id="fl-13a">
         <path>C:\ti\ccs1260\ccs\tools\compiler\ti-cgt-arm_20.2.7.LTS\lib\</path>
         <kind>archive</kind>
         <file>rtsv7M4_T_le_v4SPD16_eabi.lib</file>
         <name>hostlseek.c.obj</name>
      </input_file>
      <input_file id="fl-13b">
         <path>C:\ti\ccs1260\ccs\tools\compiler\ti-cgt-arm_20.2.7.LTS\lib\</path>
         <kind>archive</kind>
         <file>rtsv7M4_T_le_v4SPD16_eabi.lib</file>
         <name>hostopen.c.obj</name>
      </input_file>
      <input_file id="fl-13c">
         <path>C:\ti\ccs1260\ccs\tools\compiler\ti-cgt-arm_20.2.7.LTS\lib\</path>
         <kind>archive</kind>
         <file>rtsv7M4_T_le_v4SPD16_eabi.lib</file>
         <name>hostread.c.obj</name>
      </input_file>
      <input_file id="fl-13d">
         <path>C:\ti\ccs1260\ccs\tools\compiler\ti-cgt-arm_20.2.7.LTS\lib\</path>
         <kind>archive</kind>
         <file>rtsv7M4_T_le_v4SPD16_eabi.lib</file>
         <name>hostrename.c.obj</name>
      </input_file>
      <input_file id="fl-13e">
         <path>C:\ti\ccs1260\ccs\tools\compiler\ti-cgt-arm_20.2.7.LTS\lib\</path>
         <kind>archive</kind>
         <file>rtsv7M4_T_le_v4SPD16_eabi.lib</file>
         <name>hostunlink.c.obj</name>
      </input_file>
      <input_file id="fl-13f">
         <path>C:\ti\ccs1260\ccs\tools\compiler\ti-cgt-arm_20.2.7.LTS\lib\</path>
         <kind>archive</kind>
         <file>rtsv7M4_T_le_v4SPD16_eabi.lib</file>
         <name>hostwrite.c.obj</name>
      </input_file>
      <input_file id="fl-140">
         <path>C:\ti\ccs1260\ccs\tools\compiler\ti-cgt-arm_20.2.7.LTS\lib\</path>
         <kind>archive</kind>
         <file>rtsv7M4_T_le_v4SPD16_eabi.lib</file>
         <name>trgmsg.c.obj</name>
      </input_file>
      <input_file id="fl-141">
         <path>C:\ti\ccs1260\ccs\tools\compiler\ti-cgt-arm_20.2.7.LTS\lib\</path>
         <kind>archive</kind>
         <file>rtsv7M4_T_le_v4SPD16_eabi.lib</file>
         <name>s_copysign.c.obj</name>
      </input_file>
      <input_file id="fl-142">
         <path>C:\ti\ccs1260\ccs\tools\compiler\ti-cgt-arm_20.2.7.LTS\lib\</path>
         <kind>archive</kind>
         <file>rtsv7M4_T_le_v4SPD16_eabi.lib</file>
         <name>strcpy.c.obj</name>
      </input_file>
   </input_file_list>
   <object_component_list>
      <object_component id="oc-26">
         <name>.intvecs:retain</name>
         <load_address>0x0</load_address>
         <run_address>0x0</run_address>
         <size>0xe4</size>
         <input_file_ref idref="fl-16"/>
      </object_component>
      <object_component id="oc-292">
         <name>.text</name>
         <load_address>0xe4</load_address>
         <run_address>0xe4</run_address>
         <size>0x2034</size>
         <input_file_ref idref="fl-41"/>
      </object_component>
      <object_component id="oc-94">
         <name>.text</name>
         <load_address>0x2118</load_address>
         <run_address>0x2118</run_address>
         <size>0x19b4</size>
         <input_file_ref idref="fl-14"/>
      </object_component>
      <object_component id="oc-20e">
         <name>.text</name>
         <load_address>0x3acc</load_address>
         <run_address>0x3acc</run_address>
         <size>0x1598</size>
         <input_file_ref idref="fl-21"/>
      </object_component>
      <object_component id="oc-132">
         <name>.text</name>
         <load_address>0x5064</load_address>
         <run_address>0x5064</run_address>
         <size>0x1340</size>
         <input_file_ref idref="fl-d"/>
      </object_component>
      <object_component id="oc-e3">
         <name>.text</name>
         <load_address>0x63a4</load_address>
         <run_address>0x63a4</run_address>
         <size>0xed4</size>
         <input_file_ref idref="fl-47"/>
      </object_component>
      <object_component id="oc-208">
         <name>.text</name>
         <load_address>0x7278</load_address>
         <run_address>0x7278</run_address>
         <size>0xd7c</size>
         <input_file_ref idref="fl-1f"/>
      </object_component>
      <object_component id="oc-f2">
         <name>.text</name>
         <load_address>0x7ff4</load_address>
         <run_address>0x7ff4</run_address>
         <size>0xb3c</size>
         <input_file_ref idref="fl-44"/>
      </object_component>
      <object_component id="oc-1de">
         <name>.text</name>
         <load_address>0x8b30</load_address>
         <run_address>0x8b30</run_address>
         <size>0xac0</size>
         <input_file_ref idref="fl-49"/>
      </object_component>
      <object_component id="oc-444">
         <name>.text:__TI_printfi</name>
         <load_address>0x95f0</load_address>
         <run_address>0x95f0</run_address>
         <size>0xa4e</size>
         <input_file_ref idref="fl-11a"/>
      </object_component>
      <object_component id="oc-729">
         <name>.text:_nop</name>
         <load_address>0xa03e</load_address>
         <run_address>0xa03e</run_address>
         <size>0x2</size>
         <input_file_ref idref="fl-110"/>
      </object_component>
      <object_component id="oc-1a2">
         <name>.text</name>
         <load_address>0xa040</load_address>
         <run_address>0xa040</run_address>
         <size>0x9fc</size>
         <input_file_ref idref="fl-35"/>
      </object_component>
      <object_component id="oc-120">
         <name>.text</name>
         <load_address>0xaa3c</load_address>
         <run_address>0xaa3c</run_address>
         <size>0x838</size>
         <input_file_ref idref="fl-27"/>
      </object_component>
      <object_component id="oc-18a">
         <name>.text</name>
         <load_address>0xb274</load_address>
         <run_address>0xb274</run_address>
         <size>0x798</size>
         <input_file_ref idref="fl-31"/>
      </object_component>
      <object_component id="oc-138">
         <name>.text</name>
         <load_address>0xba0c</load_address>
         <run_address>0xba0c</run_address>
         <size>0x6e0</size>
         <input_file_ref idref="fl-13"/>
      </object_component>
      <object_component id="oc-150">
         <name>.text</name>
         <load_address>0xc0ec</load_address>
         <run_address>0xc0ec</run_address>
         <size>0x5d0</size>
         <input_file_ref idref="fl-7"/>
      </object_component>
      <object_component id="oc-190">
         <name>.text</name>
         <load_address>0xc6bc</load_address>
         <run_address>0xc6bc</run_address>
         <size>0x5b4</size>
         <input_file_ref idref="fl-40"/>
      </object_component>
      <object_component id="oc-a0">
         <name>.text</name>
         <load_address>0xcc70</load_address>
         <run_address>0xcc70</run_address>
         <size>0x51c</size>
         <input_file_ref idref="fl-15"/>
      </object_component>
      <object_component id="oc-34e">
         <name>.text</name>
         <load_address>0xd18c</load_address>
         <run_address>0xd18c</run_address>
         <size>0x508</size>
         <input_file_ref idref="fl-2c"/>
      </object_component>
      <object_component id="oc-184">
         <name>.text</name>
         <load_address>0xd694</load_address>
         <run_address>0xd694</run_address>
         <size>0x480</size>
         <input_file_ref idref="fl-23"/>
      </object_component>
      <object_component id="oc-467">
         <name>.text</name>
         <load_address>0xdb14</load_address>
         <run_address>0xdb14</run_address>
         <size>0x3f8</size>
         <input_file_ref idref="fl-3a"/>
      </object_component>
      <object_component id="oc-11a">
         <name>.text</name>
         <load_address>0xdf0c</load_address>
         <run_address>0xdf0c</run_address>
         <size>0x3f0</size>
         <input_file_ref idref="fl-25"/>
      </object_component>
      <object_component id="oc-46d">
         <name>.text</name>
         <load_address>0xe2fc</load_address>
         <run_address>0xe2fc</run_address>
         <size>0x3ac</size>
         <input_file_ref idref="fl-36"/>
      </object_component>
      <object_component id="oc-14a">
         <name>.text</name>
         <load_address>0xe6a8</load_address>
         <run_address>0xe6a8</run_address>
         <size>0x3a4</size>
         <input_file_ref idref="fl-6"/>
      </object_component>
      <object_component id="oc-70">
         <name>.text</name>
         <load_address>0xea4c</load_address>
         <run_address>0xea4c</run_address>
         <size>0x388</size>
         <input_file_ref idref="fl-34"/>
      </object_component>
      <object_component id="oc-9a">
         <name>.text</name>
         <load_address>0xedd4</load_address>
         <run_address>0xedd4</run_address>
         <size>0x344</size>
         <input_file_ref idref="fl-18"/>
      </object_component>
      <object_component id="oc-dc">
         <name>.text</name>
         <load_address>0xf118</load_address>
         <run_address>0xf118</run_address>
         <size>0x32c</size>
         <input_file_ref idref="fl-17"/>
      </object_component>
      <object_component id="oc-66e">
         <name>.text:_pconv_a</name>
         <load_address>0xf444</load_address>
         <run_address>0xf444</run_address>
         <size>0x270</size>
         <input_file_ref idref="fl-11a"/>
      </object_component>
      <object_component id="oc-509">
         <name>.text</name>
         <load_address>0xf6b4</load_address>
         <run_address>0xf6b4</run_address>
         <size>0x244</size>
         <input_file_ref idref="fl-2e"/>
      </object_component>
      <object_component id="oc-17e">
         <name>.text</name>
         <load_address>0xf8f8</load_address>
         <run_address>0xf8f8</run_address>
         <size>0x228</size>
         <input_file_ref idref="fl-b"/>
      </object_component>
      <object_component id="oc-47c">
         <name>.text</name>
         <load_address>0xfb20</load_address>
         <run_address>0xfb20</run_address>
         <size>0x218</size>
         <input_file_ref idref="fl-3b"/>
      </object_component>
      <object_component id="oc-482">
         <name>.text</name>
         <load_address>0xfd38</load_address>
         <run_address>0xfd38</run_address>
         <size>0x218</size>
         <input_file_ref idref="fl-3c"/>
      </object_component>
      <object_component id="oc-41b">
         <name>.text</name>
         <load_address>0xff50</load_address>
         <run_address>0xff50</run_address>
         <size>0x214</size>
         <input_file_ref idref="fl-4a"/>
      </object_component>
      <object_component id="oc-144">
         <name>.text</name>
         <load_address>0x10164</load_address>
         <run_address>0x10164</run_address>
         <size>0x1e0</size>
         <input_file_ref idref="fl-3"/>
      </object_component>
      <object_component id="oc-88">
         <name>.text</name>
         <load_address>0x10344</load_address>
         <run_address>0x10344</run_address>
         <size>0x1d4</size>
         <input_file_ref idref="fl-e"/>
      </object_component>
      <object_component id="oc-65c">
         <name>.text:_pconv_g</name>
         <load_address>0x10518</load_address>
         <run_address>0x10518</run_address>
         <size>0x1d0</size>
         <input_file_ref idref="fl-11a"/>
      </object_component>
      <object_component id="oc-806">
         <name>.text</name>
         <load_address>0x106e8</load_address>
         <run_address>0x106e8</run_address>
         <size>0x1b6</size>
         <input_file_ref idref="fl-11f"/>
      </object_component>
      <object_component id="oc-40a">
         <name>.text</name>
         <load_address>0x1089e</load_address>
         <run_address>0x1089e</run_address>
         <size>0x2</size>
         <input_file_ref idref="fl-11e"/>
      </object_component>
      <object_component id="oc-488">
         <name>.text</name>
         <load_address>0x108a0</load_address>
         <run_address>0x108a0</run_address>
         <size>0x1a0</size>
         <input_file_ref idref="fl-3e"/>
      </object_component>
      <object_component id="oc-1bd">
         <name>.text</name>
         <load_address>0x10a40</load_address>
         <run_address>0x10a40</run_address>
         <size>0x184</size>
         <input_file_ref idref="fl-1e"/>
      </object_component>
      <object_component id="oc-15b">
         <name>.text</name>
         <load_address>0x10bc4</load_address>
         <run_address>0x10bc4</run_address>
         <size>0x170</size>
         <input_file_ref idref="fl-9"/>
      </object_component>
      <object_component id="oc-8e">
         <name>.text</name>
         <load_address>0x10d34</load_address>
         <run_address>0x10d34</run_address>
         <size>0x16c</size>
         <input_file_ref idref="fl-19"/>
      </object_component>
      <object_component id="oc-1b7">
         <name>.text</name>
         <load_address>0x10ea0</load_address>
         <run_address>0x10ea0</run_address>
         <size>0x13c</size>
         <input_file_ref idref="fl-f"/>
      </object_component>
      <object_component id="oc-668">
         <name>.text:_pconv_e</name>
         <load_address>0x10fdc</load_address>
         <run_address>0x10fdc</run_address>
         <size>0x13c</size>
         <input_file_ref idref="fl-11a"/>
      </object_component>
      <object_component id="oc-476">
         <name>.text</name>
         <load_address>0x11118</load_address>
         <run_address>0x11118</run_address>
         <size>0x138</size>
         <input_file_ref idref="fl-38"/>
      </object_component>
      <object_component id="oc-7ec">
         <name>.text</name>
         <load_address>0x11250</load_address>
         <run_address>0x11250</run_address>
         <size>0x136</size>
         <input_file_ref idref="fl-121"/>
      </object_component>
      <object_component id="oc-1d8">
         <name>.text</name>
         <load_address>0x11388</load_address>
         <run_address>0x11388</run_address>
         <size>0x130</size>
         <input_file_ref idref="fl-46"/>
      </object_component>
      <object_component id="oc-818">
         <name>.text:fcvt</name>
         <load_address>0x114b8</load_address>
         <run_address>0x114b8</run_address>
         <size>0x124</size>
         <input_file_ref idref="fl-11a"/>
      </object_component>
      <object_component id="oc-5f2">
         <name>.text:_openfile</name>
         <load_address>0x115dc</load_address>
         <run_address>0x115dc</run_address>
         <size>0x110</size>
         <input_file_ref idref="fl-107"/>
      </object_component>
      <object_component id="oc-196">
         <name>.text</name>
         <load_address>0x116ec</load_address>
         <run_address>0x116ec</run_address>
         <size>0x110</size>
         <input_file_ref idref="fl-45"/>
      </object_component>
      <object_component id="oc-82c">
         <name>.text:scalbn</name>
         <load_address>0x117fc</load_address>
         <run_address>0x117fc</run_address>
         <size>0x110</size>
         <input_file_ref idref="fl-137"/>
      </object_component>
      <object_component id="oc-7c6">
         <name>.text:aligned_alloc</name>
         <load_address>0x1190c</load_address>
         <run_address>0x1190c</run_address>
         <size>0x100</size>
         <input_file_ref idref="fl-113"/>
      </object_component>
      <object_component id="oc-7e7">
         <name>.text</name>
         <load_address>0x11a0c</load_address>
         <run_address>0x11a0c</run_address>
         <size>0xfc</size>
         <input_file_ref idref="fl-122"/>
      </object_component>
      <object_component id="oc-164">
         <name>.text</name>
         <load_address>0x11b08</load_address>
         <run_address>0x11b08</run_address>
         <size>0xf8</size>
         <input_file_ref idref="fl-8"/>
      </object_component>
      <object_component id="oc-605">
         <name>.text:free</name>
         <load_address>0x11c00</load_address>
         <run_address>0x11c00</run_address>
         <size>0xe4</size>
         <input_file_ref idref="fl-113"/>
      </object_component>
      <object_component id="oc-3b9">
         <name>.text:setvbuf</name>
         <load_address>0x11ce4</load_address>
         <run_address>0x11ce4</run_address>
         <size>0xdc</size>
         <input_file_ref idref="fl-108"/>
      </object_component>
      <object_component id="oc-348">
         <name>.text</name>
         <load_address>0x11dc0</load_address>
         <run_address>0x11dc0</run_address>
         <size>0xd8</size>
         <input_file_ref idref="fl-33"/>
      </object_component>
      <object_component id="oc-794">
         <name>.text:open</name>
         <load_address>0x11e98</load_address>
         <run_address>0x11e98</run_address>
         <size>0xbc</size>
         <input_file_ref idref="fl-118"/>
      </object_component>
      <object_component id="oc-3a7">
         <name>.text:add_device</name>
         <load_address>0x11f54</load_address>
         <run_address>0x11f54</run_address>
         <size>0xb8</size>
         <input_file_ref idref="fl-119"/>
      </object_component>
      <object_component id="oc-651">
         <name>.text:_ltostr</name>
         <load_address>0x1200c</load_address>
         <run_address>0x1200c</run_address>
         <size>0xb1</size>
         <input_file_ref idref="fl-11a"/>
      </object_component>
      <object_component id="oc-76">
         <name>.text</name>
         <load_address>0x120c0</load_address>
         <run_address>0x120c0</run_address>
         <size>0xac</size>
         <input_file_ref idref="fl-10"/>
      </object_component>
      <object_component id="oc-7c">
         <name>.text</name>
         <load_address>0x1216c</load_address>
         <run_address>0x1216c</run_address>
         <size>0xa8</size>
         <input_file_ref idref="fl-11"/>
      </object_component>
      <object_component id="oc-82">
         <name>.text</name>
         <load_address>0x12214</load_address>
         <run_address>0x12214</run_address>
         <size>0xa8</size>
         <input_file_ref idref="fl-12"/>
      </object_component>
      <object_component id="oc-16a">
         <name>.text</name>
         <load_address>0x122bc</load_address>
         <run_address>0x122bc</run_address>
         <size>0xa4</size>
         <input_file_ref idref="fl-2"/>
      </object_component>
      <object_component id="oc-3ad">
         <name>.text:fopen</name>
         <load_address>0x12360</load_address>
         <run_address>0x12360</run_address>
         <size>0x9c</size>
         <input_file_ref idref="fl-107"/>
      </object_component>
      <object_component id="oc-3a">
         <name>.text</name>
         <load_address>0x123fc</load_address>
         <run_address>0x123fc</run_address>
         <size>0x9c</size>
         <input_file_ref idref="fl-109"/>
      </object_component>
      <object_component id="oc-7e0">
         <name>.text</name>
         <load_address>0x12498</load_address>
         <run_address>0x12498</run_address>
         <size>0x96</size>
         <input_file_ref idref="fl-125"/>
      </object_component>
      <object_component id="oc-657">
         <name>.text:__aeabi_cdcmple</name>
         <load_address>0x1252e</load_address>
         <run_address>0x1252e</run_address>
         <size>0x86</size>
         <input_file_ref idref="fl-120"/>
      </object_component>
      <object_component id="oc-7f1">
         <name>.text:__aeabi_cdrcmple</name>
         <load_address>0x125b4</load_address>
         <run_address>0x125b4</run_address>
         <size>0x86</size>
         <input_file_ref idref="fl-120"/>
      </object_component>
      <object_component id="oc-541">
         <name>.text</name>
         <load_address>0x1263c</load_address>
         <run_address>0x1263c</run_address>
         <size>0x80</size>
         <input_file_ref idref="fl-42"/>
      </object_component>
      <object_component id="oc-c4">
         <name>.text</name>
         <load_address>0x126bc</load_address>
         <run_address>0x126bc</run_address>
         <size>0x7a</size>
         <input_file_ref idref="fl-10a"/>
      </object_component>
      <object_component id="oc-5fe">
         <name>.text:__TI_closefile</name>
         <load_address>0x12738</load_address>
         <run_address>0x12738</run_address>
         <size>0x74</size>
         <input_file_ref idref="fl-11b"/>
      </object_component>
      <object_component id="oc-f8">
         <name>.text</name>
         <load_address>0x127ac</load_address>
         <run_address>0x127ac</run_address>
         <size>0x74</size>
         <input_file_ref idref="fl-2f"/>
      </object_component>
      <object_component id="oc-8dc">
         <name>.text:split</name>
         <load_address>0x12820</load_address>
         <run_address>0x12820</run_address>
         <size>0x70</size>
         <input_file_ref idref="fl-113"/>
      </object_component>
      <object_component id="oc-811">
         <name>.text:_mcpy</name>
         <load_address>0x12890</load_address>
         <run_address>0x12890</run_address>
         <size>0x6e</size>
         <input_file_ref idref="fl-11a"/>
      </object_component>
      <object_component id="oc-784">
         <name>.text:HOSTrename</name>
         <load_address>0x12900</load_address>
         <run_address>0x12900</run_address>
         <size>0x6c</size>
         <input_file_ref idref="fl-13d"/>
      </object_component>
      <object_component id="oc-778">
         <name>.text:HOSTlseek</name>
         <load_address>0x1296c</load_address>
         <run_address>0x1296c</run_address>
         <size>0x68</size>
         <input_file_ref idref="fl-13a"/>
      </object_component>
      <object_component id="oc-17">
         <name>.text:decompress:lzss:__TI_decompress_lzss</name>
         <load_address>0x129d4</load_address>
         <run_address>0x129d4</run_address>
         <size>0x68</size>
         <input_file_ref idref="fl-10e"/>
      </object_component>
      <object_component id="oc-826">
         <name>.text:frexp</name>
         <load_address>0x12a3c</load_address>
         <run_address>0x12a3c</run_address>
         <size>0x64</size>
         <input_file_ref idref="fl-136"/>
      </object_component>
      <object_component id="oc-760">
         <name>.text:HOSTopen</name>
         <load_address>0x12aa0</load_address>
         <run_address>0x12aa0</run_address>
         <size>0x60</size>
         <input_file_ref idref="fl-13b"/>
      </object_component>
      <object_component id="oc-7aa">
         <name>.text:close</name>
         <load_address>0x12b00</load_address>
         <run_address>0x12b00</run_address>
         <size>0x5c</size>
         <input_file_ref idref="fl-133"/>
      </object_component>
      <object_component id="oc-76c">
         <name>.text:HOSTread</name>
         <load_address>0x12b5c</load_address>
         <run_address>0x12b5c</run_address>
         <size>0x58</size>
         <input_file_ref idref="fl-13c"/>
      </object_component>
      <object_component id="oc-772">
         <name>.text:HOSTwrite</name>
         <load_address>0x12bb4</load_address>
         <run_address>0x12bb4</run_address>
         <size>0x58</size>
         <input_file_ref idref="fl-13f"/>
      </object_component>
      <object_component id="oc-662">
         <name>.text:_pconv_f</name>
         <load_address>0x12c0c</load_address>
         <run_address>0x12c0c</run_address>
         <size>0x56</size>
         <input_file_ref idref="fl-11a"/>
      </object_component>
      <object_component id="oc-7fb">
         <name>.text:__TI_ltoa</name>
         <load_address>0x12c62</load_address>
         <run_address>0x12c62</run_address>
         <size>0x54</size>
         <input_file_ref idref="fl-129"/>
      </object_component>
      <object_component id="oc-80b">
         <name>.text:_ecpy</name>
         <load_address>0x12cb6</load_address>
         <run_address>0x12cb6</run_address>
         <size>0x52</size>
         <input_file_ref idref="fl-11a"/>
      </object_component>
      <object_component id="oc-7a4">
         <name>.text:__TI_doflush</name>
         <load_address>0x12d08</load_address>
         <run_address>0x12d08</run_address>
         <size>0x4c</size>
         <input_file_ref idref="fl-11c"/>
      </object_component>
      <object_component id="oc-64b">
         <name>.text:atoi</name>
         <load_address>0x12d54</load_address>
         <run_address>0x12d54</run_address>
         <size>0x4c</size>
         <input_file_ref idref="fl-12b"/>
      </object_component>
      <object_component id="oc-19c">
         <name>.text:snprintf</name>
         <load_address>0x12da0</load_address>
         <run_address>0x12da0</run_address>
         <size>0x4c</size>
         <input_file_ref idref="fl-105"/>
      </object_component>
      <object_component id="oc-256">
         <name>.text:exit</name>
         <load_address>0x12dec</load_address>
         <run_address>0x12dec</run_address>
         <size>0x48</size>
         <input_file_ref idref="fl-10f"/>
      </object_component>
      <object_component id="oc-7f6">
         <name>.text</name>
         <load_address>0x12e34</load_address>
         <run_address>0x12e34</run_address>
         <size>0x48</size>
         <input_file_ref idref="fl-123"/>
      </object_component>
      <object_component id="oc-766">
         <name>.text:HOSTclose</name>
         <load_address>0x12e7c</load_address>
         <run_address>0x12e7c</run_address>
         <size>0x44</size>
         <input_file_ref idref="fl-139"/>
      </object_component>
      <object_component id="oc-77e">
         <name>.text:HOSTunlink</name>
         <load_address>0x12ec0</load_address>
         <run_address>0x12ec0</run_address>
         <size>0x44</size>
         <input_file_ref idref="fl-13e"/>
      </object_component>
      <object_component id="oc-25c">
         <name>.text:__TI_auto_init_nobinit_nopinit:__TI_auto_init_nobinit_nopinit</name>
         <load_address>0x12f04</load_address>
         <run_address>0x12f04</run_address>
         <size>0x44</size>
         <input_file_ref idref="fl-126"/>
      </object_component>
      <object_component id="oc-8bd">
         <name>.text:getdevice</name>
         <load_address>0x12f48</load_address>
         <run_address>0x12f48</run_address>
         <size>0x44</size>
         <input_file_ref idref="fl-11d"/>
      </object_component>
      <object_component id="oc-175">
         <name>.text</name>
         <load_address>0x12f8c</load_address>
         <run_address>0x12f8c</run_address>
         <size>0x40</size>
         <input_file_ref idref="fl-10b"/>
      </object_component>
      <object_component id="oc-1c3">
         <name>.text:sprintf</name>
         <load_address>0x12fcc</load_address>
         <run_address>0x12fcc</run_address>
         <size>0x40</size>
         <input_file_ref idref="fl-106"/>
      </object_component>
      <object_component id="oc-81e">
         <name>.text:_fcpy</name>
         <load_address>0x1300c</load_address>
         <run_address>0x1300c</run_address>
         <size>0x3e</size>
         <input_file_ref idref="fl-11a"/>
      </object_component>
      <object_component id="oc-32b">
         <name>.text</name>
         <load_address>0x1304a</load_address>
         <run_address>0x1304a</run_address>
         <size>0x3e</size>
         <input_file_ref idref="fl-1d"/>
      </object_component>
      <object_component id="oc-894">
         <name>.text:__TI_writemsg</name>
         <load_address>0x13088</load_address>
         <run_address>0x13088</run_address>
         <size>0x38</size>
         <input_file_ref idref="fl-140"/>
      </object_component>
      <object_component id="oc-1c9">
         <name>.text:strncpy</name>
         <load_address>0x130c0</load_address>
         <run_address>0x130c0</run_address>
         <size>0x36</size>
         <input_file_ref idref="fl-116"/>
      </object_component>
      <object_component id="oc-611">
         <name>.text:__TI_cleanup</name>
         <load_address>0x130f8</load_address>
         <run_address>0x130f8</run_address>
         <size>0x34</size>
         <input_file_ref idref="fl-107"/>
      </object_component>
      <object_component id="oc-89a">
         <name>.text:__TI_readmsg</name>
         <load_address>0x1312c</load_address>
         <run_address>0x1312c</run_address>
         <size>0x34</size>
         <input_file_ref idref="fl-140"/>
      </object_component>
      <object_component id="oc-58">
         <name>.text:_c_int00_noargs:_c_int00_noargs</name>
         <load_address>0x13160</load_address>
         <run_address>0x13160</run_address>
         <size>0x34</size>
         <input_file_ref idref="fl-117"/>
      </object_component>
      <object_component id="oc-3b3">
         <name>.text:freopen</name>
         <load_address>0x13194</load_address>
         <run_address>0x13194</run_address>
         <size>0x34</size>
         <input_file_ref idref="fl-107"/>
      </object_component>
      <object_component id="oc-44a">
         <name>.text:_outs</name>
         <load_address>0x131c8</load_address>
         <run_address>0x131c8</run_address>
         <size>0x30</size>
         <input_file_ref idref="fl-105"/>
      </object_component>
      <object_component id="oc-5e6">
         <name>.text:finddevice</name>
         <load_address>0x131f8</load_address>
         <run_address>0x131f8</run_address>
         <size>0x30</size>
         <input_file_ref idref="fl-11d"/>
      </object_component>
      <object_component id="oc-801">
         <name>.text</name>
         <load_address>0x13228</load_address>
         <run_address>0x13228</run_address>
         <size>0x2e</size>
         <input_file_ref idref="fl-124"/>
      </object_component>
      <object_component id="oc-696">
         <name>.text:strncmp</name>
         <load_address>0x13256</load_address>
         <run_address>0x13256</run_address>
         <size>0x2c</size>
         <input_file_ref idref="fl-115"/>
      </object_component>
      <object_component id="oc-7b0">
         <name>.text:unlink</name>
         <load_address>0x13284</load_address>
         <run_address>0x13284</run_address>
         <size>0x2c</size>
         <input_file_ref idref="fl-138"/>
      </object_component>
      <object_component id="oc-7bf">
         <name>.text:free_list_insert</name>
         <load_address>0x132b0</load_address>
         <run_address>0x132b0</run_address>
         <size>0x28</size>
         <input_file_ref idref="fl-113"/>
      </object_component>
      <object_component id="oc-8c9">
         <name>.text:write</name>
         <load_address>0x132d8</load_address>
         <run_address>0x132d8</run_address>
         <size>0x28</size>
         <input_file_ref idref="fl-130"/>
      </object_component>
      <object_component id="oc-13e">
         <name>.text</name>
         <load_address>0x13300</load_address>
         <run_address>0x13300</run_address>
         <size>0x24</size>
         <input_file_ref idref="fl-4"/>
      </object_component>
      <object_component id="oc-7b9">
         <name>.text:free_list_remove</name>
         <load_address>0x13324</load_address>
         <run_address>0x13324</run_address>
         <size>0x1c</size>
         <input_file_ref idref="fl-113"/>
      </object_component>
      <object_component id="oc-674">
         <name>.text:memccpy</name>
         <load_address>0x13340</load_address>
         <run_address>0x13340</run_address>
         <size>0x1c</size>
         <input_file_ref idref="fl-12d"/>
      </object_component>
      <object_component id="oc-8fc">
         <name>.text:copysign</name>
         <load_address>0x1335c</load_address>
         <run_address>0x1335c</run_address>
         <size>0x1a</size>
         <input_file_ref idref="fl-141"/>
      </object_component>
      <object_component id="oc-450">
         <name>.text:_outc</name>
         <load_address>0x13376</load_address>
         <run_address>0x13376</run_address>
         <size>0x18</size>
         <input_file_ref idref="fl-105"/>
      </object_component>
      <object_component id="oc-4b5">
         <name>.text:_outs</name>
         <load_address>0x1338e</load_address>
         <run_address>0x1338e</run_address>
         <size>0x18</size>
         <input_file_ref idref="fl-106"/>
      </object_component>
      <object_component id="oc-758">
         <name>.text:strcmp</name>
         <load_address>0x133a6</load_address>
         <run_address>0x133a6</run_address>
         <size>0x18</size>
         <input_file_ref idref="fl-12f"/>
      </object_component>
      <object_component id="oc-832">
         <name>.text:strchr</name>
         <load_address>0x133be</load_address>
         <run_address>0x133be</run_address>
         <size>0x16</size>
         <input_file_ref idref="fl-12e"/>
      </object_component>
      <object_component id="oc-8ae">
         <name>.text:strcpy</name>
         <load_address>0x133d4</load_address>
         <run_address>0x133d4</run_address>
         <size>0x14</size>
         <input_file_ref idref="fl-142"/>
      </object_component>
      <object_component id="oc-ec">
         <name>.text:strlen</name>
         <load_address>0x133e8</load_address>
         <run_address>0x133e8</run_address>
         <size>0x14</size>
         <input_file_ref idref="fl-114"/>
      </object_component>
      <object_component id="oc-67a">
         <name>.text:wcslen</name>
         <load_address>0x133fc</load_address>
         <run_address>0x133fc</run_address>
         <size>0x12</size>
         <input_file_ref idref="fl-135"/>
      </object_component>
      <object_component id="oc-1d">
         <name>.text:decompress:none:__TI_decompress_none</name>
         <load_address>0x1340e</load_address>
         <run_address>0x1340e</run_address>
         <size>0xe</size>
         <input_file_ref idref="fl-10d"/>
      </object_component>
      <object_component id="oc-6a">
         <name>.text</name>
         <load_address>0x1341c</load_address>
         <run_address>0x1341c</run_address>
         <size>0xe</size>
         <input_file_ref idref="fl-16"/>
      </object_component>
      <object_component id="oc-4c">
         <name>.text:decompress:ZI:__TI_zero_init</name>
         <load_address>0x1342a</load_address>
         <run_address>0x1342a</run_address>
         <size>0xc</size>
         <input_file_ref idref="fl-10c"/>
      </object_component>
      <object_component id="oc-4bb">
         <name>.text:_outc</name>
         <load_address>0x13436</load_address>
         <run_address>0x13436</run_address>
         <size>0xa</size>
         <input_file_ref idref="fl-106"/>
      </object_component>
      <object_component id="oc-680">
         <name>.text:__aeabi_errno_addr</name>
         <load_address>0x13440</load_address>
         <run_address>0x13440</run_address>
         <size>0x8</size>
         <input_file_ref idref="fl-134"/>
      </object_component>
      <object_component id="oc-60b">
         <name>.text:malloc</name>
         <load_address>0x13448</load_address>
         <run_address>0x13448</run_address>
         <size>0x8</size>
         <input_file_ref idref="fl-113"/>
      </object_component>
      <object_component id="oc-ca">
         <name>.text:_system_pre_init</name>
         <load_address>0x13450</load_address>
         <run_address>0x13450</run_address>
         <size>0x4</size>
         <input_file_ref idref="fl-127"/>
      </object_component>
      <object_component id="oc-250">
         <name>.text:abort:abort</name>
         <load_address>0x13454</load_address>
         <run_address>0x13454</run_address>
         <size>0x4</size>
         <input_file_ref idref="fl-10f"/>
      </object_component>
      <object_component id="oc-373">
         <name>.const:ASCII</name>
         <load_address>0x13458</load_address>
         <run_address>0x13458</run_address>
         <size>0x1e0</size>
         <input_file_ref idref="fl-d"/>
      </object_component>
      <object_component id="oc-7db">
         <name>.const:.string:_ctypes_</name>
         <load_address>0x13638</load_address>
         <run_address>0x13638</run_address>
         <size>0x101</size>
         <input_file_ref idref="fl-12c"/>
      </object_component>
      <object_component id="oc-36b">
         <name>.const:.string:init4b</name>
         <load_address>0x13739</load_address>
         <run_address>0x13739</run_address>
         <size>0x3</size>
         <input_file_ref idref="fl-d"/>
      </object_component>
      <object_component id="oc-4c9">
         <name>.const:$P$T0$1</name>
         <load_address>0x1373c</load_address>
         <run_address>0x1373c</run_address>
         <size>0xb0</size>
         <input_file_ref idref="fl-49"/>
      </object_component>
      <object_component id="oc-1ae">
         <name>.const:$P$T0$1</name>
         <load_address>0x137ec</load_address>
         <run_address>0x137ec</run_address>
         <size>0x58</size>
         <input_file_ref idref="fl-14"/>
      </object_component>
      <object_component id="oc-48e">
         <name>.const:$P$T1$2</name>
         <load_address>0x13844</load_address>
         <run_address>0x13844</run_address>
         <size>0x58</size>
         <input_file_ref idref="fl-35"/>
      </object_component>
      <object_component id="oc-337">
         <name>.const:g_pulRegs</name>
         <load_address>0x1389c</load_address>
         <run_address>0x1389c</run_address>
         <size>0x50</size>
         <input_file_ref idref="fl-25"/>
      </object_component>
      <object_component id="oc-553">
         <name>.const:_SlActionLookupTable</name>
         <load_address>0x138ec</load_address>
         <run_address>0x138ec</run_address>
         <size>0x38</size>
         <input_file_ref idref="fl-41"/>
      </object_component>
      <object_component id="oc-1e4">
         <name>.const:$P$T1$2</name>
         <load_address>0x13924</load_address>
         <run_address>0x13924</run_address>
         <size>0x2c</size>
         <input_file_ref idref="fl-14"/>
      </object_component>
      <object_component id="oc-334">
         <name>.const:g_pulPriority</name>
         <load_address>0x13950</load_address>
         <run_address>0x13950</run_address>
         <size>0x20</size>
         <input_file_ref idref="fl-25"/>
      </object_component>
      <object_component id="oc-414">
         <name>.const:GPIO_PORT_TO_INT</name>
         <load_address>0x13970</load_address>
         <run_address>0x13970</run_address>
         <size>0x1c</size>
         <input_file_ref idref="fl-23"/>
      </object_component>
      <object_component id="oc-1a8">
         <name>.const:upConfig</name>
         <load_address>0x1398c</load_address>
         <run_address>0x1398c</run_address>
         <size>0x18</size>
         <input_file_ref idref="fl-14"/>
      </object_component>
      <object_component id="oc-1e7">
         <name>.const:$P$T2$3</name>
         <load_address>0x139a4</load_address>
         <run_address>0x139a4</run_address>
         <size>0x14</size>
         <input_file_ref idref="fl-14"/>
      </object_component>
      <object_component id="oc-491">
         <name>.const:$P$T2$3</name>
         <load_address>0x139b8</load_address>
         <run_address>0x139b8</run_address>
         <size>0xc</size>
         <input_file_ref idref="fl-35"/>
      </object_component>
      <object_component id="oc-494">
         <name>.const:$P$T3$4</name>
         <load_address>0x139c4</load_address>
         <run_address>0x139c4</run_address>
         <size>0xc</size>
         <input_file_ref idref="fl-35"/>
      </object_component>
      <object_component id="oc-1ea">
         <name>.const:$P$T3$4</name>
         <load_address>0x139d0</load_address>
         <run_address>0x139d0</run_address>
         <size>0xc</size>
         <input_file_ref idref="fl-14"/>
      </object_component>
      <object_component id="oc-497">
         <name>.const:$P$T4$5</name>
         <load_address>0x139dc</load_address>
         <run_address>0x139dc</run_address>
         <size>0xc</size>
         <input_file_ref idref="fl-35"/>
      </object_component>
      <object_component id="oc-379">
         <name>.const:.string:postmask</name>
         <load_address>0x139e8</load_address>
         <run_address>0x139e8</run_address>
         <size>0x8</size>
         <input_file_ref idref="fl-d"/>
      </object_component>
      <object_component id="oc-376">
         <name>.const:.string:premask</name>
         <load_address>0x139f0</load_address>
         <run_address>0x139f0</run_address>
         <size>0x8</size>
         <input_file_ref idref="fl-d"/>
      </object_component>
      <object_component id="oc-54d">
         <name>.const:g_H2NCnysPattern</name>
         <load_address>0x139f8</load_address>
         <run_address>0x139f8</run_address>
         <size>0x8</size>
         <input_file_ref idref="fl-41"/>
      </object_component>
      <object_component id="oc-54a">
         <name>.const:g_H2NSyncPattern</name>
         <load_address>0x13a00</load_address>
         <run_address>0x13a00</run_address>
         <size>0x8</size>
         <input_file_ref idref="fl-41"/>
      </object_component>
      <object_component id="oc-33d">
         <name>.const:g_pulDisRegs</name>
         <load_address>0x13a08</load_address>
         <run_address>0x13a08</run_address>
         <size>0x8</size>
         <input_file_ref idref="fl-25"/>
      </object_component>
      <object_component id="oc-33a">
         <name>.const:g_pulEnRegs</name>
         <load_address>0x13a10</load_address>
         <run_address>0x13a10</run_address>
         <size>0x8</size>
         <input_file_ref idref="fl-25"/>
      </object_component>
      <object_component id="oc-340">
         <name>.const:g_pulPendRegs</name>
         <load_address>0x13a18</load_address>
         <run_address>0x13a18</run_address>
         <size>0x8</size>
         <input_file_ref idref="fl-25"/>
      </object_component>
      <object_component id="oc-343">
         <name>.const:g_pulUnpendRegs</name>
         <load_address>0x13a20</load_address>
         <run_address>0x13a20</run_address>
         <size>0x8</size>
         <input_file_ref idref="fl-25"/>
      </object_component>
      <object_component id="oc-36e">
         <name>.const:.string:init5</name>
         <load_address>0x13a28</load_address>
         <run_address>0x13a28</run_address>
         <size>0x6</size>
         <input_file_ref idref="fl-d"/>
      </object_component>
      <object_component id="oc-37c">
         <name>.const:.string:dlist1</name>
         <load_address>0x13a2e</load_address>
         <run_address>0x13a2e</run_address>
         <size>0x5</size>
         <input_file_ref idref="fl-d"/>
      </object_component>
      <object_component id="oc-473">
         <name>.const:$P$T0$1</name>
         <load_address>0x13a34</load_address>
         <run_address>0x13a34</run_address>
         <size>0x4</size>
         <input_file_ref idref="fl-35"/>
      </object_component>
      <object_component id="oc-6a4">
         <name>.const:$P$T0$1</name>
         <load_address>0x13a38</load_address>
         <run_address>0x13a38</run_address>
         <size>0x4</size>
         <input_file_ref idref="fl-36"/>
      </object_component>
      <object_component id="oc-6b7">
         <name>.const:$P$T0$1</name>
         <load_address>0x13a3c</load_address>
         <run_address>0x13a3c</run_address>
         <size>0x4</size>
         <input_file_ref idref="fl-38"/>
      </object_component>
      <object_component id="oc-69f">
         <name>.const:$P$T0$1</name>
         <load_address>0x13a40</load_address>
         <run_address>0x13a40</run_address>
         <size>0x4</size>
         <input_file_ref idref="fl-3a"/>
      </object_component>
      <object_component id="oc-6bf">
         <name>.const:$P$T0$1</name>
         <load_address>0x13a44</load_address>
         <run_address>0x13a44</run_address>
         <size>0x4</size>
         <input_file_ref idref="fl-3b"/>
      </object_component>
      <object_component id="oc-6c7">
         <name>.const:$P$T0$1</name>
         <load_address>0x13a48</load_address>
         <run_address>0x13a48</run_address>
         <size>0x4</size>
         <input_file_ref idref="fl-3c"/>
      </object_component>
      <object_component id="oc-6cf">
         <name>.const:$P$T0$1</name>
         <load_address>0x13a4c</load_address>
         <run_address>0x13a4c</run_address>
         <size>0x4</size>
         <input_file_ref idref="fl-3e"/>
      </object_component>
      <object_component id="oc-550">
         <name>.const:$P$T0$1</name>
         <load_address>0x13a50</load_address>
         <run_address>0x13a50</run_address>
         <size>0x4</size>
         <input_file_ref idref="fl-41"/>
      </object_component>
      <object_component id="oc-307">
         <name>.const:$P$T0$1</name>
         <load_address>0x13a54</load_address>
         <run_address>0x13a54</run_address>
         <size>0x4</size>
         <input_file_ref idref="fl-44"/>
      </object_component>
      <object_component id="oc-29e">
         <name>.const:$P$T0$1</name>
         <load_address>0x13a58</load_address>
         <run_address>0x13a58</run_address>
         <size>0x4</size>
         <input_file_ref idref="fl-47"/>
      </object_component>
      <object_component id="oc-6a7">
         <name>.const:$P$T1$2</name>
         <load_address>0x13a5c</load_address>
         <run_address>0x13a5c</run_address>
         <size>0x4</size>
         <input_file_ref idref="fl-36"/>
      </object_component>
      <object_component id="oc-6ba">
         <name>.const:$P$T1$2</name>
         <load_address>0x13a60</load_address>
         <run_address>0x13a60</run_address>
         <size>0x4</size>
         <input_file_ref idref="fl-38"/>
      </object_component>
      <object_component id="oc-6c2">
         <name>.const:$P$T1$2</name>
         <load_address>0x13a64</load_address>
         <run_address>0x13a64</run_address>
         <size>0x4</size>
         <input_file_ref idref="fl-3b"/>
      </object_component>
      <object_component id="oc-6ca">
         <name>.const:$P$T1$2</name>
         <load_address>0x13a68</load_address>
         <run_address>0x13a68</run_address>
         <size>0x4</size>
         <input_file_ref idref="fl-3c"/>
      </object_component>
      <object_component id="oc-2a1">
         <name>.const:$P$T1$2</name>
         <load_address>0x13a6c</load_address>
         <run_address>0x13a6c</run_address>
         <size>0x4</size>
         <input_file_ref idref="fl-47"/>
      </object_component>
      <object_component id="oc-4cc">
         <name>.const:$P$T1$2</name>
         <load_address>0x13a70</load_address>
         <run_address>0x13a70</run_address>
         <size>0x4</size>
         <input_file_ref idref="fl-49"/>
      </object_component>
      <object_component id="oc-6aa">
         <name>.const:$P$T2$3</name>
         <load_address>0x13a74</load_address>
         <run_address>0x13a74</run_address>
         <size>0x4</size>
         <input_file_ref idref="fl-36"/>
      </object_component>
      <object_component id="oc-2a7">
         <name>.const:$P$T2$3</name>
         <load_address>0x13a78</load_address>
         <run_address>0x13a78</run_address>
         <size>0x4</size>
         <input_file_ref idref="fl-47"/>
      </object_component>
      <object_component id="oc-4d5">
         <name>.const:$P$T2$3</name>
         <load_address>0x13a7c</load_address>
         <run_address>0x13a7c</run_address>
         <size>0x4</size>
         <input_file_ref idref="fl-49"/>
      </object_component>
      <object_component id="oc-6ad">
         <name>.const:$P$T3$4</name>
         <load_address>0x13a80</load_address>
         <run_address>0x13a80</run_address>
         <size>0x4</size>
         <input_file_ref idref="fl-36"/>
      </object_component>
      <object_component id="oc-4ea">
         <name>.const:$P$T3$4</name>
         <load_address>0x13a84</load_address>
         <run_address>0x13a84</run_address>
         <size>0x4</size>
         <input_file_ref idref="fl-49"/>
      </object_component>
      <object_component id="oc-6b0">
         <name>.const:$P$T4$5</name>
         <load_address>0x13a88</load_address>
         <run_address>0x13a88</run_address>
         <size>0x4</size>
         <input_file_ref idref="fl-36"/>
      </object_component>
      <object_component id="oc-362">
         <name>.const:.string:init1</name>
         <load_address>0x13a8c</load_address>
         <run_address>0x13a8c</run_address>
         <size>0x4</size>
         <input_file_ref idref="fl-d"/>
      </object_component>
      <object_component id="oc-365">
         <name>.const:.string:init2</name>
         <load_address>0x13a90</load_address>
         <run_address>0x13a90</run_address>
         <size>0x4</size>
         <input_file_ref idref="fl-d"/>
      </object_component>
      <object_component id="oc-368">
         <name>.const:.string:init3</name>
         <load_address>0x13a94</load_address>
         <run_address>0x13a94</run_address>
         <size>0x4</size>
         <input_file_ref idref="fl-d"/>
      </object_component>
      <object_component id="oc-2b3">
         <name>.const:_SlAcceptCmdCtrl</name>
         <load_address>0x13a98</load_address>
         <run_address>0x13a98</run_address>
         <size>0x4</size>
         <input_file_ref idref="fl-47"/>
      </object_component>
      <object_component id="oc-42a">
         <name>.const:_SlDeviceGetCmdCtrl</name>
         <load_address>0x13a9c</load_address>
         <run_address>0x13a9c</run_address>
         <size>0x4</size>
         <input_file_ref idref="fl-40"/>
      </object_component>
      <object_component id="oc-42d">
         <name>.const:_SlDeviceSetCmdCtrl</name>
         <load_address>0x13aa0</load_address>
         <run_address>0x13aa0</run_address>
         <size>0x4</size>
         <input_file_ref idref="fl-40"/>
      </object_component>
      <object_component id="oc-427">
         <name>.const:_SlEventMaskGetCmdCtrl</name>
         <load_address>0x13aa4</load_address>
         <run_address>0x13aa4</run_address>
         <size>0x4</size>
         <input_file_ref idref="fl-40"/>
      </object_component>
      <object_component id="oc-424">
         <name>.const:_SlEventMaskSetCmdCtrl</name>
         <load_address>0x13aa8</load_address>
         <run_address>0x13aa8</run_address>
         <size>0x4</size>
         <input_file_ref idref="fl-40"/>
      </object_component>
      <object_component id="oc-304">
         <name>.const:_SlGetHostByNameCtrl</name>
         <load_address>0x13aac</load_address>
         <run_address>0x13aac</run_address>
         <size>0x4</size>
         <input_file_ref idref="fl-44"/>
      </object_component>
      <object_component id="oc-301">
         <name>.const:_SlGetHostByServiceCtrl</name>
         <load_address>0x13ab0</load_address>
         <run_address>0x13ab0</run_address>
         <size>0x4</size>
         <input_file_ref idref="fl-44"/>
      </object_component>
      <object_component id="oc-2fb">
         <name>.const:_SlGetServiceListeCtrl</name>
         <load_address>0x13ab4</load_address>
         <run_address>0x13ab4</run_address>
         <size>0x4</size>
         <input_file_ref idref="fl-44"/>
      </object_component>
      <object_component id="oc-2bc">
         <name>.const:_SlGetSockOptCmdCtrl</name>
         <load_address>0x13ab8</load_address>
         <run_address>0x13ab8</run_address>
         <size>0x4</size>
         <input_file_ref idref="fl-47"/>
      </object_component>
      <object_component id="oc-2b0">
         <name>.const:_SlListenCmdCtrl</name>
         <load_address>0x13abc</load_address>
         <run_address>0x13abc</run_address>
         <size>0x4</size>
         <input_file_ref idref="fl-47"/>
      </object_component>
      <object_component id="oc-310">
         <name>.const:_SlNetAppGetCmdCtrl</name>
         <load_address>0x13ac0</load_address>
         <run_address>0x13ac0</run_address>
         <size>0x4</size>
         <input_file_ref idref="fl-44"/>
      </object_component>
      <object_component id="oc-30d">
         <name>.const:_SlNetAppSendTokenValueCmdCtrl</name>
[...]
         <value>0x126bd</value>
         <object_component_ref idref="oc-c4"/>
      </symbol>
      <symbol id="sm-1954">
         <name>__aeabi_memclr</name>
         <value>0x126bd</value>
         <object_component_ref idref="oc-c4"/>
      </symbol>
      <symbol id="sm-1963">
         <name>__aeabi_uidivmod</name>
         <value>0x12f8d</value>
         <object_component_ref idref="oc-175"/>
      </symbol>
      <symbol id="sm-1964">
         <name>__aeabi_uidiv</name>
         <value>0x12f8d</value>
         <object_component_ref idref="oc-175"/>
      </symbol>
      <symbol id="sm-1976">
         <name>__TI_zero_init</name>
         <value>0x1342b</value>
         <object_component_ref idref="oc-4c"/>
      </symbol>
      <symbol id="sm-198d">
         <name>__TI_decompress_none</name>
         <value>0x1340f</value>
         <object_component_ref idref="oc-1d"/>
      </symbol>
      <symbol id="sm-19b0">
         <name>__TI_decompress_lzss</name>
         <value>0x129d5</value>
         <object_component_ref idref="oc-17"/>
      </symbol>
      <symbol id="sm-19d6">
         <name>C$$EXIT</name>
         <value>0x13455</value>
         <object_component_ref idref="oc-250"/>
      </symbol>
      <symbol id="sm-19d7">
         <name>abort</name>
         <value>0x13455</value>
         <object_component_ref idref="oc-250"/>
      </symbol>
      <symbol id="sm-19d8">
         <name>__TI_dtors_ptr</name>
         <value>0x2000758c</value>
         <object_component_ref idref="oc-520"/>
      </symbol>
      <symbol id="sm-19d9">
         <name>__TI_cleanup_ptr</name>
         <value>0x20007588</value>
         <object_component_ref idref="oc-520"/>
      </symbol>
      <symbol id="sm-19da">
         <name>__TI_enable_exit_profile_output</name>
         <value>0x20007590</value>
         <object_component_ref idref="oc-520"/>
      </symbol>
      <symbol id="sm-19db">
         <name>exit</name>
         <value>0x12ded</value>
         <object_component_ref idref="oc-256"/>
      </symbol>
      <symbol id="sm-19f0">
         <name>_nop</name>
         <value>0xa03f</value>
         <object_component_ref idref="oc-729"/>
      </symbol>
      <symbol id="sm-19f1">
         <name>_lock</name>
         <value>0x200075b8</value>
         <object_component_ref idref="oc-523"/>
      </symbol>
      <symbol id="sm-19f2">
         <name>_unlock</name>
         <value>0x200075bc</value>
         <object_component_ref idref="oc-523"/>
      </symbol>
      <symbol id="sm-1a07">
         <name>__TI_tmpnams</name>
         <value>0x20006c90</value>
      </symbol>
      <symbol id="sm-1a08">
         <name>__aeabi_stdout</name>
         <value>0x20007580</value>
         <object_component_ref idref="oc-5f9"/>
      </symbol>
      <symbol id="sm-1a09">
         <name>__aeabi_stderr</name>
         <value>0x20007584</value>
         <object_component_ref idref="oc-5f9"/>
      </symbol>
      <symbol id="sm-1a0a">
         <name>__aeabi_stdin</name>
         <value>0x2000757c</value>
         <object_component_ref idref="oc-5f9"/>
      </symbol>
      <symbol id="sm-1a0b">
         <name>_ftable</name>
         <value>0x20007300</value>
         <object_component_ref idref="oc-3bf"/>
      </symbol>
      <symbol id="sm-1a0c">
         <name>__TI_ft_end</name>
         <value>0x20007578</value>
         <object_component_ref idref="oc-5f9"/>
      </symbol>
      <symbol id="sm-1a91">
         <name>_sys_memory</name>
         <value>0x20006f00</value>
         <object_component_ref idref="oc-29"/>
      </symbol>
      <symbol id="sm-1a92">
         <name>free</name>
         <value>0x11c01</value>
         <object_component_ref idref="oc-605"/>
      </symbol>
      <symbol id="sm-1a93">
         <name>memalign</name>
         <value>0x1190d</value>
         <object_component_ref idref="oc-7c6"/>
      </symbol>
      <symbol id="sm-1a94">
         <name>malloc</name>
         <value>0x13449</value>
         <object_component_ref idref="oc-60b"/>
      </symbol>
      <symbol id="sm-1a95">
         <name>aligned_alloc</name>
         <value>0x1190d</value>
         <object_component_ref idref="oc-7c6"/>
      </symbol>
      <symbol id="sm-1aa3">
         <name>strlen</name>
         <value>0x133e9</value>
         <object_component_ref idref="oc-ec"/>
      </symbol>
      <symbol id="sm-1ab3">
         <name>strncmp</name>
         <value>0x13257</value>
         <object_component_ref idref="oc-696"/>
      </symbol>
      <symbol id="sm-1ac3">
         <name>strncpy</name>
         <value>0x130c1</value>
         <object_component_ref idref="oc-1c9"/>
      </symbol>
      <symbol id="sm-1ad6">
         <name>__stack</name>
         <value>0x2000fe00</value>
         <object_component_ref idref="oc-2c"/>
      </symbol>
      <symbol id="sm-1ad7">
         <name>_c_int00_noargs</name>
         <value>0x13161</value>
         <object_component_ref idref="oc-58"/>
      </symbol>
      <symbol id="sm-1af9">
         <name>open</name>
         <value>0x11e99</value>
         <object_component_ref idref="oc-794"/>
      </symbol>
      <symbol id="sm-1b19">
         <name>add_device</name>
         <value>0x11f55</value>
         <object_component_ref idref="oc-3a7"/>
      </symbol>
      <symbol id="sm-1c7e">
         <name>__TI_printfi</name>
         <value>0x95f1</value>
         <object_component_ref idref="oc-444"/>
      </symbol>
      <symbol id="sm-1c93">
         <name>__TI_closefile</name>
         <value>0x12739</value>
         <object_component_ref idref="oc-5fe"/>
      </symbol>
      <symbol id="sm-1ca3">
         <name>__TI_doflush</name>
         <value>0x12d09</value>
         <object_component_ref idref="oc-7a4"/>
      </symbol>
      <symbol id="sm-1cc1">
         <name>finddevice</name>
         <value>0x131f9</value>
         <object_component_ref idref="oc-5e6"/>
      </symbol>
      <symbol id="sm-1cc2">
         <name>getdevice</name>
         <value>0x12f49</value>
         <object_component_ref idref="oc-8bd"/>
      </symbol>
      <symbol id="sm-1ccc">
         <name>__aeabi_idiv0</name>
         <value>0x1089f</value>
         <object_component_ref idref="oc-40a"/>
      </symbol>
      <symbol id="sm-1ccd">
         <name>__aeabi_ldiv0</name>
         <value>0x1089f</value>
         <object_component_ref idref="oc-40a"/>
      </symbol>
      <symbol id="sm-1ce4">
         <name>__aeabi_dsub</name>
         <value>0x106e9</value>
         <object_component_ref idref="oc-806"/>
      </symbol>
      <symbol id="sm-1ce5">
         <name>__aeabi_dadd</name>
         <value>0x106f3</value>
         <object_component_ref idref="oc-806"/>
      </symbol>
      <symbol id="sm-1d07">
         <name>__aeabi_cdcmpeq</name>
         <value>0x1252f</value>
         <object_component_ref idref="oc-657"/>
      </symbol>
      <symbol id="sm-1d08">
         <name>__aeabi_cdcmple</name>
         <value>0x1252f</value>
         <object_component_ref idref="oc-657"/>
      </symbol>
      <symbol id="sm-1d09">
         <name>__aeabi_cdrcmple</name>
         <value>0x125b5</value>
         <object_component_ref idref="oc-7f1"/>
      </symbol>
      <symbol id="sm-1d1d">
         <name>__aeabi_ddiv</name>
         <value>0x11251</value>
         <object_component_ref idref="oc-7ec"/>
      </symbol>
      <symbol id="sm-1d28">
         <name>__aeabi_dmul</name>
         <value>0x11a0d</value>
         <object_component_ref idref="oc-7e7"/>
      </symbol>
      <symbol id="sm-1d32">
         <name>__aeabi_d2iz</name>
         <value>0x12e35</value>
         <object_component_ref idref="oc-7f6"/>
      </symbol>
      <symbol id="sm-1d3c">
         <name>__aeabi_i2d</name>
         <value>0x13229</value>
         <object_component_ref idref="oc-801"/>
      </symbol>
      <symbol id="sm-1d49">
         <name>__aeabi_uldivmod</name>
         <value>0x12499</value>
         <object_component_ref idref="oc-7e0"/>
      </symbol>
      <symbol id="sm-1d71">
         <name>__TI_auto_init_nobinit_nopinit</name>
         <value>0x12f05</value>
         <object_component_ref idref="oc-25c"/>
      </symbol>
      <symbol id="sm-1d7b">
         <name>_system_pre_init</name>
         <value>0x13451</value>
         <object_component_ref idref="oc-ca"/>
      </symbol>
      <symbol id="sm-1d8b">
         <name>__TI_ltoa</name>
         <value>0x12c63</value>
         <object_component_ref idref="oc-7fb"/>
      </symbol>
      <symbol id="sm-1da2">
         <name>atoi</name>
         <value>0x12d55</value>
         <object_component_ref idref="oc-64b"/>
      </symbol>
      <symbol id="sm-1dad">
         <name>_ctypes_</name>
         <value>0x13638</value>
         <object_component_ref idref="oc-7db"/>
      </symbol>
      <symbol id="sm-1dbd">
         <name>memccpy</name>
         <value>0x13341</value>
         <object_component_ref idref="oc-674"/>
      </symbol>
      <symbol id="sm-1dcd">
         <name>strchr</name>
         <value>0x133bf</value>
         <object_component_ref idref="oc-832"/>
      </symbol>
      <symbol id="sm-1ddc">
         <name>strcmp</name>
         <value>0x133a7</value>
         <object_component_ref idref="oc-758"/>
      </symbol>
      <symbol id="sm-1dec">
         <name>write</name>
         <value>0x132d9</value>
         <object_component_ref idref="oc-8c9"/>
      </symbol>
      <symbol id="sm-1dfd">
         <name>_stream</name>
         <value>0x20007468</value>
         <object_component_ref idref="oc-8c4"/>
      </symbol>
      <symbol id="sm-1dfe">
         <name>_device</name>
         <value>0x200073f0</value>
         <object_component_ref idref="oc-5ed"/>
      </symbol>
      <symbol id="sm-1e13">
         <name>close</name>
         <value>0x12b01</value>
         <object_component_ref idref="oc-7aa"/>
      </symbol>
      <symbol id="sm-1e29">
         <name>__aeabi_errno_addr</name>
         <value>0x13441</value>
         <object_component_ref idref="oc-680"/>
      </symbol>
      <symbol id="sm-1e2a">
         <name>errno</name>
         <value>0x200075d8</value>
         <object_component_ref idref="oc-842"/>
      </symbol>
      <symbol id="sm-1e43">
         <name>wcslen</name>
         <value>0x133fd</value>
         <object_component_ref idref="oc-67a"/>
      </symbol>
      <symbol id="sm-1e63">
         <name>frexpl</name>
         <value>0x12a3d</value>
         <object_component_ref idref="oc-826"/>
      </symbol>
      <symbol id="sm-1e64">
         <name>frexp</name>
         <value>0x12a3d</value>
         <object_component_ref idref="oc-826"/>
      </symbol>
      <symbol id="sm-1e81">
         <name>scalbn</name>
         <value>0x117fd</value>
         <object_component_ref idref="oc-82c"/>
      </symbol>
      <symbol id="sm-1e82">
         <name>scalbnl</name>
         <value>0x117fd</value>
         <object_component_ref idref="oc-82c"/>
      </symbol>
      <symbol id="sm-1e83">
         <name>ldexpl</name>
         <value>0x117fd</value>
         <object_component_ref idref="oc-82c"/>
      </symbol>
      <symbol id="sm-1e84">
         <name>ldexp</name>
         <value>0x117fd</value>
         <object_component_ref idref="oc-82c"/>
      </symbol>
      <symbol id="sm-1e94">
         <name>unlink</name>
         <value>0x13285</value>
         <object_component_ref idref="oc-7b0"/>
      </symbol>
      <symbol id="sm-1ea5">
         <name>HOSTclose</name>
         <value>0x12e7d</value>
         <object_component_ref idref="oc-766"/>
      </symbol>
      <symbol id="sm-1eb6">
         <name>HOSTlseek</name>
         <value>0x1296d</value>
         <object_component_ref idref="oc-778"/>
      </symbol>
      <symbol id="sm-1ec8">
         <name>parmbuf</name>
         <value>0x20006e40</value>
      </symbol>
      <symbol id="sm-1ec9">
         <name>HOSTopen</name>
         <value>0x12aa1</value>
         <object_component_ref idref="oc-760"/>
      </symbol>
      <symbol id="sm-1eda">
         <name>HOSTread</name>
         <value>0x12b5d</value>
         <object_component_ref idref="oc-76c"/>
      </symbol>
      <symbol id="sm-1eeb">
         <name>HOSTrename</name>
         <value>0x12901</value>
         <object_component_ref idref="oc-784"/>
      </symbol>
      <symbol id="sm-1efc">
         <name>HOSTunlink</name>
         <value>0x12ec1</value>
         <object_component_ref idref="oc-77e"/>
      </symbol>
      <symbol id="sm-1f0d">
         <name>HOSTwrite</name>
         <value>0x12bb5</value>
         <object_component_ref idref="oc-772"/>
      </symbol>
      <symbol id="sm-1f31">
         <name>__TI_readmsg</name>
         <value>0x1312d</value>
         <object_component_ref idref="oc-89a"/>
      </symbol>
      <symbol id="sm-1f32">
         <name>C$$IO$$</name>
         <value>0x130b7</value>
         <object_component_ref idref="oc-894"/>
      </symbol>
      <symbol id="sm-1f33">
         <name>__CIOBUF_</name>
         <value>0x20006b70</value>
         <object_component_ref idref="oc-91c"/>
      </symbol>
      <symbol id="sm-1f34">
         <name>__TI_writemsg</name>
         <value>0x13089</value>
         <object_component_ref idref="oc-894"/>
      </symbol>
      <symbol id="sm-1f3e">
         <name>copysign</name>
         <value>0x1335d</value>
         <object_component_ref idref="oc-8fc"/>
      </symbol>
      <symbol id="sm-1f3f">
         <name>copysignl</name>
         <value>0x1335d</value>
         <object_component_ref idref="oc-8fc"/>
      </symbol>
      <symbol id="sm-1f4d">
         <name>strcpy</name>
         <value>0x133d5</value>
         <object_component_ref idref="oc-8ae"/>
      </symbol>
      <symbol id="sm-1f4e">
         <name>__TI_static_base__</name>
         <value>0x0</value>
      </symbol>
      <symbol id="sm-1f51">
         <name>__mpu_init</name>
         <value>0x0</value>
      </symbol>
      <symbol id="sm-1f52">
         <name>_system_post_cinit</name>
         <value>0x0</value>
      </symbol>
      <symbol id="sm-1f53">
         <name>NMI_Handler</name>
         <value>0x13429</value>
      </symbol>
      <symbol id="sm-1f54">
         <name>HardFault_Handler</name>
         <value>0x13429</value>
      </symbol>
      <symbol id="sm-1f55">
         <name>MemManage_Handler</name>
         <value>0x13429</value>
      </symbol>
      <symbol id="sm-1f56">
         <name>BusFault_Handler</name>
         <value>0x13429</value>
      </symbol>
      <symbol id="sm-1f57">
         <name>UsageFault_Handler</name>
         <value>0x13429</value>
      </symbol>
      <symbol id="sm-1f58">
         <name>SVC_Handler</name>
         <value>0x13429</value>
      </symbol>
      <symbol id="sm-1f59">
         <name>DebugMon_Handler</name>
         <value>0x13429</value>
      </symbol>
      <symbol id="sm-1f5a">
         <name>PendSV_Handler</name>
         <value>0x13429</value>
      </symbol>
      <symbol id="sm-1f5b">
         <name>SysTick_Handler</name>
         <value>0xea4d</value>
      </symbol>
      <symbol id="sm-1f5c">
         <name>PSS_IRQHandler</name>
         <value>0x13429</value>
      </symbol>
      <symbol id="sm-1f5d">
         <name>CS_IRQHandler</name>
         <value>0x13429</value>
      </symbol>
      <symbol id="sm-1f5e">
         <name>PCM_IRQHandler</name>
         <value>0x13429</value>
      </symbol>
      <symbol id="sm-1f5f">
         <name>WDT_A_IRQHandler</name>
         <value>0x13429</value>
      </symbol>
      <symbol id="sm-1f60">
         <name>FPU_IRQHandler</name>
         <value>0x13429</value>
      </symbol>
      <symbol id="sm-1f61">
         <name>FLCTL_IRQHandler</name>
         <value>0x13429</value>
      </symbol>
      <symbol id="sm-1f62">
         <name>COMP_E0_IRQHandler</name>
         <value>0x13429</value>
      </symbol>
      <symbol id="sm-1f63">
         <name>COMP_E1_IRQHandler</name>
         <value>0x13429</value>
      </symbol>
      <symbol id="sm-1f64">
         <name>TA0_0_IRQHandler</name>
         <value>0x1213b</value>
      </symbol>
      <symbol id="sm-1f65">
         <name>TA0_N_IRQHandler</name>
         <value>0x13429</value>
      </symbol>
      <symbol id="sm-1f66">
         <name>TA1_0_IRQHandler</name>
         <value>0x121df</value>
      </symbol>
      <symbol id="sm-1f67">
         <name>TA1_N_IRQHandler</name>
         <value>0x13429</value>
      </symbol>
      <symbol id="sm-1f68">
         <name>TA2_0_IRQHandler</name>
         <value>0x12287</value>
      </symbol>
      <symbol id="sm-1f69">
         <name>TA2_N_IRQHandler</name>
         <value>0x13429</value>
      </symbol>
      <symbol id="sm-1f6a">
         <name>TA3_0_IRQHandler</name>
         <value>0x103d1</value>
      </symbol>
      <symbol id="sm-1f6b">
         <name>TA3_N_IRQHandler</name>
         <value>0x103eb</value>
      </symbol>
      <symbol id="sm-1f6c">
         <name>EUSCIA0_IRQHandler</name>
         <value>0x10d35</value>
      </symbol>
      <symbol id="sm-1f6d">
         <name>EUSCIA1_IRQHandler</name>
         <value>0x13429</value>
      </symbol>
      <symbol id="sm-1f6e">
         <name>EUSCIA2_IRQHandler</name>
         <value>0x13429</value>
      </symbol>
      <symbol id="sm-1f6f">
         <name>EUSCIA3_IRQHandler</name>
         <value>0x13429</value>
      </symbol>
      <symbol id="sm-1f70">
         <name>EUSCIB0_IRQHandler</name>
         <value>0x13429</value>
      </symbol>
      <symbol id="sm-1f71">
         <name>EUSCIB1_IRQHandler</name>
         <value>0x13429</value>
      </symbol>
      <symbol id="sm-1f72">
         <name>EUSCIB2_IRQHandler</name>
         <value>0x13429</value>
      </symbol>
      <symbol id="sm-1f73">
         <name>EUSCIB3_IRQHandler</name>
         <value>0x13429</value>
      </symbol>
      <symbol id="sm-1f74">
         <name>ADC14_IRQHandler</name>
         <value>0x13429</value>
      </symbol>
      <symbol id="sm-1f75">
         <name>T32_INT1_IRQHandler</name>
         <value>0x13429</value>
      </symbol>
      <symbol id="sm-1f76">
         <name>T32_INT2_IRQHandler</name>
         <value>0x13429</value>
      </symbol>
      <symbol id="sm-1f77">
         <name>T32_INTC_IRQHandler</name>
         <value>0x13429</value>
      </symbol>
      <symbol id="sm-1f78">
         <name>AES256_IRQHandler</name>
         <value>0x13429</value>
      </symbol>
      <symbol id="sm-1f79">
         <name>RTC_C_IRQHandler</name>
         <value>0x13429</value>
      </symbol>
      <symbol id="sm-1f7a">
         <name>DMA_ERR_IRQHandler</name>
         <value>0x13429</value>
      </symbol>
      <symbol id="sm-1f7b">
         <name>DMA_INT3_IRQHandler</name>
         <value>0x13429</value>
      </symbol>
      <symbol id="sm-1f7c">
         <name>DMA_INT2_IRQHandler</name>
         <value>0x13429</value>
      </symbol>
      <symbol id="sm-1f7d">
         <name>DMA_INT1_IRQHandler</name>
         <value>0x13429</value>
      </symbol>
      <symbol id="sm-1f7e">
         <name>DMA_INT0_IRQHandler</name>
         <value>0x13429</value>
      </symbol>
      <symbol id="sm-1f7f">
         <name>PORT1_IRQHandler</name>
         <value>0x3691</value>
      </symbol>
      <symbol id="sm-1f80">
         <name>PORT2_IRQHandler</name>
         <value>0xf0a5</value>
      </symbol>
      <symbol id="sm-1f81">
         <name>PORT3_IRQHandler</name>
         <value>0x13429</value>
      </symbol>
      <symbol id="sm-1f82">
         <name>PORT4_IRQHandler</name>
         <value>0x13429</value>
      </symbol>
      <symbol id="sm-1f83">
         <name>PORT5_IRQHandler</name>
         <value>0x13429</value>
      </symbol>
      <symbol id="sm-1f84">
         <name>PORT6_IRQHandler</name>
         <value>0xd0f9</value>
      </symbol>
      <symbol id="sm-1f85">
         <name>remove</name>
         <value>0x13285</value>
      </symbol>
   </symbol_table>
   <title>Link successful</title>
</link_info>
