<?xml version="1.0" encoding="ISO-8859-1" ?>
<link_info>
   <banner>TI ARM Linker PC v20.2.7.LTS</banner>
   <copyright>Copyright (c) 1996-2018 Texas Instruments Incorporated</copyright>
   <link_time>0x66293f84</link_time>
   <link_errors>0x0</link_errors>
   <output_file>CC3100BOOST_MQTT-TwitterLED_MSP432P401R.out</output_file>
   <entry_point>
      <name>_c_int00_noargs</name>
      <address>0x13739</address>
   </entry_point>
   <input_file_list>
      <input_file id="fl-2">
         <path>.\</path>
         <kind>object</kind>
         <file>Bump.obj</file>
         <name>Bump.obj</name>
      </input_file>
      <input_file id="fl-3">
         <path>.\</path>
         <kind>object</kind>
         <file>Clock.obj</file>
         <name>Clock.obj</name>
      </input_file>
      <input_file id="fl-4">
         <path>.\</path>
         <kind>object</kind>
         <file>CortexM.obj</file>
         <name>CortexM.obj</name>
      </input_file>
      <input_file id="fl-5">
         <path>.\</path>
         <kind>object</kind>
         <file>FFT.obj</file>
         <name>FFT.obj</name>
      </input_file>
      <input_file id="fl-6">
         <path>.\</path>
         <kind>object</kind>
         <file>I2CB1.obj</file>
         <name>I2CB1.obj</name>
      </input_file>
      <input_file id="fl-7">
         <path>.\</path>
         <kind>object</kind>
         <file>LPF.obj</file>
         <name>LPF.obj</name>
      </input_file>
      <input_file id="fl-8">
         <path>.\</path>
         <kind>object</kind>
         <file>LaunchPad.obj</file>
         <name>LaunchPad.obj</name>
      </input_file>
      <input_file id="fl-9">
         <path>.\</path>
         <kind>object</kind>
         <file>Motor.obj</file>
         <name>Motor.obj</name>
      </input_file>
      <input_file id="fl-a">
         <path>.\</path>
         <kind>object</kind>
         <file>MotorSimple.obj</file>
         <name>MotorSimple.obj</name>
      </input_file>
      <input_file id="fl-b">
         <path>.\</path>
         <kind>object</kind>
         <file>PWM.obj</file>
         <name>PWM.obj</name>
      </input_file>
      <input_file id="fl-c">
         <path>.\</path>
         <kind>object</kind>
         <file>Reflectance.obj</file>
         <name>Reflectance.obj</name>
      </input_file>
      <input_file id="fl-d">
         <path>.\</path>
         <kind>object</kind>
         <file>SSD1306.obj</file>
         <name>SSD1306.obj</name>
      </input_file>
      <input_file id="fl-e">
         <path>.\</path>
         <kind>object</kind>
         <file>TA3InputCapture.obj</file>
         <name>TA3InputCapture.obj</name>
      </input_file>
      <input_file id="fl-f">
         <path>.\</path>
         <kind>object</kind>
         <file>Tachometer.obj</file>
         <name>Tachometer.obj</name>
      </input_file>
      <input_file id="fl-10">
         <path>.\</path>
         <kind>object</kind>
         <file>TimerA0.obj</file>
         <name>TimerA0.obj</name>
      </input_file>
      <input_file id="fl-11">
         <path>.\</path>
         <kind>object</kind>
         <file>TimerA1.obj</file>
         <name>TimerA1.obj</name>
      </input_file>
      <input_file id="fl-12">
         <path>.\</path>
         <kind>object</kind>
         <file>TimerA2.obj</file>
         <name>TimerA2.obj</name>
      </input_file>
      <input_file id="fl-13">
         <path>.\</path>
         <kind>object</kind>
         <file>UART0.obj</file>
         <name>UART0.obj</name>
      </input_file>
      <input_file id="fl-14">
         <path>.\</path>
         <kind>object</kind>
         <file>main.obj</file>
         <name>main.obj</name>
      </input_file>
      <input_file id="fl-15">
         <path>.\</path>
         <kind>object</kind>
         <file>opt3101.obj</file>
         <name>opt3101.obj</name>
      </input_file>
      <input_file id="fl-16">
         <path>.\</path>
         <kind>object</kind>
         <file>startup_msp432p401r_ccs.obj</file>
         <name>startup_msp432p401r_ccs.obj</name>
      </input_file>
      <input_file id="fl-17">
         <path>.\</path>
         <kind>object</kind>
         <file>system_msp432p401r.obj</file>
         <name>system_msp432p401r.obj</name>
      </input_file>
      <input_file id="fl-18">
         <path>.\board\</path>
         <kind>object</kind>
         <file>board.obj</file>
         <name>board.obj</name>
      </input_file>
      <input_file id="fl-19">
         <path>.\cli_uart\</path>
         <kind>object</kind>
         <file>cli_uart.obj</file>
         <name>cli_uart.obj</name>
      </input_file>
      <input_file id="fl-1a">
         <path>.\driverlib\MSP432P4xx\</path>
         <kind>object</kind>
         <file>adc14.obj</file>
         <name>adc14.obj</name>
      </input_file>
      <input_file id="fl-1b">
         <path>.\driverlib\MSP432P4xx\</path>
         <kind>object</kind>
         <file>aes256.obj</file>
         <name>aes256.obj</name>
      </input_file>
      <input_file id="fl-1c">
         <path>.\driverlib\MSP432P4xx\</path>
         <kind>object</kind>
         <file>comp_e.obj</file>
         <name>comp_e.obj</name>
      </input_file>
      <input_file id="fl-1d">
         <path>.\driverlib\MSP432P4xx\</path>
         <kind>object</kind>
         <file>cpu.obj</file>
         <name>cpu.obj</name>
      </input_file>
      <input_file id="fl-1e">
         <path>.\driverlib\MSP432P4xx\</path>
         <kind>object</kind>
         <file>crc32.obj</file>
         <name>crc32.obj</name>
      </input_file>
      <input_file id="fl-1f">
         <path>.\driverlib\MSP432P4xx\</path>
         <kind>object</kind>
         <file>cs.obj</file>
         <name>cs.obj</name>
      </input_file>
      <input_file id="fl-20">
         <path>.\driverlib\MSP432P4xx\</path>
         <kind>object</kind>
         <file>dma.obj</file>
         <name>dma.obj</name>
      </input_file>
      <input_file id="fl-21">
         <path>.\driverlib\MSP432P4xx\</path>
         <kind>object</kind>
         <file>flash.obj</file>
         <name>flash.obj</name>
      </input_file>
      <input_file id="fl-22">
         <path>.\driverlib\MSP432P4xx\</path>
         <kind>object</kind>
         <file>fpu.obj</file>
         <name>fpu.obj</name>
      </input_file>
      <input_file id="fl-23">
         <path>.\driverlib\MSP432P4xx\</path>
         <kind>object</kind>
         <file>gpio.obj</file>
         <name>gpio.obj</name>
      </input_file>
      <input_file id="fl-24">
         <path>.\driverlib\MSP432P4xx\</path>
         <kind>object</kind>
         <file>i2c.obj</file>
         <name>i2c.obj</name>
      </input_file>
      <input_file id="fl-25">
         <path>.\driverlib\MSP432P4xx\</path>
         <kind>object</kind>
         <file>interrupt.obj</file>
         <name>interrupt.obj</name>
      </input_file>
      <input_file id="fl-26">
         <path>.\driverlib\MSP432P4xx\</path>
         <kind>object</kind>
         <file>mpu.obj</file>
         <name>mpu.obj</name>
      </input_file>
      <input_file id="fl-27">
         <path>.\driverlib\MSP432P4xx\</path>
         <kind>object</kind>
         <file>pcm.obj</file>
         <name>pcm.obj</name>
      </input_file>
      <input_file id="fl-28">
         <path>.\driverlib\MSP432P4xx\</path>
         <kind>object</kind>
         <file>pmap.obj</file>
         <name>pmap.obj</name>
      </input_file>
      <input_file id="fl-29">
         <path>.\driverlib\MSP432P4xx\</path>
         <kind>object</kind>
         <file>pss.obj</file>
         <name>pss.obj</name>
      </input_file>
      <input_file id="fl-2a">
         <path>.\driverlib\MSP432P4xx\</path>
         <kind>object</kind>
         <file>ref_a.obj</file>
         <name>ref_a.obj</name>
      </input_file>
      <input_file id="fl-2b">
         <path>.\driverlib\MSP432P4xx\</path>
         <kind>object</kind>
         <file>reset.obj</file>
         <name>reset.obj</name>
      </input_file>
      <input_file id="fl-2c">
         <path>.\driverlib\MSP432P4xx\</path>
         <kind>object</kind>
         <file>rtc_c.obj</file>
         <name>rtc_c.obj</name>
      </input_file>
      <input_file id="fl-2d">
         <path>.\driverlib\MSP432P4xx\</path>
         <kind>object</kind>
         <file>spi.obj</file>
         <name>spi.obj</name>
      </input_file>
      <input_file id="fl-2e">
         <path>.\driverlib\MSP432P4xx\</path>
         <kind>object</kind>
         <file>sysctl.obj</file>
         <name>sysctl.obj</name>
      </input_file>
      <input_file id="fl-2f">
         <path>.\driverlib\MSP432P4xx\</path>
         <kind>object</kind>
         <file>systick.obj</file>
         <name>systick.obj</name>
      </input_file>
      <input_file id="fl-30">
         <path>.\driverlib\MSP432P4xx\</path>
         <kind>object</kind>
         <file>timer32.obj</file>
         <name>timer32.obj</name>
      </input_file>
      <input_file id="fl-31">
         <path>.\driverlib\MSP432P4xx\</path>
         <kind>object</kind>
         <file>timer_a.obj</file>
         <name>timer_a.obj</name>
      </input_file>
      <input_file id="fl-32">
         <path>.\driverlib\MSP432P4xx\</path>
         <kind>object</kind>
         <file>uart.obj</file>
         <name>uart.obj</name>
      </input_file>
      <input_file id="fl-33">
         <path>.\driverlib\MSP432P4xx\</path>
         <kind>object</kind>
         <file>wdt_a.obj</file>
         <name>wdt_a.obj</name>
      </input_file>
      <input_file id="fl-34">
         <path>.\mqtt\</path>
         <kind>object</kind>
         <file>MQTTCC3100.obj</file>
         <name>MQTTCC3100.obj</name>
      </input_file>
      <input_file id="fl-35">
         <path>.\mqtt\</path>
         <kind>object</kind>
         <file>MQTTClient.obj</file>
         <name>MQTTClient.obj</name>
      </input_file>
      <input_file id="fl-36">
         <path>.\mqtt\</path>
         <kind>object</kind>
         <file>MQTTConnectClient.obj</file>
         <name>MQTTConnectClient.obj</name>
      </input_file>
      <input_file id="fl-37">
         <path>.\mqtt\</path>
         <kind>object</kind>
         <file>MQTTConnectServer.obj</file>
         <name>MQTTConnectServer.obj</name>
      </input_file>
      <input_file id="fl-38">
         <path>.\mqtt\</path>
         <kind>object</kind>
         <file>MQTTDeserializePublish.obj</file>
         <name>MQTTDeserializePublish.obj</name>
      </input_file>
      <input_file id="fl-39">
         <path>.\mqtt\</path>
         <kind>object</kind>
         <file>MQTTFormat.obj</file>
         <name>MQTTFormat.obj</name>
      </input_file>
      <input_file id="fl-3a">
         <path>.\mqtt\</path>
         <kind>object</kind>
         <file>MQTTPacket.obj</file>
         <name>MQTTPacket.obj</name>
      </input_file>
      <input_file id="fl-3b">
         <path>.\mqtt\</path>
         <kind>object</kind>
         <file>MQTTSerializePublish.obj</file>
         <name>MQTTSerializePublish.obj</name>
      </input_file>
      <input_file id="fl-3c">
         <path>.\mqtt\</path>
         <kind>object</kind>
         <file>MQTTSubscribeClient.obj</file>
         <name>MQTTSubscribeClient.obj</name>
      </input_file>
      <input_file id="fl-3d">
         <path>.\mqtt\</path>
         <kind>object</kind>
         <file>MQTTSubscribeServer.obj</file>
         <name>MQTTSubscribeServer.obj</name>
      </input_file>
      <input_file id="fl-3e">
         <path>.\mqtt\</path>
         <kind>object</kind>
         <file>MQTTUnsubscribeClient.obj</file>
         <name>MQTTUnsubscribeClient.obj</name>
      </input_file>
      <input_file id="fl-3f">
         <path>.\mqtt\</path>
         <kind>object</kind>
         <file>MQTTUnsubscribeServer.obj</file>
         <name>MQTTUnsubscribeServer.obj</name>
      </input_file>
      <input_file id="fl-40">
         <path>.\simplelink\source\</path>
         <kind>object</kind>
         <file>device.obj</file>
         <name>device.obj</name>
      </input_file>
      <input_file id="fl-41">
         <path>.\simplelink\source\</path>
         <kind>object</kind>
         <file>driver.obj</file>
         <name>driver.obj</name>
      </input_file>
      <input_file id="fl-42">
         <path>.\simplelink\source\</path>
         <kind>object</kind>
         <file>flowcont.obj</file>
         <name>flowcont.obj</name>
      </input_file>
      <input_file id="fl-43">
         <path>.\simplelink\source\</path>
         <kind>object</kind>
         <file>fs.obj</file>
         <name>fs.obj</name>
      </input_file>
      <input_file id="fl-44">
         <path>.\simplelink\source\</path>
         <kind>object</kind>
         <file>netapp.obj</file>
         <name>netapp.obj</name>
      </input_file>
      <input_file id="fl-45">
         <path>.\simplelink\source\</path>
         <kind>object</kind>
         <file>netcfg.obj</file>
         <name>netcfg.obj</name>
      </input_file>
      <input_file id="fl-46">
         <path>.\simplelink\source\</path>
         <kind>object</kind>
         <file>nonos.obj</file>
         <name>nonos.obj</name>
      </input_file>
      <input_file id="fl-47">
         <path>.\simplelink\source\</path>
         <kind>object</kind>
         <file>socket.obj</file>
         <name>socket.obj</name>
      </input_file>
      <input_file id="fl-48">
         <path>.\simplelink\source\</path>
         <kind>object</kind>
         <file>spawn.obj</file>
         <name>spawn.obj</name>
      </input_file>
      <input_file id="fl-49">
         <path>.\simplelink\source\</path>
         <kind>object</kind>
         <file>wlan.obj</file>
         <name>wlan.obj</name>
      </input_file>
      <input_file id="fl-4a">
         <path>.\spi_cc3100\</path>
         <kind>object</kind>
         <file>spi_cc3100.obj</file>
         <name>spi_cc3100.obj</name>
      </input_file>
      <input_file id="fl-4b">
         <path>.\uart_cc3100\</path>
         <kind>object</kind>
         <file>uart_cc3100.obj</file>
         <name>uart_cc3100.obj</name>
      </input_file>
      <input_file id="fl-4f">
         <kind>object</kind>
         <file>&lt;internal&gt;</file>
         <name>&lt;internal&gt;</name>
      </input_file>
      <input_file id="fl-105">
         <path>C:\ti\ccs1260\ccs\tools\compiler\ti-cgt-arm_20.2.7.LTS\lib\</path>
         <kind>archive</kind>
         <file>rtsv7M4_T_le_v4SPD16_eabi.lib</file>
         <name>snprintf.c.obj</name>
      </input_file>
      <input_file id="fl-106">
         <path>C:\ti\ccs1260\ccs\tools\compiler\ti-cgt-arm_20.2.7.LTS\lib\</path>
         <kind>archive</kind>
         <file>rtsv7M4_T_le_v4SPD16_eabi.lib</file>
         <name>sprintf.c.obj</name>
      </input_file>
      <input_file id="fl-107">
         <path>C:\ti\ccs1260\ccs\tools\compiler\ti-cgt-arm_20.2.7.LTS\lib\</path>
         <kind>archive</kind>
         <file>rtsv7M4_T_le_v4SPD16_eabi.lib</file>
         <name>fopen.c.obj</name>
      </input_file>
      <input_file id="fl-108">
         <path>C:\ti\ccs1260\ccs\tools\compiler\ti-cgt-arm_20.2.7.LTS\lib\</path>
         <kind>archive</kind>
         <file>rtsv7M4_T_le_v4SPD16_eabi.lib</file>
         <name>setvbuf.c.obj</name>
      </input_file>
      <input_file id="fl-109">
         <path>C:\ti\ccs1260\ccs\tools\compiler\ti-cgt-arm_20.2.7.LTS\lib\</path>
         <kind>archive</kind>
         <file>rtsv7M4_T_le_v4SPD16_eabi.lib</file>
         <name>memcpy_t2.asm.obj</name>
      </input_file>
      <input_file id="fl-10a">
         <path>C:\ti\ccs1260\ccs\tools\compiler\ti-cgt-arm_20.2.7.LTS\lib\</path>
         <kind>archive</kind>
         <file>rtsv7M4_T_le_v4SPD16_eabi.lib</file>
         <name>memset_t2.asm.obj</name>
      </input_file>
      <input_file id="fl-10b">
         <path>C:\ti\ccs1260\ccs\tools\compiler\ti-cgt-arm_20.2.7.LTS\lib\</path>
         <kind>archive</kind>
         <file>rtsv7M4_T_le_v4SPD16_eabi.lib</file>
         <name>u_divt2.asm.obj</name>
      </input_file>
      <input_file id="fl-10c">
         <path>C:\ti\ccs1260\ccs\tools\compiler\ti-cgt-arm_20.2.7.LTS\lib\</path>
         <kind>archive</kind>
         <file>rtsv7M4_T_le_v4SPD16_eabi.lib</file>
         <name>copy_zero_init.c.obj</name>
      </input_file>
      <input_file id="fl-10d">
         <path>C:\ti\ccs1260\ccs\tools\compiler\ti-cgt-arm_20.2.7.LTS\lib\</path>
         <kind>archive</kind>
         <file>rtsv7M4_T_le_v4SPD16_eabi.lib</file>
         <name>copy_decompress_none.c.obj</name>
      </input_file>
      <input_file id="fl-10e">
         <path>C:\ti\ccs1260\ccs\tools\compiler\ti-cgt-arm_20.2.7.LTS\lib\</path>
         <kind>archive</kind>
         <file>rtsv7M4_T_le_v4SPD16_eabi.lib</file>
         <name>copy_decompress_lzss.c.obj</name>
      </input_file>
      <input_file id="fl-10f">
         <path>C:\ti\ccs1260\ccs\tools\compiler\ti-cgt-arm_20.2.7.LTS\lib\</path>
         <kind>archive</kind>
         <file>rtsv7M4_T_le_v4SPD16_eabi.lib</file>
         <name>exit.c.obj</name>
      </input_file>
      <input_file id="fl-110">
         <path>C:\ti\ccs1260\ccs\tools\compiler\ti-cgt-arm_20.2.7.LTS\lib\</path>
         <kind>archive</kind>
         <file>rtsv7M4_T_le_v4SPD16_eabi.lib</file>
         <name>_lock.c.obj</name>
      </input_file>
      <input_file id="fl-111">
         <path>C:\ti\ccs1260\ccs\tools\compiler\ti-cgt-arm_20.2.7.LTS\lib\</path>
         <kind>archive</kind>
         <file>rtsv7M4_T_le_v4SPD16_eabi.lib</file>
         <name>defs.c.obj</name>
      </input_file>
      <input_file id="fl-112">
         <path>C:\ti\ccs1260\ccs\tools\compiler\ti-cgt-arm_20.2.7.LTS\lib\</path>
         <kind>archive</kind>
         <file>rtsv7M4_T_le_v4SPD16_eabi.lib</file>
         <name>memcmp.c.obj</name>
      </input_file>
      <input_file id="fl-113">
         <path>C:\ti\ccs1260\ccs\tools\compiler\ti-cgt-arm_20.2.7.LTS\lib\</path>
         <kind>archive</kind>
         <file>rtsv7M4_T_le_v4SPD16_eabi.lib</file>
         <name>memory.c.obj</name>
      </input_file>
      <input_file id="fl-114">
         <path>C:\ti\ccs1260\ccs\tools\compiler\ti-cgt-arm_20.2.7.LTS\lib\</path>
         <kind>archive</kind>
         <file>rtsv7M4_T_le_v4SPD16_eabi.lib</file>
         <name>strlen.c.obj</name>
      </input_file>
      <input_file id="fl-115">
         <path>C:\ti\ccs1260\ccs\tools\compiler\ti-cgt-arm_20.2.7.LTS\lib\</path>
         <kind>archive</kind>
         <file>rtsv7M4_T_le_v4SPD16_eabi.lib</file>
         <name>strncmp.c.obj</name>
      </input_file>
      <input_file id="fl-116">
         <path>C:\ti\ccs1260\ccs\tools\compiler\ti-cgt-arm_20.2.7.LTS\lib\</path>
         <kind>archive</kind>
         <file>rtsv7M4_T_le_v4SPD16_eabi.lib</file>
         <name>strncpy.c.obj</name>
      </input_file>
      <input_file id="fl-117">
         <path>C:\ti\ccs1260\ccs\tools\compiler\ti-cgt-arm_20.2.7.LTS\lib\</path>
         <kind>archive</kind>
         <file>rtsv7M4_T_le_v4SPD16_eabi.lib</file>
         <name>boot_cortex_m.c.obj</name>
      </input_file>
      <input_file id="fl-118">
         <path>C:\ti\ccs1260\ccs\tools\compiler\ti-cgt-arm_20.2.7.LTS\lib\</path>
         <kind>archive</kind>
         <file>rtsv7M4_T_le_v4SPD16_eabi.lib</file>
         <name>open.c.obj</name>
      </input_file>
      <input_file id="fl-119">
         <path>C:\ti\ccs1260\ccs\tools\compiler\ti-cgt-arm_20.2.7.LTS\lib\</path>
         <kind>archive</kind>
         <file>rtsv7M4_T_le_v4SPD16_eabi.lib</file>
         <name>add_device.c.obj</name>
      </input_file>
      <input_file id="fl-11a">
         <path>C:\ti\ccs1260\ccs\tools\compiler\ti-cgt-arm_20.2.7.LTS\lib\</path>
         <kind>archive</kind>
         <file>rtsv7M4_T_le_v4SPD16_eabi.lib</file>
         <name>_printfi.c.obj</name>
      </input_file>
      <input_file id="fl-11b">
         <path>C:\ti\ccs1260\ccs\tools\compiler\ti-cgt-arm_20.2.7.LTS\lib\</path>
         <kind>archive</kind>
         <file>rtsv7M4_T_le_v4SPD16_eabi.lib</file>
         <name>fclose.c.obj</name>
      </input_file>
      <input_file id="fl-11c">
         <path>C:\ti\ccs1260\ccs\tools\compiler\ti-cgt-arm_20.2.7.LTS\lib\</path>
         <kind>archive</kind>
         <file>rtsv7M4_T_le_v4SPD16_eabi.lib</file>
         <name>fflush.c.obj</name>
      </input_file>
      <input_file id="fl-11d">
         <path>C:\ti\ccs1260\ccs\tools\compiler\ti-cgt-arm_20.2.7.LTS\lib\</path>
         <kind>archive</kind>
         <file>rtsv7M4_T_le_v4SPD16_eabi.lib</file>
         <name>getdevice.c.obj</name>
      </input_file>
      <input_file id="fl-11e">
         <path>C:\ti\ccs1260\ccs\tools\compiler\ti-cgt-arm_20.2.7.LTS\lib\</path>
         <kind>archive</kind>
         <file>rtsv7M4_T_le_v4SPD16_eabi.lib</file>
         <name>div0.asm.obj</name>
      </input_file>
      <input_file id="fl-11f">
         <path>C:\ti\ccs1260\ccs\tools\compiler\ti-cgt-arm_20.2.7.LTS\lib\</path>
         <kind>archive</kind>
         <file>rtsv7M4_T_le_v4SPD16_eabi.lib</file>
         <name>fd_add_t2.asm.obj</name>
      </input_file>
      <input_file id="fl-120">
         <path>C:\ti\ccs1260\ccs\tools\compiler\ti-cgt-arm_20.2.7.LTS\lib\</path>
         <kind>archive</kind>
         <file>rtsv7M4_T_le_v4SPD16_eabi.lib</file>
         <name>fd_cmp_t2.asm.obj</name>
      </input_file>
      <input_file id="fl-121">
         <path>C:\ti\ccs1260\ccs\tools\compiler\ti-cgt-arm_20.2.7.LTS\lib\</path>
         <kind>archive</kind>
         <file>rtsv7M4_T_le_v4SPD16_eabi.lib</file>
         <name>fd_div_t2.asm.obj</name>
      </input_file>
      <input_file id="fl-122">
         <path>C:\ti\ccs1260\ccs\tools\compiler\ti-cgt-arm_20.2.7.LTS\lib\</path>
         <kind>archive</kind>
         <file>rtsv7M4_T_le_v4SPD16_eabi.lib</file>
         <name>fd_mul_t2.asm.obj</name>
      </input_file>
      <input_file id="fl-123">
         <path>C:\ti\ccs1260\ccs\tools\compiler\ti-cgt-arm_20.2.7.LTS\lib\</path>
         <kind>archive</kind>
         <file>rtsv7M4_T_le_v4SPD16_eabi.lib</file>
         <name>fd_toi_t2.asm.obj</name>
      </input_file>
      <input_file id="fl-124">
         <path>C:\ti\ccs1260\ccs\tools\compiler\ti-cgt-arm_20.2.7.LTS\lib\</path>
         <kind>archive</kind>
         <file>rtsv7M4_T_le_v4SPD16_eabi.lib</file>
         <name>i_tofd_t2.asm.obj</name>
      </input_file>
      <input_file id="fl-125">
         <path>C:\ti\ccs1260\ccs\tools\compiler\ti-cgt-arm_20.2.7.LTS\lib\</path>
         <kind>archive</kind>
         <file>rtsv7M4_T_le_v4SPD16_eabi.lib</file>
         <name>ull_div_t2.asm.obj</name>
      </input_file>
      <input_file id="fl-126">
         <path>C:\ti\ccs1260\ccs\tools\compiler\ti-cgt-arm_20.2.7.LTS\lib\</path>
         <kind>archive</kind>
         <file>rtsv7M4_T_le_v4SPD16_eabi.lib</file>
         <name>autoinit.c.obj</name>
      </input_file>
      <input_file id="fl-127">
         <path>C:\ti\ccs1260\ccs\tools\compiler\ti-cgt-arm_20.2.7.LTS\lib\</path>
         <kind>archive</kind>
         <file>rtsv7M4_T_le_v4SPD16_eabi.lib</file>
         <name>pre_init.c.obj</name>
      </input_file>
      <input_file id="fl-128">
         <path>C:\ti\ccs1260\ccs\tools\compiler\ti-cgt-arm_20.2.7.LTS\lib\</path>
         <kind>archive</kind>
         <file>rtsv7M4_T_le_v4SPD16_eabi.lib</file>
         <name>cpy_tbl.c.obj</name>
      </input_file>
      <input_file id="fl-129">
         <path>C:\ti\ccs1260\ccs\tools\compiler\ti-cgt-arm_20.2.7.LTS\lib\</path>
         <kind>archive</kind>
         <file>rtsv7M4_T_le_v4SPD16_eabi.lib</file>
         <name>_ltoa.c.obj</name>
      </input_file>
      <input_file id="fl-12a">
         <path>C:\ti\ccs1260\ccs\tools\compiler\ti-cgt-arm_20.2.7.LTS\lib\</path>
         <kind>archive</kind>
         <file>rtsv7M4_T_le_v4SPD16_eabi.lib</file>
         <name>args_main.c.obj</name>
      </input_file>
      <input_file id="fl-12b">
         <path>C:\ti\ccs1260\ccs\tools\compiler\ti-cgt-arm_20.2.7.LTS\lib\</path>
         <kind>archive</kind>
         <file>rtsv7M4_T_le_v4SPD16_eabi.lib</file>
         <name>atoi.c.obj</name>
      </input_file>
      <input_file id="fl-12c">
         <path>C:\ti\ccs1260\ccs\tools\compiler\ti-cgt-arm_20.2.7.LTS\lib\</path>
         <kind>archive</kind>
         <file>rtsv7M4_T_le_v4SPD16_eabi.lib</file>
         <name>ctype.c.obj</name>
      </input_file>
      <input_file id="fl-12d">
         <path>C:\ti\ccs1260\ccs\tools\compiler\ti-cgt-arm_20.2.7.LTS\lib\</path>
         <kind>archive</kind>
         <file>rtsv7M4_T_le_v4SPD16_eabi.lib</file>
         <name>memccpy.c.obj</name>
      </input_file>
      <input_file id="fl-12e">
         <path>C:\ti\ccs1260\ccs\tools\compiler\ti-cgt-arm_20.2.7.LTS\lib\</path>
         <kind>archive</kind>
         <file>rtsv7M4_T_le_v4SPD16_eabi.lib</file>
         <name>strchr.c.obj</name>
      </input_file>
      <input_file id="fl-12f">
         <path>C:\ti\ccs1260\ccs\tools\compiler\ti-cgt-arm_20.2.7.LTS\lib\</path>
         <kind>archive</kind>
         <file>rtsv7M4_T_le_v4SPD16_eabi.lib</file>
         <name>strcmp.c.obj</name>
      </input_file>
      <input_file id="fl-130">
         <path>C:\ti\ccs1260\ccs\tools\compiler\ti-cgt-arm_20.2.7.LTS\lib\</path>
         <kind>archive</kind>
         <file>rtsv7M4_T_le_v4SPD16_eabi.lib</file>
         <name>write.c.obj</name>
      </input_file>
      <input_file id="fl-131">
         <path>C:\ti\ccs1260\ccs\tools\compiler\ti-cgt-arm_20.2.7.LTS\lib\</path>
         <kind>archive</kind>
         <file>rtsv7M4_T_le_v4SPD16_eabi.lib</file>
         <name>host_device.c.obj</name>
      </input_file>
      <input_file id="fl-132">
         <path>C:\ti\ccs1260\ccs\tools\compiler\ti-cgt-arm_20.2.7.LTS\lib\</path>
         <kind>archive</kind>
         <file>rtsv7M4_T_le_v4SPD16_eabi.lib</file>
         <name>remove.c.obj</name>
      </input_file>
      <input_file id="fl-133">
         <path>C:\ti\ccs1260\ccs\tools\compiler\ti-cgt-arm_20.2.7.LTS\lib\</path>
         <kind>archive</kind>
         <file>rtsv7M4_T_le_v4SPD16_eabi.lib</file>
         <name>close.c.obj</name>
      </input_file>
      <input_file id="fl-134">
         <path>C:\ti\ccs1260\ccs\tools\compiler\ti-cgt-arm_20.2.7.LTS\lib\</path>
         <kind>archive</kind>
         <file>rtsv7M4_T_le_v4SPD16_eabi.lib</file>
         <name>errno.c.obj</name>
      </input_file>
      <input_file id="fl-135">
         <path>C:\ti\ccs1260\ccs\tools\compiler\ti-cgt-arm_20.2.7.LTS\lib\</path>
         <kind>archive</kind>
         <file>rtsv7M4_T_le_v4SPD16_eabi.lib</file>
         <name>wcslen.c.obj</name>
      </input_file>
      <input_file id="fl-136">
         <path>C:\ti\ccs1260\ccs\tools\compiler\ti-cgt-arm_20.2.7.LTS\lib\</path>
         <kind>archive</kind>
         <file>rtsv7M4_T_le_v4SPD16_eabi.lib</file>
         <name>s_frexp.c.obj</name>
      </input_file>
      <input_file id="fl-137">
         <path>C:\ti\ccs1260\ccs\tools\compiler\ti-cgt-arm_20.2.7.LTS\lib\</path>
         <kind>archive</kind>
         <file>rtsv7M4_T_le_v4SPD16_eabi.lib</file>
         <name>s_scalbn.c.obj</name>
      </input_file>
      <input_file id="fl-138">
         <path>C:\ti\ccs1260\ccs\tools\compiler\ti-cgt-arm_20.2.7.LTS\lib\</path>
         <kind>archive</kind>
         <file>rtsv7M4_T_le_v4SPD16_eabi.lib</file>
         <name>unlink.c.obj</name>
      </input_file>
      <input_file id="fl-139">
         <path>C:\ti\ccs1260\ccs\tools\compiler\ti-cgt-arm_20.2.7.LTS\lib\</path>
         <kind>archive</kind>
         <file>rtsv7M4_T_le_v4SPD16_eabi.lib</file>
         <name>hostclose.c.obj</name>
      </input_file>
      <input_file id="fl-13a">
         <path>C:\ti\ccs1260\ccs\tools\compiler\ti-cgt-arm_20.2.7.LTS\lib\</path>
         <kind>archive</kind>
         <file>rtsv7M4_T_le_v4SPD16_eabi.lib</file>
         <name>hostlseek.c.obj</name>
      </input_file>
      <input_file id="fl-13b">
         <path>C:\ti\ccs1260\ccs\tools\compiler\ti-cgt-arm_20.2.7.LTS\lib\</path>
         <kind>archive</kind>
         <file>rtsv7M4_T_le_v4SPD16_eabi.lib</file>
         <name>hostopen.c.obj</name>
      </input_file>
      <input_file id="fl-13c">
         <path>C:\ti\ccs1260\ccs\tools\compiler\ti-cgt-arm_20.2.7.LTS\lib\</path>
         <kind>archive</kind>
         <file>rtsv7M4_T_le_v4SPD16_eabi.lib</file>
         <name>hostread.c.obj</name>
      </input_file>
      <input_file id="fl-13d">
         <path>C:\ti\ccs1260\ccs\tools\compiler\ti-cgt-arm_20.2.7.LTS\lib\</path>
         <kind>archive</kind>
         <file>rtsv7M4_T_le_v4SPD16_eabi.lib</file>
         <name>hostrename.c.obj</name>
      </input_file>
      <input_file id="fl-13e">
         <path>C:\ti\ccs1260\ccs\tools\compiler\ti-cgt-arm_20.2.7.LTS\lib\</path>
         <kind>archive</kind>
         <file>rtsv7M4_T_le_v4SPD16_eabi.lib</file>
         <name>hostunlink.c.obj</name>
      </input_file>
      <input_file id="fl-13f">
         <path>C:\ti\ccs1260\ccs\tools\compiler\ti-cgt-arm_20.2.7.LTS\lib\</path>
         <kind>archive</kind>
         <file>rtsv7M4_T_le_v4SPD16_eabi.lib</file>
         <name>hostwrite.c.obj</name>
      </input_file>
      <input_file id="fl-140">
         <path>C:\ti\ccs1260\ccs\tools\compiler\ti-cgt-arm_20.2.7.LTS\lib\</path>
         <kind>archive</kind>
         <file>rtsv7M4_T_le_v4SPD16_eabi.lib</file>
         <name>trgmsg.c.obj</name>
      </input_file>
      <input_file id="fl-141">
         <path>C:\ti\ccs1260\ccs\tools\compiler\ti-cgt-arm_20.2.7.LTS\lib\</path>
         <kind>archive</kind>
         <file>rtsv7M4_T_le_v4SPD16_eabi.lib</file>
         <name>s_copysign.c.obj</name>
      </input_file>
      <input_file id="fl-142">
         <path>C:\ti\ccs1260\ccs\tools\compiler\ti-cgt-arm_20.2.7.LTS\lib\</path>
         <kind>archive</kind>
         <file>rtsv7M4_T_le_v4SPD16_eabi.lib</file>
         <name>strcpy.c.obj</name>
      </input_file>
   </input_file_list>
   <object_component_list>
      <object_component id="oc-26">
         <name>.intvecs:retain</name>
         <load_address>0x0</load_address>
         <run_address>0x0</run_address>
         <size>0xe4</size>
         <input_file_ref idref="fl-16"/>
      </object_component>
      <object_component id="oc-29f">
         <name>.text</name>
         <load_address>0xe4</load_address>
         <run_address>0xe4</run_address>
         <size>0x2034</size>
         <input_file_ref idref="fl-41"/>
      </object_component>
      <object_component id="oc-94">
         <name>.text</name>
         <load_address>0x2118</load_address>
         <run_address>0x2118</run_address>
         <size>0x1d94</size>
         <input_file_ref idref="fl-14"/>
      </object_component>
      <object_component id="oc-21b">
         <name>.text</name>
         <load_address>0x3eac</load_address>
         <run_address>0x3eac</run_address>
         <size>0x1598</size>
         <input_file_ref idref="fl-21"/>
      </object_component>
      <object_component id="oc-132">
         <name>.text</name>
         <load_address>0x5444</load_address>
         <run_address>0x5444</run_address>
         <size>0x1340</size>
         <input_file_ref idref="fl-d"/>
      </object_component>
      <object_component id="oc-e3">
         <name>.text</name>
         <load_address>0x6784</load_address>
         <run_address>0x6784</run_address>
         <size>0xed4</size>
         <input_file_ref idref="fl-47"/>
      </object_component>
      <object_component id="oc-215">
         <name>.text</name>
         <load_address>0x7658</load_address>
         <run_address>0x7658</run_address>
         <size>0xd7c</size>
         <input_file_ref idref="fl-1f"/>
      </object_component>
      <object_component id="oc-f2">
         <name>.text</name>
         <load_address>0x83d4</load_address>
         <run_address>0x83d4</run_address>
         <size>0xb3c</size>
         <input_file_ref idref="fl-44"/>
      </object_component>
      <object_component id="oc-1eb">
         <name>.text</name>
         <load_address>0x8f10</load_address>
         <run_address>0x8f10</run_address>
         <size>0xac0</size>
         <input_file_ref idref="fl-49"/>
      </object_component>
      <object_component id="oc-450">
         <name>.text:__TI_printfi</name>
         <load_address>0x99d0</load_address>
         <run_address>0x99d0</run_address>
         <size>0xa4e</size>
         <input_file_ref idref="fl-11a"/>
      </object_component>
      <object_component id="oc-73f">
         <name>.text:_nop</name>
         <load_address>0xa41e</load_address>
         <run_address>0xa41e</run_address>
         <size>0x2</size>
         <input_file_ref idref="fl-110"/>
      </object_component>
      <object_component id="oc-1a3">
         <name>.text</name>
         <load_address>0xa420</load_address>
         <run_address>0xa420</run_address>
         <size>0x9fc</size>
         <input_file_ref idref="fl-35"/>
      </object_component>
      <object_component id="oc-120">
         <name>.text</name>
         <load_address>0xae1c</load_address>
         <run_address>0xae1c</run_address>
         <size>0x838</size>
         <input_file_ref idref="fl-27"/>
      </object_component>
      <object_component id="oc-18b">
         <name>.text</name>
         <load_address>0xb654</load_address>
         <run_address>0xb654</run_address>
         <size>0x798</size>
         <input_file_ref idref="fl-31"/>
      </object_component>
      <object_component id="oc-138">
         <name>.text</name>
         <load_address>0xbdec</load_address>
         <run_address>0xbdec</run_address>
         <size>0x6e0</size>
         <input_file_ref idref="fl-13"/>
      </object_component>
      <object_component id="oc-150">
         <name>.text</name>
         <load_address>0xc4cc</load_address>
         <run_address>0xc4cc</run_address>
         <size>0x5d0</size>
         <input_file_ref idref="fl-7"/>
      </object_component>
      <object_component id="oc-191">
         <name>.text</name>
         <load_address>0xca9c</load_address>
         <run_address>0xca9c</run_address>
         <size>0x5b4</size>
         <input_file_ref idref="fl-40"/>
      </object_component>
      <object_component id="oc-a0">
         <name>.text</name>
         <load_address>0xd050</load_address>
         <run_address>0xd050</run_address>
         <size>0x51c</size>
         <input_file_ref idref="fl-15"/>
      </object_component>
      <object_component id="oc-35b">
         <name>.text</name>
         <load_address>0xd56c</load_address>
         <run_address>0xd56c</run_address>
         <size>0x508</size>
         <input_file_ref idref="fl-2c"/>
      </object_component>
      <object_component id="oc-185">
         <name>.text</name>
         <load_address>0xda74</load_address>
         <run_address>0xda74</run_address>
         <size>0x480</size>
         <input_file_ref idref="fl-23"/>
      </object_component>
      <object_component id="oc-473">
         <name>.text</name>
         <load_address>0xdef4</load_address>
         <run_address>0xdef4</run_address>
         <size>0x3f8</size>
         <input_file_ref idref="fl-3a"/>
      </object_component>
      <object_component id="oc-11a">
         <name>.text</name>
         <load_address>0xe2ec</load_address>
         <run_address>0xe2ec</run_address>
         <size>0x3f0</size>
         <input_file_ref idref="fl-25"/>
      </object_component>
      <object_component id="oc-479">
         <name>.text</name>
         <load_address>0xe6dc</load_address>
         <run_address>0xe6dc</run_address>
         <size>0x3ac</size>
         <input_file_ref idref="fl-36"/>
      </object_component>
      <object_component id="oc-14a">
         <name>.text</name>
         <load_address>0xea88</load_address>
         <run_address>0xea88</run_address>
         <size>0x3a4</size>
         <input_file_ref idref="fl-6"/>
      </object_component>
      <object_component id="oc-70">
         <name>.text</name>
         <load_address>0xee2c</load_address>
         <run_address>0xee2c</run_address>
         <size>0x388</size>
         <input_file_ref idref="fl-34"/>
      </object_component>
      <object_component id="oc-9a">
         <name>.text</name>
         <load_address>0xf1b4</load_address>
         <run_address>0xf1b4</run_address>
         <size>0x344</size>
         <input_file_ref idref="fl-18"/>
      </object_component>
      <object_component id="oc-dc">
         <name>.text</name>
         <load_address>0xf4f8</load_address>
         <run_address>0xf4f8</run_address>
         <size>0x32c</size>
         <input_file_ref idref="fl-17"/>
      </object_component>
      <object_component id="oc-680">
         <name>.text:_pconv_a</name>
         <load_address>0xf824</load_address>
         <run_address>0xf824</run_address>
         <size>0x270</size>
         <input_file_ref idref="fl-11a"/>
      </object_component>
      <object_component id="oc-51b">
         <name>.text</name>
         <load_address>0xfa94</load_address>
         <run_address>0xfa94</run_address>
         <size>0x244</size>
         <input_file_ref idref="fl-2e"/>
      </object_component>
      <object_component id="oc-1d6">
         <name>.text</name>
         <load_address>0xfcd8</load_address>
         <run_address>0xfcd8</run_address>
         <size>0x228</size>
         <input_file_ref idref="fl-b"/>
      </object_component>
      <object_component id="oc-488">
         <name>.text</name>
         <load_address>0xff00</load_address>
         <run_address>0xff00</run_address>
         <size>0x218</size>
         <input_file_ref idref="fl-3b"/>
      </object_component>
      <object_component id="oc-48e">
         <name>.text</name>
         <load_address>0x10118</load_address>
         <run_address>0x10118</run_address>
         <size>0x218</size>
         <input_file_ref idref="fl-3c"/>
      </object_component>
      <object_component id="oc-427">
         <name>.text</name>
         <load_address>0x10330</load_address>
         <run_address>0x10330</run_address>
         <size>0x214</size>
         <input_file_ref idref="fl-4a"/>
      </object_component>
      <object_component id="oc-1b8">
         <name>.text</name>
         <load_address>0x10544</load_address>
         <run_address>0x10544</run_address>
         <size>0x1f8</size>
         <input_file_ref idref="fl-c"/>
      </object_component>
      <object_component id="oc-144">
         <name>.text</name>
         <load_address>0x1073c</load_address>
         <run_address>0x1073c</run_address>
         <size>0x1e0</size>
         <input_file_ref idref="fl-3"/>
      </object_component>
      <object_component id="oc-88">
         <name>.text</name>
         <load_address>0x1091c</load_address>
         <run_address>0x1091c</run_address>
         <size>0x1d4</size>
         <input_file_ref idref="fl-e"/>
      </object_component>
      <object_component id="oc-66e">
         <name>.text:_pconv_g</name>
         <load_address>0x10af0</load_address>
         <run_address>0x10af0</run_address>
         <size>0x1d0</size>
         <input_file_ref idref="fl-11a"/>
      </object_component>
      <object_component id="oc-81b">
         <name>.text</name>
         <load_address>0x10cc0</load_address>
         <run_address>0x10cc0</run_address>
         <size>0x1b6</size>
         <input_file_ref idref="fl-11f"/>
      </object_component>
      <object_component id="oc-417">
         <name>.text</name>
         <load_address>0x10e76</load_address>
         <run_address>0x10e76</run_address>
         <size>0x2</size>
         <input_file_ref idref="fl-11e"/>
      </object_component>
      <object_component id="oc-494">
         <name>.text</name>
         <load_address>0x10e78</load_address>
         <run_address>0x10e78</run_address>
         <size>0x1a0</size>
         <input_file_ref idref="fl-3e"/>
      </object_component>
      <object_component id="oc-1c4">
         <name>.text</name>
         <load_address>0x11018</load_address>
         <run_address>0x11018</run_address>
         <size>0x184</size>
         <input_file_ref idref="fl-1e"/>
      </object_component>
      <object_component id="oc-15e">
         <name>.text</name>
         <load_address>0x1119c</load_address>
         <run_address>0x1119c</run_address>
         <size>0x170</size>
         <input_file_ref idref="fl-9"/>
      </object_component>
      <object_component id="oc-8e">
         <name>.text</name>
         <load_address>0x1130c</load_address>
         <run_address>0x1130c</run_address>
         <size>0x16c</size>
         <input_file_ref idref="fl-19"/>
      </object_component>
      <object_component id="oc-1be">
         <name>.text</name>
         <load_address>0x11478</load_address>
         <run_address>0x11478</run_address>
         <size>0x13c</size>
         <input_file_ref idref="fl-f"/>
      </object_component>
      <object_component id="oc-67a">
         <name>.text:_pconv_e</name>
         <load_address>0x115b4</load_address>
         <run_address>0x115b4</run_address>
         <size>0x13c</size>
         <input_file_ref idref="fl-11a"/>
      </object_component>
      <object_component id="oc-482">
         <name>.text</name>
         <load_address>0x116f0</load_address>
         <run_address>0x116f0</run_address>
         <size>0x138</size>
         <input_file_ref idref="fl-38"/>
      </object_component>
      <object_component id="oc-801">
         <name>.text</name>
         <load_address>0x11828</load_address>
         <run_address>0x11828</run_address>
         <size>0x136</size>
         <input_file_ref idref="fl-121"/>
      </object_component>
      <object_component id="oc-1e5">
         <name>.text</name>
         <load_address>0x11960</load_address>
         <run_address>0x11960</run_address>
         <size>0x130</size>
         <input_file_ref idref="fl-46"/>
      </object_component>
      <object_component id="oc-82d">
         <name>.text:fcvt</name>
         <load_address>0x11a90</load_address>
         <run_address>0x11a90</run_address>
         <size>0x124</size>
         <input_file_ref idref="fl-11a"/>
      </object_component>
      <object_component id="oc-604">
         <name>.text:_openfile</name>
         <load_address>0x11bb4</load_address>
         <run_address>0x11bb4</run_address>
         <size>0x110</size>
         <input_file_ref idref="fl-107"/>
      </object_component>
      <object_component id="oc-197">
         <name>.text</name>
         <load_address>0x11cc4</load_address>
         <run_address>0x11cc4</run_address>
         <size>0x110</size>
         <input_file_ref idref="fl-45"/>
      </object_component>
      <object_component id="oc-841">
         <name>.text:scalbn</name>
         <load_address>0x11dd4</load_address>
         <run_address>0x11dd4</run_address>
         <size>0x110</size>
         <input_file_ref idref="fl-137"/>
      </object_component>
      <object_component id="oc-7db">
         <name>.text:aligned_alloc</name>
         <load_address>0x11ee4</load_address>
         <run_address>0x11ee4</run_address>
         <size>0x100</size>
         <input_file_ref idref="fl-113"/>
      </object_component>
      <object_component id="oc-7fc">
         <name>.text</name>
         <load_address>0x11fe4</load_address>
         <run_address>0x11fe4</run_address>
         <size>0xfc</size>
         <input_file_ref idref="fl-122"/>
      </object_component>
      <object_component id="oc-174">
         <name>.text</name>
         <load_address>0x120e0</load_address>
         <run_address>0x120e0</run_address>
         <size>0xf8</size>
         <input_file_ref idref="fl-8"/>
      </object_component>
      <object_component id="oc-617">
         <name>.text:free</name>
         <load_address>0x121d8</load_address>
         <run_address>0x121d8</run_address>
         <size>0xe4</size>
         <input_file_ref idref="fl-113"/>
      </object_component>
      <object_component id="oc-3c6">
         <name>.text:setvbuf</name>
         <load_address>0x122bc</load_address>
         <run_address>0x122bc</run_address>
         <size>0xdc</size>
         <input_file_ref idref="fl-108"/>
      </object_component>
      <object_component id="oc-355">
         <name>.text</name>
         <load_address>0x12398</load_address>
         <run_address>0x12398</run_address>
         <size>0xd8</size>
         <input_file_ref idref="fl-33"/>
      </object_component>
      <object_component id="oc-7a9">
         <name>.text:open</name>
         <load_address>0x12470</load_address>
         <run_address>0x12470</run_address>
         <size>0xbc</size>
         <input_file_ref idref="fl-118"/>
      </object_component>
      <object_component id="oc-3b4">
         <name>.text:add_device</name>
         <load_address>0x1252c</load_address>
         <run_address>0x1252c</run_address>
         <size>0xb8</size>
         <input_file_ref idref="fl-119"/>
      </object_component>
      <object_component id="oc-663">
         <name>.text:_ltostr</name>
         <load_address>0x125e4</load_address>
         <run_address>0x125e4</run_address>
         <size>0xb1</size>
         <input_file_ref idref="fl-11a"/>
      </object_component>
      <object_component id="oc-76">
         <name>.text</name>
         <load_address>0x12698</load_address>
         <run_address>0x12698</run_address>
         <size>0xac</size>
         <input_file_ref idref="fl-10"/>
      </object_component>
      <object_component id="oc-7c">
         <name>.text</name>
         <load_address>0x12744</load_address>
         <run_address>0x12744</run_address>
         <size>0xa8</size>
         <input_file_ref idref="fl-11"/>
      </object_component>
      <object_component id="oc-82">
         <name>.text</name>
         <load_address>0x127ec</load_address>
         <run_address>0x127ec</run_address>
         <size>0xa8</size>
         <input_file_ref idref="fl-12"/>
      </object_component>
      <object_component id="oc-17a">
         <name>.text</name>
         <load_address>0x12894</load_address>
         <run_address>0x12894</run_address>
         <size>0xa4</size>
         <input_file_ref idref="fl-2"/>
      </object_component>
      <object_component id="oc-3ba">
         <name>.text:fopen</name>
         <load_address>0x12938</load_address>
         <run_address>0x12938</run_address>
         <size>0x9c</size>
         <input_file_ref idref="fl-107"/>
      </object_component>
      <object_component id="oc-3a">
         <name>.text</name>
         <load_address>0x129d4</load_address>
         <run_address>0x129d4</run_address>
         <size>0x9c</size>
         <input_file_ref idref="fl-109"/>
      </object_component>
      <object_component id="oc-7f5">
         <name>.text</name>
         <load_address>0x12a70</load_address>
         <run_address>0x12a70</run_address>
         <size>0x96</size>
         <input_file_ref idref="fl-125"/>
      </object_component>
      <object_component id="oc-669">
         <name>.text:__aeabi_cdcmple</name>
         <load_address>0x12b06</load_address>
         <run_address>0x12b06</run_address>
         <size>0x86</size>
         <input_file_ref idref="fl-120"/>
      </object_component>
      <object_component id="oc-806">
         <name>.text:__aeabi_cdrcmple</name>
         <load_address>0x12b8c</load_address>
         <run_address>0x12b8c</run_address>
         <size>0x86</size>
         <input_file_ref idref="fl-120"/>
      </object_component>
      <object_component id="oc-553">
         <name>.text</name>
         <load_address>0x12c14</load_address>
         <run_address>0x12c14</run_address>
         <size>0x80</size>
         <input_file_ref idref="fl-42"/>
      </object_component>
      <object_component id="oc-c4">
         <name>.text</name>
         <load_address>0x12c94</load_address>
         <run_address>0x12c94</run_address>
         <size>0x7a</size>
         <input_file_ref idref="fl-10a"/>
      </object_component>
      <object_component id="oc-610">
         <name>.text:__TI_closefile</name>
         <load_address>0x12d10</load_address>
         <run_address>0x12d10</run_address>
         <size>0x74</size>
         <input_file_ref idref="fl-11b"/>
      </object_component>
      <object_component id="oc-f8">
         <name>.text</name>
         <load_address>0x12d84</load_address>
         <run_address>0x12d84</run_address>
         <size>0x74</size>
         <input_file_ref idref="fl-2f"/>
      </object_component>
      <object_component id="oc-8ef">
         <name>.text:split</name>
         <load_address>0x12df8</load_address>
         <run_address>0x12df8</run_address>
         <size>0x70</size>
         <input_file_ref idref="fl-113"/>
      </object_component>
      <object_component id="oc-826">
         <name>.text:_mcpy</name>
         <load_address>0x12e68</load_address>
         <run_address>0x12e68</run_address>
         <size>0x6e</size>
         <input_file_ref idref="fl-11a"/>
      </object_component>
      <object_component id="oc-799">
         <name>.text:HOSTrename</name>
         <load_address>0x12ed8</load_address>
         <run_address>0x12ed8</run_address>
         <size>0x6c</size>
         <input_file_ref idref="fl-13d"/>
      </object_component>
      <object_component id="oc-78d">
         <name>.text:HOSTlseek</name>
         <load_address>0x12f44</load_address>
         <run_address>0x12f44</run_address>
         <size>0x68</size>
         <input_file_ref idref="fl-13a"/>
      </object_component>
      <object_component id="oc-17">
         <name>.text:decompress:lzss:__TI_decompress_lzss</name>
         <load_address>0x12fac</load_address>
         <run_address>0x12fac</run_address>
         <size>0x68</size>
         <input_file_ref idref="fl-10e"/>
      </object_component>
      <object_component id="oc-83b">
         <name>.text:frexp</name>
         <load_address>0x13014</load_address>
         <run_address>0x13014</run_address>
         <size>0x64</size>
         <input_file_ref idref="fl-136"/>
      </object_component>
      <object_component id="oc-775">
         <name>.text:HOSTopen</name>
         <load_address>0x13078</load_address>
         <run_address>0x13078</run_address>
         <size>0x60</size>
         <input_file_ref idref="fl-13b"/>
      </object_component>
      <object_component id="oc-7bf">
         <name>.text:close</name>
         <load_address>0x130d8</load_address>
         <run_address>0x130d8</run_address>
         <size>0x5c</size>
         <input_file_ref idref="fl-133"/>
      </object_component>
      <object_component id="oc-781">
         <name>.text:HOSTread</name>
         <load_address>0x13134</load_address>
         <run_address>0x13134</run_address>
         <size>0x58</size>
         <input_file_ref idref="fl-13c"/>
      </object_component>
      <object_component id="oc-787">
         <name>.text:HOSTwrite</name>
         <load_address>0x1318c</load_address>
         <run_address>0x1318c</run_address>
         <size>0x58</size>
         <input_file_ref idref="fl-13f"/>
      </object_component>
      <object_component id="oc-674">
         <name>.text:_pconv_f</name>
         <load_address>0x131e4</load_address>
         <run_address>0x131e4</run_address>
         <size>0x56</size>
         <input_file_ref idref="fl-11a"/>
      </object_component>
      <object_component id="oc-810">
         <name>.text:__TI_ltoa</name>
         <load_address>0x1323a</load_address>
         <run_address>0x1323a</run_address>
         <size>0x54</size>
         <input_file_ref idref="fl-129"/>
      </object_component>
      <object_component id="oc-820">
         <name>.text:_ecpy</name>
         <load_address>0x1328e</load_address>
         <run_address>0x1328e</run_address>
         <size>0x52</size>
         <input_file_ref idref="fl-11a"/>
      </object_component>
      <object_component id="oc-7b9">
         <name>.text:__TI_doflush</name>
         <load_address>0x132e0</load_address>
         <run_address>0x132e0</run_address>
         <size>0x4c</size>
         <input_file_ref idref="fl-11c"/>
      </object_component>
      <object_component id="oc-65d">
         <name>.text:atoi</name>
         <load_address>0x1332c</load_address>
         <run_address>0x1332c</run_address>
         <size>0x4c</size>
         <input_file_ref idref="fl-12b"/>
      </object_component>
      <object_component id="oc-19d">
         <name>.text:snprintf</name>
         <load_address>0x13378</load_address>
         <run_address>0x13378</run_address>
         <size>0x4c</size>
         <input_file_ref idref="fl-105"/>
      </object_component>
      <object_component id="oc-263">
         <name>.text:exit</name>
         <load_address>0x133c4</load_address>
         <run_address>0x133c4</run_address>
         <size>0x48</size>
         <input_file_ref idref="fl-10f"/>
      </object_component>
      <object_component id="oc-80b">
         <name>.text</name>
         <load_address>0x1340c</load_address>
         <run_address>0x1340c</run_address>
         <size>0x48</size>
         <input_file_ref idref="fl-123"/>
      </object_component>
      <object_component id="oc-77b">
         <name>.text:HOSTclose</name>
         <load_address>0x13454</load_address>
         <run_address>0x13454</run_address>
         <size>0x44</size>
         <input_file_ref idref="fl-139"/>
      </object_component>
      <object_component id="oc-793">
         <name>.text:HOSTunlink</name>
         <load_address>0x13498</load_address>
         <run_address>0x13498</run_address>
         <size>0x44</size>
         <input_file_ref idref="fl-13e"/>
      </object_component>
      <object_component id="oc-269">
         <name>.text:__TI_auto_init_nobinit_nopinit:__TI_auto_init_nobinit_nopinit</name>
         <load_address>0x134dc</load_address>
         <run_address>0x134dc</run_address>
         <size>0x44</size>
         <input_file_ref idref="fl-126"/>
      </object_component>
      <object_component id="oc-8d0">
         <name>.text:getdevice</name>
         <load_address>0x13520</load_address>
         <run_address>0x13520</run_address>
         <size>0x44</size>
         <input_file_ref idref="fl-11d"/>
      </object_component>
      <object_component id="oc-180">
         <name>.text</name>
         <load_address>0x13564</load_address>
         <run_address>0x13564</run_address>
         <size>0x40</size>
         <input_file_ref idref="fl-10b"/>
      </object_component>
      <object_component id="oc-1ca">
         <name>.text:sprintf</name>
         <load_address>0x135a4</load_address>
         <run_address>0x135a4</run_address>
         <size>0x40</size>
         <input_file_ref idref="fl-106"/>
      </object_component>
      <object_component id="oc-833">
         <name>.text:_fcpy</name>
         <load_address>0x135e4</load_address>
         <run_address>0x135e4</run_address>
         <size>0x3e</size>
         <input_file_ref idref="fl-11a"/>
      </object_component>
      <object_component id="oc-338">
         <name>.text</name>
         <load_address>0x13622</load_address>
         <run_address>0x13622</run_address>
         <size>0x3e</size>
         <input_file_ref idref="fl-1d"/>
      </object_component>
      <object_component id="oc-8a7">
         <name>.text:__TI_writemsg</name>
         <load_address>0x13660</load_address>
         <run_address>0x13660</run_address>
         <size>0x38</size>
         <input_file_ref idref="fl-140"/>
      </object_component>
      <object_component id="oc-1d0">
         <name>.text:strncpy</name>
         <load_address>0x13698</load_address>
         <run_address>0x13698</run_address>
         <size>0x36</size>
         <input_file_ref idref="fl-116"/>
      </object_component>
      <object_component id="oc-623">
         <name>.text:__TI_cleanup</name>
         <load_address>0x136d0</load_address>
         <run_address>0x136d0</run_address>
         <size>0x34</size>
         <input_file_ref idref="fl-107"/>
      </object_component>
      <object_component id="oc-8ad">
         <name>.text:__TI_readmsg</name>
         <load_address>0x13704</load_address>
         <run_address>0x13704</run_address>
         <size>0x34</size>
         <input_file_ref idref="fl-140"/>
      </object_component>
      <object_component id="oc-58">
         <name>.text:_c_int00_noargs:_c_int00_noargs</name>
         <load_address>0x13738</load_address>
         <run_address>0x13738</run_address>
         <size>0x34</size>
         <input_file_ref idref="fl-117"/>
      </object_component>
      <object_component id="oc-3c0">
         <name>.text:freopen</name>
         <load_address>0x1376c</load_address>
         <run_address>0x1376c</run_address>
         <size>0x34</size>
         <input_file_ref idref="fl-107"/>
      </object_component>
      <object_component id="oc-456">
         <name>.text:_outs</name>
         <load_address>0x137a0</load_address>
         <run_address>0x137a0</run_address>
         <size>0x30</size>
         <input_file_ref idref="fl-105"/>
      </object_component>
      <object_component id="oc-5f8">
         <name>.text:finddevice</name>
         <load_address>0x137d0</load_address>
         <run_address>0x137d0</run_address>
         <size>0x30</size>
         <input_file_ref idref="fl-11d"/>
      </object_component>
      <object_component id="oc-816">
         <name>.text</name>
         <load_address>0x13800</load_address>
         <run_address>0x13800</run_address>
         <size>0x2e</size>
         <input_file_ref idref="fl-124"/>
      </object_component>
      <object_component id="oc-6a8">
         <name>.text:strncmp</name>
         <load_address>0x1382e</load_address>
         <run_address>0x1382e</run_address>
         <size>0x2c</size>
         <input_file_ref idref="fl-115"/>
      </object_component>
      <object_component id="oc-7c5">
         <name>.text:unlink</name>
         <load_address>0x1385c</load_address>
         <run_address>0x1385c</run_address>
         <size>0x2c</size>
         <input_file_ref idref="fl-138"/>
      </object_component>
      <object_component id="oc-7d4">
         <name>.text:free_list_insert</name>
         <load_address>0x13888</load_address>
         <run_address>0x13888</run_address>
         <size>0x28</size>
         <input_file_ref idref="fl-113"/>
      </object_component>
      <object_component id="oc-8dc">
         <name>.text:write</name>
         <load_address>0x138b0</load_address>
         <run_address>0x138b0</run_address>
         <size>0x28</size>
         <input_file_ref idref="fl-130"/>
      </object_component>
      <object_component id="oc-13e">
         <name>.text</name>
         <load_address>0x138d8</load_address>
         <run_address>0x138d8</run_address>
         <size>0x24</size>
         <input_file_ref idref="fl-4"/>
      </object_component>
      <object_component id="oc-7ce">
         <name>.text:free_list_remove</name>
         <load_address>0x138fc</load_address>
         <run_address>0x138fc</run_address>
         <size>0x1c</size>
         <input_file_ref idref="fl-113"/>
      </object_component>
      <object_component id="oc-686">
         <name>.text:memccpy</name>
         <load_address>0x13918</load_address>
         <run_address>0x13918</run_address>
         <size>0x1c</size>
         <input_file_ref idref="fl-12d"/>
      </object_component>
      <object_component id="oc-90f">
         <name>.text:copysign</name>
         <load_address>0x13934</load_address>
         <run_address>0x13934</run_address>
         <size>0x1a</size>
         <input_file_ref idref="fl-141"/>
      </object_component>
      <object_component id="oc-45c">
         <name>.text:_outc</name>
         <load_address>0x1394e</load_address>
         <run_address>0x1394e</run_address>
         <size>0x18</size>
         <input_file_ref idref="fl-105"/>
      </object_component>
      <object_component id="oc-4c6">
         <name>.text:_outs</name>
         <load_address>0x13966</load_address>
         <run_address>0x13966</run_address>
         <size>0x18</size>
         <input_file_ref idref="fl-106"/>
      </object_component>
      <object_component id="oc-76d">
         <name>.text:strcmp</name>
         <load_address>0x1397e</load_address>
         <run_address>0x1397e</run_address>
         <size>0x18</size>
         <input_file_ref idref="fl-12f"/>
      </object_component>
      <object_component id="oc-847">
         <name>.text:strchr</name>
         <load_address>0x13996</load_address>
         <run_address>0x13996</run_address>
         <size>0x16</size>
         <input_file_ref idref="fl-12e"/>
      </object_component>
      <object_component id="oc-8c1">
         <name>.text:strcpy</name>
         <load_address>0x139ac</load_address>
         <run_address>0x139ac</run_address>
         <size>0x14</size>
         <input_file_ref idref="fl-142"/>
      </object_component>
      <object_component id="oc-ec">
         <name>.text:strlen</name>
         <load_address>0x139c0</load_address>
         <run_address>0x139c0</run_address>
         <size>0x14</size>
         <input_file_ref idref="fl-114"/>
      </object_component>
      <object_component id="oc-68c">
         <name>.text:wcslen</name>
         <load_address>0x139d4</load_address>
         <run_address>0x139d4</run_address>
         <size>0x12</size>
         <input_file_ref idref="fl-135"/>
      </object_component>
      <object_component id="oc-1d">
         <name>.text:decompress:none:__TI_decompress_none</name>
         <load_address>0x139e6</load_address>
         <run_address>0x139e6</run_address>
         <size>0xe</size>
         <input_file_ref idref="fl-10d"/>
      </object_component>
      <object_component id="oc-6a">
         <name>.text</name>
         <load_address>0x139f4</load_address>
         <run_address>0x139f4</run_address>
         <size>0xe</size>
         <input_file_ref idref="fl-16"/>
      </object_component>
      <object_component id="oc-4c">
         <name>.text:decompress:ZI:__TI_zero_init</name>
         <load_address>0x13a02</load_address>
         <run_address>0x13a02</run_address>
         <size>0xc</size>
         <input_file_ref idref="fl-10c"/>
      </object_component>
      <object_component id="oc-4cc">
         <name>.text:_outc</name>
         <load_address>0x13a0e</load_address>
         <run_address>0x13a0e</run_address>
         <size>0xa</size>
         <input_file_ref idref="fl-106"/>
      </object_component>
      <object_component id="oc-692">
         <name>.text:__aeabi_errno_addr</name>
         <load_address>0x13a18</load_address>
         <run_address>0x13a18</run_address>
         <size>0x8</size>
         <input_file_ref idref="fl-134"/>
      </object_component>
      <object_component id="oc-61d">
         <name>.text:malloc</name>
         <load_address>0x13a20</load_address>
         <run_address>0x13a20</run_address>
         <size>0x8</size>
         <input_file_ref idref="fl-113"/>
      </object_component>
      <object_component id="oc-ca">
         <name>.text:_system_pre_init</name>
         <load_address>0x13a28</load_address>
         <run_address>0x13a28</run_address>
         <size>0x4</size>
         <input_file_ref idref="fl-127"/>
      </object_component>
      <object_component id="oc-25d">
         <name>.text:abort:abort</name>
         <load_address>0x13a2c</load_address>
         <run_address>0x13a2c</run_address>
         <size>0x4</size>
         <input_file_ref idref="fl-10f"/>
      </object_component>
      <object_component id="oc-380">
         <name>.const:ASCII</name>
         <load_address>0x13a30</load_address>
         <run_address>0x13a30</run_address>
         <size>0x1e0</size>
         <input_file_ref idref="fl-d"/>
      </object_component>
      <object_component id="oc-7f0">
         <name>.const:.string:_ctypes_</name>
         <load_address>0x13c10</load_address>
         <run_address>0x13c10</run_address>
         <size>0x101</size>
         <input_file_ref idref="fl-12c"/>
      </object_component>
      <object_component id="oc-378">
         <name>.const:.string:init4b</name>
         <load_address>0x13d11</load_address>
         <run_address>0x13d11</run_address>
         <size>0x3</size>
         <input_file_ref idref="fl-d"/>
      </object_component>
      <object_component id="oc-4db">
         <name>.const:$P$T0$1</name>
         <load_address>0x13d14</load_address>
         <run_address>0x13d14</run_address>
         <size>0xb0</size>
         <input_file_ref idref="fl-49"/>
      </object_component>
      <object_component id="oc-1af">
         <name>.const:$P$T0$1</name>
         <load_address>0x13dc4</load_address>
         <run_address>0x13dc4</run_address>
         <size>0x58</size>
         <input_file_ref idref="fl-14"/>
      </object_component>
      <object_component id="oc-49a">
         <name>.const:$P$T1$2</name>
         <load_address>0x13e1c</load_address>
         <run_address>0x13e1c</run_address>
         <size>0x58</size>
         <input_file_ref idref="fl-35"/>
      </object_component>
      <object_component id="oc-344">
         <name>.const:g_pulRegs</name>
         <load_address>0x13e74</load_address>
         <run_address>0x13e74</run_address>
         <size>0x50</size>
         <input_file_ref idref="fl-25"/>
      </object_component>
      <object_component id="oc-565">
         <name>.const:_SlActionLookupTable</name>
         <load_address>0x13ec4</load_address>
         <run_address>0x13ec4</run_address>
         <size>0x38</size>
         <input_file_ref idref="fl-41"/>
      </object_component>
      <object_component id="oc-1f1">
         <name>.const:$P$T1$2</name>
         <load_address>0x13efc</load_address>
         <run_address>0x13efc</run_address>
         <size>0x2c</size>
         <input_file_ref idref="fl-14"/>
      </object_component>
      <object_component id="oc-4b6">
         <name>.const:$P$T0$1</name>
         <load_address>0x13f28</load_address>
         <run_address>0x13f28</run_address>
         <size>0x20</size>
         <input_file_ref idref="fl-c"/>
      </object_component>
      <object_component id="oc-341">
         <name>.const:g_pulPriority</name>
         <load_address>0x13f48</load_address>
         <run_address>0x13f48</run_address>
         <size>0x20</size>
         <input_file_ref idref="fl-25"/>
      </object_component>
      <object_component id="oc-420">
         <name>.const:GPIO_PORT_TO_INT</name>
         <load_address>0x13f68</load_address>
         <run_address>0x13f68</run_address>
         <size>0x1c</size>
         <input_file_ref idref="fl-23"/>
      </object_component>
      <object_component id="oc-1a9">
         <name>.const:upConfig</name>
         <load_address>0x13f84</load_address>
         <run_address>0x13f84</run_address>
         <size>0x18</size>
         <input_file_ref idref="fl-14"/>
      </object_component>
      <object_component id="oc-1f4">
         <name>.const:$P$T2$3</name>
         <load_address>0x13f9c</load_address>
         <run_address>0x13f9c</run_address>
         <size>0x14</size>
         <input_file_ref idref="fl-14"/>
      </object_component>
      <object_component id="oc-49d">
         <name>.const:$P$T2$3</name>
         <load_address>0x13fb0</load_address>
         <run_address>0x13fb0</run_address>
         <size>0xc</size>
         <input_file_ref idref="fl-35"/>
      </object_component>
      <object_component id="oc-4a0">
         <name>.const:$P$T3$4</name>
         <load_address>0x13fbc</load_address>
         <run_address>0x13fbc</run_address>
         <size>0xc</size>
         <input_file_ref idref="fl-35"/>
      </object_component>
      <object_component id="oc-1f7">
         <name>.const:$P$T3$4</name>
         <load_address>0x13fc8</load_address>
         <run_address>0x13fc8</run_address>
         <size>0xc</size>
         <input_file_ref idref="fl-14"/>
      </object_component>
      <object_component id="oc-4a3">
         <name>.const:$P$T4$5</name>
         <load_address>0x13fd4</load_address>
         <run_address>0x13fd4</run_address>
         <size>0xc</size>
         <input_file_ref idref="fl-35"/>
      </object_component>
      <object_component id="oc-386">
         <name>.const:.string:postmask</name>
         <load_address>0x13fe0</load_address>
         <run_address>0x13fe0</run_address>
         <size>0x8</size>
         <input_file_ref idref="fl-d"/>
      </object_component>
      <object_component id="oc-383">
         <name>.const:.string:premask</name>
         <load_address>0x13fe8</load_address>
         <run_address>0x13fe8</run_address>
         <size>0x8</size>
         <input_file_ref idref="fl-d"/>
      </object_component>
      <object_component id="oc-55f">
         <name>.const:g_H2NCnysPattern</name>
         <load_address>0x13ff0</load_address>
         <run_address>0x13ff0</run_address>
         <size>0x8</size>
         <input_file_ref idref="fl-41"/>
      </object_component>
      <object_component id="oc-55c">
         <name>.const:g_H2NSyncPattern</name>
         <load_address>0x13ff8</load_address>
         <run_address>0x13ff8</run_address>
         <size>0x8</size>
         <input_file_ref idref="fl-41"/>
      </object_component>
      <object_component id="oc-34a">
         <name>.const:g_pulDisRegs</name>
         <load_address>0x14000</load_address>
         <run_address>0x14000</run_address>
         <size>0x8</size>
         <input_file_ref idref="fl-25"/>
      </object_component>
      <object_component id="oc-347">
         <name>.const:g_pulEnRegs</name>
         <load_address>0x14008</load_address>
         <run_address>0x14008</run_address>
         <size>0x8</size>
         <input_file_ref idref="fl-25"/>
      </object_component>
      <object_component id="oc-34d">
         <name>.const:g_pulPendRegs</name>
         <load_address>0x14010</load_address>
         <run_address>0x14010</run_address>
         <size>0x8</size>
         <input_file_ref idref="fl-25"/>
      </object_component>
      <object_component id="oc-350">
         <name>.const:g_pulUnpendRegs</name>
         <load_address>0x14018</load_address>
         <run_address>0x14018</run_address>
         <size>0x8</size>
         <input_file_ref idref="fl-25"/>
      </object_component>
      <object_component id="oc-37b">
         <name>.const:.string:init5</name>
         <load_address>0x14020</load_address>
         <run_address>0x14020</run_address>
         <size>0x6</size>
         <input_file_ref idref="fl-d"/>
      </object_component>
      <object_component id="oc-389">
         <name>.const:.string:dlist1</name>
         <load_address>0x14026</load_address>
         <run_address>0x14026</run_address>
         <size>0x5</size>
         <input_file_ref idref="fl-d"/>
      </object_component>
      <object_component id="oc-47f">
         <name>.const:$P$T0$1</name>
         <load_address>0x1402c</load_address>
         <run_address>0x1402c</run_address>
         <size>0x4</size>
         <input_file_ref idref="fl-35"/>
      </object_component>
      <object_component id="oc-6b6">
         <name>.const:$P$T0$1</name>
         <load_address>0x14030</load_address>
         <run_address>0x14030</run_address>
         <size>0x4</size>
         <input_file_ref idref="fl-36"/>
      </object_component>
      <object_component id="oc-6c9">
         <name>.const:$P$T0$1</name>
         <load_address>0x14034</load_address>
         <run_address>0x14034</run_address>
         <size>0x4</size>
         <input_file_ref idref="fl-38"/>
      </object_component>
      <object_component id="oc-6b1">
         <name>.const:$P$T0$1</name>
         <load_address>0x14038</load_address>
         <run_address>0x14038</run_address>
         <size>0x4</size>
         <input_file_ref idref="fl-3a"/>
      </object_component>
      <object_component id="oc-6d1">
         <name>.const:$P$T0$1</name>
         <load_address>0x1403c</load_address>
         <run_address>0x1403c</run_address>
         <size>0x4</size>
         <input_file_ref idref="fl-3b"/>
      </object_component>
      <object_component id="oc-6d9">
         <name>.const:$P$T0$1</name>
         <load_address>0x14040</load_address>
         <run_address>0x14040</run_address>
         <size>0x4</size>
         <input_file_ref idref="fl-3c"/>
      </object_component>
      <object_component id="oc-6e1">
         <name>.const:$P$T0$1</name>
         <load_address>0x14044</load_address>
         <run_address>0x14044</run_address>
         <size>0x4</size>
         <input_file_ref idref="fl-3e"/>
      </object_component>
      <object_component id="oc-562">
         <name>.const:$P$T0$1</name>
         <load_address>0x14048</load_address>
         <run_address>0x14048</run_address>
         <size>0x4</size>
         <input_file_ref idref="fl-41"/>
      </object_component>
      <object_component id="oc-314">
         <name>.const:$P$T0$1</name>
         <load_address>0x1404c</load_address>
         <run_address>0x1404c</run_address>
         <size>0x4</size>
         <input_file_ref idref="fl-44"/>
      </object_component>
      <object_component id="oc-2ab">
         <name>.const:$P$T0$1</name>
         <load_address>0x14050</load_address>
         <run_address>0x14050</run_address>
         <size>0x4</size>
         <input_file_ref idref="fl-47"/>
      </object_component>
      <object_component id="oc-6b9">
         <name>.const:$P$T1$2</name>
         <load_address>0x14054</load_address>
         <run_address>0x14054</run_address>
         <size>0x4</size>
         <input_file_ref idref="fl-36"/>
      </object_component>
      <object_component id="oc-6cc">
         <name>.const:$P$T1$2</name>
         <load_address>0x14058</load_address>
         <run_address>0x14058</run_address>
         <size>0x4</size>
         <input_file_ref idref="fl-38"/>
      </object_component>
      <object_component id="oc-6d4">
         <name>.const:$P$T1$2</name>
         <load_address>0x1405c</load_address>
         <run_address>0x1405c</run_address>
         <size>0x4</size>
         <input_file_ref idref="fl-3b"/>
      </object_component>
      <object_component id="oc-6dc">
         <name>.const:$P$T1$2</name>
         <load_address>0x14060</load_address>
         <run_address>0x14060</run_address>
         <size>0x4</size>
         <input_file_ref idref="fl-3c"/>
      </object_component>
      <object_component id="oc-2ae">
         <name>.const:$P$T1$2</name>
         <load_address>0x14064</load_address>
         <run_address>0x14064</run_address>
         <size>0x4</size>
         <input_file_ref idref="fl-47"/>
      </object_component>
      <object_component id="oc-4de">
         <name>.const:$P$T1$2</name>
         <load_address>0x14068</load_address>
         <run_address>0x14068</run_address>
         <size>0x4</size>
         <input_file_ref idref="fl-49"/>
      </object_component>
      <object_component id="oc-6bc">
         <name>.const:$P$T2$3</name>
         <load_address>0x1406c</load_address>
         <run_address>0x1406c</run_address>
         <size>0x4</size>
         <input_file_ref idref="fl-36"/>
      </object_component>
      <object_component id="oc-2b4">
         <name>.const:$P$T2$3</name>
         <load_address>0x14070</load_address>
         <run_address>0x14070</run_address>
         <size>0x4</size>
         <input_file_ref idref="fl-47"/>
      </object_component>
      <object_component id="oc-4e7">
         <name>.const:$P$T2$3</name>
         <load_address>0x14074</load_address>
         <run_address>0x14074</run_address>
         <size>0x4</size>
         <input_file_ref idref="fl-49"/>
      </object_component>
      <object_component id="oc-6bf">
         <name>.const:$P$T3$4</name>
         <load_address>0x14078</load_address>
         <run_address>0x14078</run_address>
         <size>0x4</size>
         <input_file_ref idref="fl-36"/>
      </object_component>
      <object_component id="oc-4fc">
         <name>.const:$P$T3$4</name>
         <load_address>0x1407c</load_address>
         <run_address>0x1407c</run_address>
         <size>0x4</size>
         <input_file_ref idref="fl-49"/>
      </object_component>
      <object_component id="oc-6c2">
         <name>.const:$P$T4$5</name>
         <load_address>0x14080</load_address>
         <run_address>0x14080</run_address>
         <size>0x4</size>
         <input_file_ref idref="fl-36"/>
      </object_component>
      <object_component id="oc-36f">
         <name>.const:.string:init1</name>
         <load_address>0x14084</load_address>
         <run_address>0x14084</run_address>
         <size>0x4</size>
         <input_file_ref idref="fl-d"/>
      </object_component>
      <object_component id="oc-372">
         <name>.const:.string:init2</name>
         <load_address>0x14088</load_address>
         <run_address>0x14088</run_address>
         <size>0x4</size>
         <input_file_ref idref="fl-d"/>
      </object_component>
      <object_component id="oc-375">
         <name>.const:.string:init3</name>
         <load_address>0x1408c</load_address>
         <run_address>0x1408c</run_address>
         <size>0x4</size>
         <input_file_ref idref="fl-d"/>
      </object_component>
      <object_component id="oc-2c0">
         <name>.const:_SlAcceptCmdCtrl</name>
         <load_address>0x14090</load_address>
         <run_address>0x14090</run_address>
         <size>0x4</size>
         <input_file_ref idref="fl-47"/>
      </object_component>
      <object_component id="oc-436">
         <name>.const:_SlDeviceGetCmdCtrl</name>
         <load_address>0x14094</load_address>
         <run_address>0x14094</run_address>
         <size>0x4</size>
         <input_file_ref idref="fl-40"/>
      </object_component>
      <object_component id="oc-439">
         <name>.const:_SlDeviceSetCmdCtrl</name>
         <load_address>0x14098</load_address>
         <run_address>0x14098</run_address>
         <size>0x4</size>
         <input_file_ref idref="fl-40"/>
      </object_component>
      <object_component id="oc-433">
         <name>.const:_SlEventMaskGetCmdCtrl</name>
         <load_address>0x1409c</load_address>
         <run_address>0x1409c</run_address>
         <size>0x4</size>
         <input_file_ref idref="fl-40"/>
      </object_component>
      <object_component id="oc-430">
         <name>.const:_SlEventMaskSetCmdCtrl</name>
         <load_address>0x140a0</load_address>
         <run_address>0x140a0</run_address>
         <size>0x4</size>
         <input_file_ref idref="fl-40"/>
      </object_component>
      <object_component id="oc-311">
         <name>.const:_SlGetHostByNameCtrl</name>
         <load_address>0x140a4</load_address>
         <run_address>0x140a4</run_address>
         <size>0x4</size>
         <input_file_ref idref="fl-44"/>
      </object_component>
      <object_component id="oc-30e">
         <name>.const:_SlGetHostByServiceCtrl</name>
         <load_address>0x140a8</load_address>
         <run_address>0x140a8</run_address>
         <size>0x4</size>
         <input_file_ref idref="fl-44"/>
      </object_component>
      <object_component id="oc-308">
         <name>.const:_SlGetServiceListeCtrl</name>
         <load_address>0x140ac</load_address>
         <run_address>0x140ac</run_address>
         <size>0x4</size>
         <input_file_ref idref="fl-44"/>
      </object_component>
      <object_component id="oc-2c9">
         <name>.const:_SlGetSockOptCmdCtrl</name>
         <load_address>0x140b0</load_address>
         <run_address>0x140b0</run_address>
         <size>0x4</size>
         <input_file_ref idref="fl-47"/>
      </object_component>
      <object_component id="oc-2bd">
         <name>.const:_SlListenCmdCtrl</name>
         <load_address>0x140b4</load_address>
[...]
         <value>0x12c95</value>
         <object_component_ref idref="oc-c4"/>
      </symbol>
      <symbol id="sm-19de">
         <name>__aeabi_memclr</name>
         <value>0x12c95</value>
         <object_component_ref idref="oc-c4"/>
      </symbol>
      <symbol id="sm-19ed">
         <name>__aeabi_uidivmod</name>
         <value>0x13565</value>
         <object_component_ref idref="oc-180"/>
      </symbol>
      <symbol id="sm-19ee">
         <name>__aeabi_uidiv</name>
         <value>0x13565</value>
         <object_component_ref idref="oc-180"/>
      </symbol>
      <symbol id="sm-1a00">
         <name>__TI_zero_init</name>
         <value>0x13a03</value>
         <object_component_ref idref="oc-4c"/>
      </symbol>
      <symbol id="sm-1a17">
         <name>__TI_decompress_none</name>
         <value>0x139e7</value>
         <object_component_ref idref="oc-1d"/>
      </symbol>
      <symbol id="sm-1a3a">
         <name>__TI_decompress_lzss</name>
         <value>0x12fad</value>
         <object_component_ref idref="oc-17"/>
      </symbol>
      <symbol id="sm-1a60">
         <name>C$$EXIT</name>
         <value>0x13a2d</value>
         <object_component_ref idref="oc-25d"/>
      </symbol>
      <symbol id="sm-1a61">
         <name>abort</name>
         <value>0x13a2d</value>
         <object_component_ref idref="oc-25d"/>
      </symbol>
      <symbol id="sm-1a62">
         <name>__TI_dtors_ptr</name>
         <value>0x200075c8</value>
         <object_component_ref idref="oc-532"/>
      </symbol>
      <symbol id="sm-1a63">
         <name>__TI_cleanup_ptr</name>
         <value>0x200075c4</value>
         <object_component_ref idref="oc-532"/>
      </symbol>
      <symbol id="sm-1a64">
         <name>__TI_enable_exit_profile_output</name>
         <value>0x200075cc</value>
         <object_component_ref idref="oc-532"/>
      </symbol>
      <symbol id="sm-1a65">
         <name>exit</name>
         <value>0x133c5</value>
         <object_component_ref idref="oc-263"/>
      </symbol>
      <symbol id="sm-1a7a">
         <name>_nop</name>
         <value>0xa41f</value>
         <object_component_ref idref="oc-73f"/>
      </symbol>
      <symbol id="sm-1a7b">
         <name>_lock</name>
         <value>0x200075f4</value>
         <object_component_ref idref="oc-535"/>
      </symbol>
      <symbol id="sm-1a7c">
         <name>_unlock</name>
         <value>0x200075f8</value>
         <object_component_ref idref="oc-535"/>
      </symbol>
      <symbol id="sm-1a91">
         <name>__TI_tmpnams</name>
         <value>0x20006c90</value>
      </symbol>
      <symbol id="sm-1a92">
         <name>__aeabi_stdout</name>
         <value>0x200075bc</value>
         <object_component_ref idref="oc-60b"/>
      </symbol>
      <symbol id="sm-1a93">
         <name>__aeabi_stderr</name>
         <value>0x200075c0</value>
         <object_component_ref idref="oc-60b"/>
      </symbol>
      <symbol id="sm-1a94">
         <name>__aeabi_stdin</name>
         <value>0x200075b8</value>
         <object_component_ref idref="oc-60b"/>
      </symbol>
      <symbol id="sm-1a95">
         <name>_ftable</name>
         <value>0x20007318</value>
         <object_component_ref idref="oc-3cc"/>
      </symbol>
      <symbol id="sm-1a96">
         <name>__TI_ft_end</name>
         <value>0x200075b4</value>
         <object_component_ref idref="oc-60b"/>
      </symbol>
      <symbol id="sm-1b1b">
         <name>_sys_memory</name>
         <value>0x20006f18</value>
         <object_component_ref idref="oc-29"/>
      </symbol>
      <symbol id="sm-1b1c">
         <name>free</name>
         <value>0x121d9</value>
         <object_component_ref idref="oc-617"/>
      </symbol>
      <symbol id="sm-1b1d">
         <name>memalign</name>
         <value>0x11ee5</value>
         <object_component_ref idref="oc-7db"/>
      </symbol>
      <symbol id="sm-1b1e">
         <name>malloc</name>
         <value>0x13a21</value>
         <object_component_ref idref="oc-61d"/>
      </symbol>
      <symbol id="sm-1b1f">
         <name>aligned_alloc</name>
         <value>0x11ee5</value>
         <object_component_ref idref="oc-7db"/>
      </symbol>
      <symbol id="sm-1b2d">
         <name>strlen</name>
         <value>0x139c1</value>
         <object_component_ref idref="oc-ec"/>
      </symbol>
      <symbol id="sm-1b3d">
         <name>strncmp</name>
         <value>0x1382f</value>
         <object_component_ref idref="oc-6a8"/>
      </symbol>
      <symbol id="sm-1b4d">
         <name>strncpy</name>
         <value>0x13699</value>
         <object_component_ref idref="oc-1d0"/>
      </symbol>
      <symbol id="sm-1b60">
         <name>__stack</name>
         <value>0x2000fe00</value>
         <object_component_ref idref="oc-2c"/>
      </symbol>
      <symbol id="sm-1b61">
         <name>_c_int00_noargs</name>
         <value>0x13739</value>
         <object_component_ref idref="oc-58"/>
      </symbol>
      <symbol id="sm-1b83">
         <name>open</name>
         <value>0x12471</value>
         <object_component_ref idref="oc-7a9"/>
      </symbol>
      <symbol id="sm-1ba3">
         <name>add_device</name>
         <value>0x1252d</value>
         <object_component_ref idref="oc-3b4"/>
      </symbol>
      <symbol id="sm-1d08">
         <name>__TI_printfi</name>
         <value>0x99d1</value>
         <object_component_ref idref="oc-450"/>
      </symbol>
      <symbol id="sm-1d1d">
         <name>__TI_closefile</name>
         <value>0x12d11</value>
         <object_component_ref idref="oc-610"/>
      </symbol>
      <symbol id="sm-1d2d">
         <name>__TI_doflush</name>
         <value>0x132e1</value>
         <object_component_ref idref="oc-7b9"/>
      </symbol>
      <symbol id="sm-1d4b">
         <name>finddevice</name>
         <value>0x137d1</value>
         <object_component_ref idref="oc-5f8"/>
      </symbol>
      <symbol id="sm-1d4c">
         <name>getdevice</name>
         <value>0x13521</value>
         <object_component_ref idref="oc-8d0"/>
      </symbol>
      <symbol id="sm-1d56">
         <name>__aeabi_idiv0</name>
         <value>0x10e77</value>
         <object_component_ref idref="oc-417"/>
      </symbol>
      <symbol id="sm-1d57">
         <name>__aeabi_ldiv0</name>
         <value>0x10e77</value>
         <object_component_ref idref="oc-417"/>
      </symbol>
      <symbol id="sm-1d6e">
         <name>__aeabi_dsub</name>
         <value>0x10cc1</value>
         <object_component_ref idref="oc-81b"/>
      </symbol>
      <symbol id="sm-1d6f">
         <name>__aeabi_dadd</name>
         <value>0x10ccb</value>
         <object_component_ref idref="oc-81b"/>
      </symbol>
      <symbol id="sm-1d91">
         <name>__aeabi_cdcmpeq</name>
         <value>0x12b07</value>
         <object_component_ref idref="oc-669"/>
      </symbol>
      <symbol id="sm-1d92">
         <name>__aeabi_cdcmple</name>
         <value>0x12b07</value>
         <object_component_ref idref="oc-669"/>
      </symbol>
      <symbol id="sm-1d93">
         <name>__aeabi_cdrcmple</name>
         <value>0x12b8d</value>
         <object_component_ref idref="oc-806"/>
      </symbol>
      <symbol id="sm-1da7">
         <name>__aeabi_ddiv</name>
         <value>0x11829</value>
         <object_component_ref idref="oc-801"/>
      </symbol>
      <symbol id="sm-1db2">
         <name>__aeabi_dmul</name>
         <value>0x11fe5</value>
         <object_component_ref idref="oc-7fc"/>
      </symbol>
      <symbol id="sm-1dbc">
         <name>__aeabi_d2iz</name>
         <value>0x1340d</value>
         <object_component_ref idref="oc-80b"/>
      </symbol>
      <symbol id="sm-1dc6">
         <name>__aeabi_i2d</name>
         <value>0x13801</value>
         <object_component_ref idref="oc-816"/>
      </symbol>
      <symbol id="sm-1dd3">
         <name>__aeabi_uldivmod</name>
         <value>0x12a71</value>
         <object_component_ref idref="oc-7f5"/>
      </symbol>
      <symbol id="sm-1dfb">
         <name>__TI_auto_init_nobinit_nopinit</name>
         <value>0x134dd</value>
         <object_component_ref idref="oc-269"/>
      </symbol>
      <symbol id="sm-1e05">
         <name>_system_pre_init</name>
         <value>0x13a29</value>
         <object_component_ref idref="oc-ca"/>
      </symbol>
      <symbol id="sm-1e15">
         <name>__TI_ltoa</name>
         <value>0x1323b</value>
         <object_component_ref idref="oc-810"/>
      </symbol>
      <symbol id="sm-1e2c">
         <name>atoi</name>
         <value>0x1332d</value>
         <object_component_ref idref="oc-65d"/>
      </symbol>
      <symbol id="sm-1e37">
         <name>_ctypes_</name>
         <value>0x13c10</value>
         <object_component_ref idref="oc-7f0"/>
      </symbol>
      <symbol id="sm-1e47">
         <name>memccpy</name>
         <value>0x13919</value>
         <object_component_ref idref="oc-686"/>
      </symbol>
      <symbol id="sm-1e57">
         <name>strchr</name>
         <value>0x13997</value>
         <object_component_ref idref="oc-847"/>
      </symbol>
      <symbol id="sm-1e66">
         <name>strcmp</name>
         <value>0x1397f</value>
         <object_component_ref idref="oc-76d"/>
      </symbol>
      <symbol id="sm-1e76">
         <name>write</name>
         <value>0x138b1</value>
         <object_component_ref idref="oc-8dc"/>
      </symbol>
      <symbol id="sm-1e87">
         <name>_stream</name>
         <value>0x200074dc</value>
         <object_component_ref idref="oc-8d7"/>
      </symbol>
      <symbol id="sm-1e88">
         <name>_device</name>
         <value>0x20007408</value>
         <object_component_ref idref="oc-5ff"/>
      </symbol>
      <symbol id="sm-1e9d">
         <name>close</name>
         <value>0x130d9</value>
         <object_component_ref idref="oc-7bf"/>
      </symbol>
      <symbol id="sm-1eb3">
         <name>__aeabi_errno_addr</name>
         <value>0x13a19</value>
         <object_component_ref idref="oc-692"/>
      </symbol>
      <symbol id="sm-1eb4">
         <name>errno</name>
         <value>0x20007614</value>
         <object_component_ref idref="oc-857"/>
      </symbol>
      <symbol id="sm-1ecd">
         <name>wcslen</name>
         <value>0x139d5</value>
         <object_component_ref idref="oc-68c"/>
      </symbol>
      <symbol id="sm-1eed">
         <name>frexpl</name>
         <value>0x13015</value>
         <object_component_ref idref="oc-83b"/>
      </symbol>
      <symbol id="sm-1eee">
         <name>frexp</name>
         <value>0x13015</value>
         <object_component_ref idref="oc-83b"/>
      </symbol>
      <symbol id="sm-1f0b">
         <name>scalbn</name>
         <value>0x11dd5</value>
         <object_component_ref idref="oc-841"/>
      </symbol>
      <symbol id="sm-1f0c">
         <name>scalbnl</name>
         <value>0x11dd5</value>
         <object_component_ref idref="oc-841"/>
      </symbol>
      <symbol id="sm-1f0d">
         <name>ldexpl</name>
         <value>0x11dd5</value>
         <object_component_ref idref="oc-841"/>
      </symbol>
      <symbol id="sm-1f0e">
         <name>ldexp</name>
         <value>0x11dd5</value>
         <object_component_ref idref="oc-841"/>
      </symbol>
      <symbol id="sm-1f1e">
         <name>unlink</name>
         <value>0x1385d</value>
         <object_component_ref idref="oc-7c5"/>
      </symbol>
      <symbol id="sm-1f2f">
         <name>HOSTclose</name>
         <value>0x13455</value>
         <object_component_ref idref="oc-77b"/>
      </symbol>
      <symbol id="sm-1f40">
         <name>HOSTlseek</name>
         <value>0x12f45</value>
         <object_component_ref idref="oc-78d"/>
      </symbol>
      <symbol id="sm-1f52">
         <name>parmbuf</name>
         <value>0x20006e40</value>
      </symbol>
      <symbol id="sm-1f53">
         <name>HOSTopen</name>
         <value>0x13079</value>
         <object_component_ref idref="oc-775"/>
      </symbol>
      <symbol id="sm-1f64">
         <name>HOSTread</name>
         <value>0x13135</value>
         <object_component_ref idref="oc-781"/>
      </symbol>
      <symbol id="sm-1f75">
         <name>HOSTrename</name>
         <value>0x12ed9</value>
         <object_component_ref idref="oc-799"/>
      </symbol>
      <symbol id="sm-1f86">
         <name>HOSTunlink</name>
         <value>0x13499</value>
         <object_component_ref idref="oc-793"/>
      </symbol>
      <symbol id="sm-1f97">
         <name>HOSTwrite</name>
         <value>0x1318d</value>
         <object_component_ref idref="oc-787"/>
      </symbol>
      <symbol id="sm-1fbb">
         <name>__TI_readmsg</name>
         <value>0x13705</value>
         <object_component_ref idref="oc-8ad"/>
      </symbol>
      <symbol id="sm-1fbc">
         <name>C$$IO$$</name>
         <value>0x1368f</value>
         <object_component_ref idref="oc-8a7"/>
      </symbol>
      <symbol id="sm-1fbd">
         <name>__CIOBUF_</name>
         <value>0x20006b70</value>
         <object_component_ref idref="oc-92f"/>
      </symbol>
      <symbol id="sm-1fbe">
         <name>__TI_writemsg</name>
         <value>0x13661</value>
         <object_component_ref idref="oc-8a7"/>
      </symbol>
      <symbol id="sm-1fc8">
         <name>copysign</name>
         <value>0x13935</value>
         <object_component_ref idref="oc-90f"/>
      </symbol>
      <symbol id="sm-1fc9">
         <name>copysignl</name>
         <value>0x13935</value>
         <object_component_ref idref="oc-90f"/>
      </symbol>
      <symbol id="sm-1fd7">
         <name>strcpy</name>
         <value>0x139ad</value>
         <object_component_ref idref="oc-8c1"/>
      </symbol>
      <symbol id="sm-1fd8">
         <name>__TI_static_base__</name>
         <value>0x0</value>
      </symbol>
      <symbol id="sm-1fdb">
         <name>__mpu_init</name>
         <value>0x0</value>
      </symbol>
      <symbol id="sm-1fdc">
         <name>_system_post_cinit</name>
         <value>0x0</value>
      </symbol>
      <symbol id="sm-1fdd">
         <name>NMI_Handler</name>
         <value>0x13a01</value>
      </symbol>
      <symbol id="sm-1fde">
         <name>HardFault_Handler</name>
         <value>0x13a01</value>
      </symbol>
      <symbol id="sm-1fdf">
         <name>MemManage_Handler</name>
         <value>0x13a01</value>
      </symbol>
      <symbol id="sm-1fe0">
         <name>BusFault_Handler</name>
         <value>0x13a01</value>
      </symbol>
      <symbol id="sm-1fe1">
         <name>UsageFault_Handler</name>
         <value>0x13a01</value>
      </symbol>
      <symbol id="sm-1fe2">
         <name>SVC_Handler</name>
         <value>0x13a01</value>
      </symbol>
      <symbol id="sm-1fe3">
         <name>DebugMon_Handler</name>
         <value>0x13a01</value>
      </symbol>
      <symbol id="sm-1fe4">
         <name>PendSV_Handler</name>
         <value>0x13a01</value>
      </symbol>
      <symbol id="sm-1fe5">
         <name>SysTick_Handler</name>
         <value>0xee2d</value>
      </symbol>
      <symbol id="sm-1fe6">
         <name>PSS_IRQHandler</name>
         <value>0x13a01</value>
      </symbol>
      <symbol id="sm-1fe7">
         <name>CS_IRQHandler</name>
         <value>0x13a01</value>
      </symbol>
      <symbol id="sm-1fe8">
         <name>PCM_IRQHandler</name>
         <value>0x13a01</value>
      </symbol>
      <symbol id="sm-1fe9">
         <name>WDT_A_IRQHandler</name>
         <value>0x13a01</value>
      </symbol>
      <symbol id="sm-1fea">
         <name>FPU_IRQHandler</name>
         <value>0x13a01</value>
      </symbol>
      <symbol id="sm-1feb">
         <name>FLCTL_IRQHandler</name>
         <value>0x13a01</value>
      </symbol>
      <symbol id="sm-1fec">
         <name>COMP_E0_IRQHandler</name>
         <value>0x13a01</value>
      </symbol>
      <symbol id="sm-1fed">
         <name>COMP_E1_IRQHandler</name>
         <value>0x13a01</value>
      </symbol>
      <symbol id="sm-1fee">
         <name>TA0_0_IRQHandler</name>
         <value>0x12713</value>
      </symbol>
      <symbol id="sm-1fef">
         <name>TA0_N_IRQHandler</name>
         <value>0x13a01</value>
      </symbol>
      <symbol id="sm-1ff0">
         <name>TA1_0_IRQHandler</name>
         <value>0x127b7</value>
      </symbol>
      <symbol id="sm-1ff1">
         <name>TA1_N_IRQHandler</name>
         <value>0x13a01</value>
      </symbol>
      <symbol id="sm-1ff2">
         <name>TA2_0_IRQHandler</name>
         <value>0x1285f</value>
      </symbol>
      <symbol id="sm-1ff3">
         <name>TA2_N_IRQHandler</name>
         <value>0x13a01</value>
      </symbol>
      <symbol id="sm-1ff4">
         <name>TA3_0_IRQHandler</name>
         <value>0x109a9</value>
      </symbol>
      <symbol id="sm-1ff5">
         <name>TA3_N_IRQHandler</name>
         <value>0x109c3</value>
      </symbol>
      <symbol id="sm-1ff6">
         <name>EUSCIA0_IRQHandler</name>
         <value>0x1130d</value>
      </symbol>
      <symbol id="sm-1ff7">
         <name>EUSCIA1_IRQHandler</name>
         <value>0x13a01</value>
      </symbol>
      <symbol id="sm-1ff8">
         <name>EUSCIA2_IRQHandler</name>
         <value>0x13a01</value>
      </symbol>
      <symbol id="sm-1ff9">
         <name>EUSCIA3_IRQHandler</name>
         <value>0x13a01</value>
      </symbol>
      <symbol id="sm-1ffa">
         <name>EUSCIB0_IRQHandler</name>
         <value>0x13a01</value>
      </symbol>
      <symbol id="sm-1ffb">
         <name>EUSCIB1_IRQHandler</name>
         <value>0x13a01</value>
      </symbol>
      <symbol id="sm-1ffc">
         <name>EUSCIB2_IRQHandler</name>
         <value>0x13a01</value>
      </symbol>
      <symbol id="sm-1ffd">
         <name>EUSCIB3_IRQHandler</name>
         <value>0x13a01</value>
      </symbol>
      <symbol id="sm-1ffe">
         <name>ADC14_IRQHandler</name>
         <value>0x13a01</value>
      </symbol>
      <symbol id="sm-1fff">
         <name>T32_INT1_IRQHandler</name>
         <value>0x13a01</value>
      </symbol>
      <symbol id="sm-2000">
         <name>T32_INT2_IRQHandler</name>
         <value>0x13a01</value>
      </symbol>
      <symbol id="sm-2001">
         <name>T32_INTC_IRQHandler</name>
         <value>0x13a01</value>
      </symbol>
      <symbol id="sm-2002">
         <name>AES256_IRQHandler</name>
         <value>0x13a01</value>
      </symbol>
      <symbol id="sm-2003">
         <name>RTC_C_IRQHandler</name>
         <value>0x13a01</value>
      </symbol>
      <symbol id="sm-2004">
         <name>DMA_ERR_IRQHandler</name>
         <value>0x13a01</value>
      </symbol>
      <symbol id="sm-2005">
         <name>DMA_INT3_IRQHandler</name>
         <value>0x13a01</value>
      </symbol>
      <symbol id="sm-2006">
         <name>DMA_INT2_IRQHandler</name>
         <value>0x13a01</value>
      </symbol>
      <symbol id="sm-2007">
         <name>DMA_INT1_IRQHandler</name>
         <value>0x13a01</value>
      </symbol>
      <symbol id="sm-2008">
         <name>DMA_INT0_IRQHandler</name>
         <value>0x13a01</value>
      </symbol>
      <symbol id="sm-2009">
         <name>PORT1_IRQHandler</name>
         <value>0x3a71</value>
      </symbol>
      <symbol id="sm-200a">
         <name>PORT2_IRQHandler</name>
         <value>0xf485</value>
      </symbol>
      <symbol id="sm-200b">
         <name>PORT3_IRQHandler</name>
         <value>0x13a01</value>
      </symbol>
      <symbol id="sm-200c">
         <name>PORT4_IRQHandler</name>
         <value>0x13a01</value>
      </symbol>
      <symbol id="sm-200d">
         <name>PORT5_IRQHandler</name>
         <value>0x13a01</value>
      </symbol>
      <symbol id="sm-200e">
         <name>PORT6_IRQHandler</name>
         <value>0xd4d9</value>
      </symbol>
      <symbol id="sm-200f">
         <name>remove</name>
         <value>0x1385d</value>
      </symbol>
   </symbol_table>
   <title>Link successful</title>
</link_info>
